Archive member included to satisfy reference by file (symbol)

c:/program files (x86)/atollic/truestudio for arm 8.0.0/armtools/bin/../lib/gcc/arm-atollic-eabi/6.3.1/../../../../arm-atollic-eabi/lib/armv7e-m/fpu\libc_nano.a(lib_a-init.o)
                              startup\startup_stm32f411xe.o (__libc_init_array)
c:/program files (x86)/atollic/truestudio for arm 8.0.0/armtools/bin/../lib/gcc/arm-atollic-eabi/6.3.1/../../../../arm-atollic-eabi/lib/armv7e-m/fpu\libc_nano.a(lib_a-malloc.o)
                              LRNDIS\src\usbd_conf.o (free)
c:/program files (x86)/atollic/truestudio for arm 8.0.0/armtools/bin/../lib/gcc/arm-atollic-eabi/6.3.1/../../../../arm-atollic-eabi/lib/armv7e-m/fpu\libc_nano.a(lib_a-memcmp.o)
                              WEB\dhcp-server\dhserver.o (memcmp)
c:/program files (x86)/atollic/truestudio for arm 8.0.0/armtools/bin/../lib/gcc/arm-atollic-eabi/6.3.1/../../../../arm-atollic-eabi/lib/armv7e-m/fpu\libc_nano.a(lib_a-memcpy-stub.o)
                              LRNDIS\src\usbd_rndis.o (memcpy)
c:/program files (x86)/atollic/truestudio for arm 8.0.0/armtools/bin/../lib/gcc/arm-atollic-eabi/6.3.1/../../../../arm-atollic-eabi/lib/armv7e-m/fpu\libc_nano.a(lib_a-memset.o)
                              LRNDIS\src\usbd_rndis.o (memset)
c:/program files (x86)/atollic/truestudio for arm 8.0.0/armtools/bin/../lib/gcc/arm-atollic-eabi/6.3.1/../../../../arm-atollic-eabi/lib/armv7e-m/fpu\libc_nano.a(lib_a-nano-freer.o)
                              c:/program files (x86)/atollic/truestudio for arm 8.0.0/armtools/bin/../lib/gcc/arm-atollic-eabi/6.3.1/../../../../arm-atollic-eabi/lib/armv7e-m/fpu\libc_nano.a(lib_a-malloc.o) (_free_r)
c:/program files (x86)/atollic/truestudio for arm 8.0.0/armtools/bin/../lib/gcc/arm-atollic-eabi/6.3.1/../../../../arm-atollic-eabi/lib/armv7e-m/fpu\libc_nano.a(lib_a-nano-mallocr.o)
                              c:/program files (x86)/atollic/truestudio for arm 8.0.0/armtools/bin/../lib/gcc/arm-atollic-eabi/6.3.1/../../../../arm-atollic-eabi/lib/armv7e-m/fpu\libc_nano.a(lib_a-malloc.o) (_malloc_r)
c:/program files (x86)/atollic/truestudio for arm 8.0.0/armtools/bin/../lib/gcc/arm-atollic-eabi/6.3.1/../../../../arm-atollic-eabi/lib/armv7e-m/fpu\libc_nano.a(lib_a-sbrkr.o)
                              c:/program files (x86)/atollic/truestudio for arm 8.0.0/armtools/bin/../lib/gcc/arm-atollic-eabi/6.3.1/../../../../arm-atollic-eabi/lib/armv7e-m/fpu\libc_nano.a(lib_a-nano-mallocr.o) (_sbrk_r)
c:/program files (x86)/atollic/truestudio for arm 8.0.0/armtools/bin/../lib/gcc/arm-atollic-eabi/6.3.1/../../../../arm-atollic-eabi/lib/armv7e-m/fpu\libc_nano.a(lib_a-strcmp.o)
                              Src\communication.o (strcmp)
c:/program files (x86)/atollic/truestudio for arm 8.0.0/armtools/bin/../lib/gcc/arm-atollic-eabi/6.3.1/../../../../arm-atollic-eabi/lib/armv7e-m/fpu\libc_nano.a(lib_a-strlen.o)
                              WEB\dhcp-server\dhserver.o (strlen)
c:/program files (x86)/atollic/truestudio for arm 8.0.0/armtools/bin/../lib/gcc/arm-atollic-eabi/6.3.1/../../../../arm-atollic-eabi/lib/armv7e-m/fpu\libc_nano.a(lib_a-impure.o)
                              c:/program files (x86)/atollic/truestudio for arm 8.0.0/armtools/bin/../lib/gcc/arm-atollic-eabi/6.3.1/../../../../arm-atollic-eabi/lib/armv7e-m/fpu\libc_nano.a(lib_a-malloc.o) (_impure_ptr)
c:/program files (x86)/atollic/truestudio for arm 8.0.0/armtools/bin/../lib/gcc/arm-atollic-eabi/6.3.1/../../../../arm-atollic-eabi/lib/armv7e-m/fpu\libc_nano.a(lib_a-mlock.o)
                              c:/program files (x86)/atollic/truestudio for arm 8.0.0/armtools/bin/../lib/gcc/arm-atollic-eabi/6.3.1/../../../../arm-atollic-eabi/lib/armv7e-m/fpu\libc_nano.a(lib_a-nano-freer.o) (__malloc_lock)
c:/program files (x86)/atollic/truestudio for arm 8.0.0/armtools/bin/../lib/gcc/arm-atollic-eabi/6.3.1/../../../../arm-atollic-eabi/lib/armv7e-m/fpu\libc_nano.a(lib_a-reent.o)
                              c:/program files (x86)/atollic/truestudio for arm 8.0.0/armtools/bin/../lib/gcc/arm-atollic-eabi/6.3.1/../../../../arm-atollic-eabi/lib/armv7e-m/fpu\libc_nano.a(lib_a-sbrkr.o) (errno)
c:/program files (x86)/atollic/truestudio for arm 8.0.0/armtools/bin/../lib/gcc/arm-atollic-eabi/6.3.1/armv7e-m/fpu\libgcc.a(_aeabi_ldivmod.o)
                              Src\time.o (__aeabi_ldivmod)
c:/program files (x86)/atollic/truestudio for arm 8.0.0/armtools/bin/../lib/gcc/arm-atollic-eabi/6.3.1/armv7e-m/fpu\libgcc.a(_aeabi_uldivmod.o)
                              Drivers\STM32F4xx_HAL_Driver\Src\stm32f4xx_hal_rcc.o (__aeabi_uldivmod)
c:/program files (x86)/atollic/truestudio for arm 8.0.0/armtools/bin/../lib/gcc/arm-atollic-eabi/6.3.1/armv7e-m/fpu\libgcc.a(_udivmoddi4.o)
                              c:/program files (x86)/atollic/truestudio for arm 8.0.0/armtools/bin/../lib/gcc/arm-atollic-eabi/6.3.1/armv7e-m/fpu\libgcc.a(_aeabi_ldivmod.o) (__udivmoddi4)
[...]
Memory Configuration

Name             Origin             Length             Attributes
RAM              0x20000000         0x00020000         xrw
FLASH            0x08000000         0x00080000         xr
*default*        0x00000000         0xffffffff

Linker script and memory map

LOAD c:/program files (x86)/atollic/truestudio for arm 8.0.0/armtools/bin/../lib/gcc/arm-atollic-eabi/6.3.1/armv7e-m/fpu/crti.o
LOAD c:/program files (x86)/atollic/truestudio for arm 8.0.0/armtools/bin/../lib/gcc/arm-atollic-eabi/6.3.1/armv7e-m/fpu/crtbegin.o
LOAD Drivers\STM32F4xx_HAL_Driver\Src\stm32f4xx_hal.o
LOAD Drivers\STM32F4xx_HAL_Driver\Src\stm32f4xx_hal_cortex.o
LOAD Drivers\STM32F4xx_HAL_Driver\Src\stm32f4xx_hal_dma.o
LOAD Drivers\STM32F4xx_HAL_Driver\Src\stm32f4xx_hal_dma_ex.o
LOAD Drivers\STM32F4xx_HAL_Driver\Src\stm32f4xx_hal_flash.o
LOAD Drivers\STM32F4xx_HAL_Driver\Src\stm32f4xx_hal_flash_ex.o
LOAD Drivers\STM32F4xx_HAL_Driver\Src\stm32f4xx_hal_flash_ramfunc.o
LOAD Drivers\STM32F4xx_HAL_Driver\Src\stm32f4xx_hal_gpio.o
LOAD Drivers\STM32F4xx_HAL_Driver\Src\stm32f4xx_hal_pcd.o
LOAD Drivers\STM32F4xx_HAL_Driver\Src\stm32f4xx_hal_pcd_ex.o
LOAD Drivers\STM32F4xx_HAL_Driver\Src\stm32f4xx_hal_pwr.o
LOAD Drivers\STM32F4xx_HAL_Driver\Src\stm32f4xx_hal_pwr_ex.o
LOAD Drivers\STM32F4xx_HAL_Driver\Src\stm32f4xx_hal_rcc.o
LOAD Drivers\STM32F4xx_HAL_Driver\Src\stm32f4xx_hal_rcc_ex.o
LOAD Drivers\STM32F4xx_HAL_Driver\Src\stm32f4xx_hal_tim.o
LOAD Drivers\STM32F4xx_HAL_Driver\Src\stm32f4xx_hal_tim_ex.o
LOAD Drivers\STM32F4xx_HAL_Driver\Src\stm32f4xx_ll_usb.o
LOAD LRNDIS\src\usb_device.o
LOAD LRNDIS\src\usbd_conf.o
LOAD LRNDIS\src\usbd_desc.o
LOAD LRNDIS\src\usbd_rndis.o
LOAD Middlewares\ST\STM32_USB_Device_Library\Core\Src\usbd_core.o
LOAD Middlewares\ST\STM32_USB_Device_Library\Core\Src\usbd_ctlreq.o
LOAD Middlewares\ST\STM32_USB_Device_Library\Core\Src\usbd_ioreq.o
LOAD Src\communication.o
LOAD Src\hw_config.o
LOAD Src\main.o
LOAD Src\stm32f4xx_hal_msp.o
LOAD Src\stm32f4xx_it.o
LOAD Src\system_stm32f4xx.o
LOAD Src\time.o
LOAD WEB\dhcp-server\dhserver.o
LOAD WEB\dns-server\dnserver.o
LOAD WEB\lwip-1.4.1\src\api\api_lib.o
LOAD WEB\lwip-1.4.1\src\api\api_msg.o
LOAD WEB\lwip-1.4.1\src\api\err.o
LOAD WEB\lwip-1.4.1\src\api\netbuf.o
LOAD WEB\lwip-1.4.1\src\api\netdb.o
LOAD WEB\lwip-1.4.1\src\api\netifapi.o
LOAD WEB\lwip-1.4.1\src\api\sockets.o
LOAD WEB\lwip-1.4.1\src\api\tcpip.o
LOAD WEB\lwip-1.4.1\src\core\def.o
LOAD WEB\lwip-1.4.1\src\core\dhcp.o
LOAD WEB\lwip-1.4.1\src\core\dns.o
LOAD WEB\lwip-1.4.1\src\core\init.o
LOAD WEB\lwip-1.4.1\src\core\ipv4\autoip.o
LOAD WEB\lwip-1.4.1\src\core\ipv4\icmp.o
LOAD WEB\lwip-1.4.1\src\core\ipv4\igmp.o
LOAD WEB\lwip-1.4.1\src\core\ipv4\inet.o
LOAD WEB\lwip-1.4.1\src\core\ipv4\inet_chksum.o
LOAD WEB\lwip-1.4.1\src\core\ipv4\ip.o
LOAD WEB\lwip-1.4.1\src\core\ipv4\ip_addr.o
LOAD WEB\lwip-1.4.1\src\core\ipv4\ip_frag.o
LOAD WEB\lwip-1.4.1\src\core\mem.o
LOAD WEB\lwip-1.4.1\src\core\memp.o
LOAD WEB\lwip-1.4.1\src\core\netif.o
LOAD WEB\lwip-1.4.1\src\core\pbuf.o
LOAD WEB\lwip-1.4.1\src\core\raw.o
LOAD WEB\lwip-1.4.1\src\core\snmp\asn1_dec.o
LOAD WEB\lwip-1.4.1\src\core\snmp\asn1_enc.o
LOAD WEB\lwip-1.4.1\src\core\snmp\mib2.o
LOAD WEB\lwip-1.4.1\src\core\snmp\mib_structs.o
LOAD WEB\lwip-1.4.1\src\core\snmp\msg_in.o
LOAD WEB\lwip-1.4.1\src\core\snmp\msg_out.o
LOAD WEB\lwip-1.4.1\src\core\stats.o
LOAD WEB\lwip-1.4.1\src\core\sys.o
LOAD WEB\lwip-1.4.1\src\core\tcp.o
LOAD WEB\lwip-1.4.1\src\core\tcp_in.o
LOAD WEB\lwip-1.4.1\src\core\tcp_out.o
LOAD WEB\lwip-1.4.1\src\core\timers.o
LOAD WEB\lwip-1.4.1\src\core\udp.o
LOAD WEB\lwip-1.4.1\src\netif\etharp.o
LOAD WEB\lwip-1.4.1\src\netif\ethernetif.o
LOAD WEB\lwip-1.4.1\src\netif\ppp\auth.o
LOAD WEB\lwip-1.4.1\src\netif\ppp\chap.o
LOAD WEB\lwip-1.4.1\src\netif\ppp\chpms.o
LOAD WEB\lwip-1.4.1\src\netif\ppp\fsm.o
LOAD WEB\lwip-1.4.1\src\netif\ppp\ipcp.o
LOAD WEB\lwip-1.4.1\src\netif\ppp\lcp.o
LOAD WEB\lwip-1.4.1\src\netif\ppp\magic.o
LOAD WEB\lwip-1.4.1\src\netif\ppp\md5.o
LOAD WEB\lwip-1.4.1\src\netif\ppp\pap.o
LOAD WEB\lwip-1.4.1\src\netif\ppp\ppp.o
LOAD WEB\lwip-1.4.1\src\netif\ppp\ppp_oe.o
LOAD WEB\lwip-1.4.1\src\netif\ppp\randm.o
LOAD WEB\lwip-1.4.1\src\netif\ppp\vj.o
LOAD WEB\lwip-1.4.1\src\netif\slipif.o
LOAD startup\startup_stm32f411xe.o
                0x00000080                malloc_getpagesize_P = 0x80
START GROUP
LOAD c:/program files (x86)/atollic/truestudio for arm 8.0.0/armtools/bin/../lib/gcc/arm-atollic-eabi/6.3.1/../../../../arm-atollic-eabi/lib/armv7e-m/fpu\libc_nano.a
LOAD c:/program files (x86)/atollic/truestudio for arm 8.0.0/armtools/bin/../lib/gcc/arm-atollic-eabi/6.3.1/../../../../arm-atollic-eabi/lib/armv7e-m/fpu\libm.a
END GROUP
START GROUP
LOAD c:/program files (x86)/atollic/truestudio for arm 8.0.0/armtools/bin/../lib/gcc/arm-atollic-eabi/6.3.1/armv7e-m/fpu\libgcc.a
LOAD c:/program files (x86)/atollic/truestudio for arm 8.0.0/armtools/bin/../lib/gcc/arm-atollic-eabi/6.3.1/../../../../arm-atollic-eabi/lib/armv7e-m/fpu\libc_nano.a
END GROUP
START GROUP
LOAD c:/program files (x86)/atollic/truestudio for arm 8.0.0/armtools/bin/../lib/gcc/arm-atollic-eabi/6.3.1/armv7e-m/fpu\libgcc.a
LOAD c:/program files (x86)/atollic/truestudio for arm 8.0.0/armtools/bin/../lib/gcc/arm-atollic-eabi/6.3.1/../../../../arm-atollic-eabi/lib/armv7e-m/fpu\libc_nano.a
LOAD c:/program files (x86)/atollic/truestudio for arm 8.0.0/armtools/bin/../lib/gcc/arm-atollic-eabi/6.3.1/../../../../arm-atollic-eabi/lib/armv7e-m/fpu\libnosys.a
END GROUP
START GROUP
LOAD c:/program files (x86)/atollic/truestudio for arm 8.0.0/armtools/bin/../lib/gcc/arm-atollic-eabi/6.3.1/armv7e-m/fpu\libgcc.a
LOAD c:/program files (x86)/atollic/truestudio for arm 8.0.0/armtools/bin/../lib/gcc/arm-atollic-eabi/6.3.1/../../../../arm-atollic-eabi/lib/armv7e-m/fpu\libc_nano.a
LOAD c:/program files (x86)/atollic/truestudio for arm 8.0.0/armtools/bin/../lib/gcc/arm-atollic-eabi/6.3.1/../../../../arm-atollic-eabi/lib/armv7e-m/fpu\libnosys.a
END GROUP
LOAD c:/program files (x86)/atollic/truestudio for arm 8.0.0/armtools/bin/../lib/gcc/arm-atollic-eabi/6.3.1/armv7e-m/fpu/crtend.o
LOAD c:/program files (x86)/atollic/truestudio for arm 8.0.0/armtools/bin/../lib/gcc/arm-atollic-eabi/6.3.1/armv7e-m/fpu/crtn.o
                0x20020000                _estack = 0x20020000
                0x00000200                _Min_Heap_Size = 0x200
                0x00000400                _Min_Stack_Size = 0x400

.isr_vector     0x08000000      0x198
                0x08000000                . = ALIGN (0x4)
 *(.isr_vector)
 .isr_vector    0x08000000      0x198 startup\startup_stm32f411xe.o
                0x08000000                g_pfnVectors
                0x08000198                . = ALIGN (0x4)

.text           0x08000198     0x7a7c
                0x08000198                . = ALIGN (0x4)
 *(.text)
 .text          0x08000198       0x40 c:/program files (x86)/atollic/truestudio for arm 8.0.0/armtools/bin/../lib/gcc/arm-atollic-eabi/6.3.1/armv7e-m/fpu/crtbegin.o
 .text          0x080001d8       0x14 c:/program files (x86)/atollic/truestudio for arm 8.0.0/armtools/bin/../lib/gcc/arm-atollic-eabi/6.3.1/../../../../arm-atollic-eabi/lib/armv7e-m/fpu\libc_nano.a(lib_a-strcmp.o)
                0x080001d8                strcmp
 .text          0x080001ec       0x10 c:/program files (x86)/atollic/truestudio for arm 8.0.0/armtools/bin/../lib/gcc/arm-atollic-eabi/6.3.1/../../../../arm-atollic-eabi/lib/armv7e-m/fpu\libc_nano.a(lib_a-strlen.o)
                0x080001ec                strlen
 .text          0x080001fc       0xa0 c:/program files (x86)/atollic/truestudio for arm 8.0.0/armtools/bin/../lib/gcc/arm-atollic-eabi/6.3.1/armv7e-m/fpu\libgcc.a(_aeabi_ldivmod.o)
                0x080001fc                __aeabi_ldivmod
 .text          0x0800029c       0x30 c:/program files (x86)/atollic/truestudio for arm 8.0.0/armtools/bin/../lib/gcc/arm-atollic-eabi/6.3.1/armv7e-m/fpu\libgcc.a(_aeabi_uldivmod.o)
                0x0800029c                __aeabi_uldivmod
 .text          0x080002cc      0x2dc c:/program files (x86)/atollic/truestudio for arm 8.0.0/armtools/bin/../lib/gcc/arm-atollic-eabi/6.3.1/armv7e-m/fpu\libgcc.a(_udivmoddi4.o)
                0x080002cc                __udivmoddi4
 .text          0x080005a8        0x4 c:/program files (x86)/atollic/truestudio for arm 8.0.0/armtools/bin/../lib/gcc/arm-atollic-eabi/6.3.1/armv7e-m/fpu\libgcc.a(_dvmd_tls.o)
                0x080005a8                __aeabi_idiv0
                0x080005a8                __aeabi_ldiv0
 *(.text*)
 .text.HAL_InitTick
                0x080005ac       0x28 Drivers\STM32F4xx_HAL_Driver\Src\stm32f4xx_hal.o
                0x080005ac                HAL_InitTick
 .text.HAL_Init
                0x080005d4       0x34 Drivers\STM32F4xx_HAL_Driver\Src\stm32f4xx_hal.o
                0x080005d4                HAL_Init
 .text.HAL_IncTick
                0x08000608       0x10 Drivers\STM32F4xx_HAL_Driver\Src\stm32f4xx_hal.o
                0x08000608                HAL_IncTick
 .text.HAL_GetTick
                0x08000618        0xc Drivers\STM32F4xx_HAL_Driver\Src\stm32f4xx_hal.o
                0x08000618                HAL_GetTick
 .text.HAL_Delay
                0x08000624       0x20 Drivers\STM32F4xx_HAL_Driver\Src\stm32f4xx_hal.o
                0x08000624                HAL_Delay
 .text.HAL_NVIC_SetPriorityGrouping
                0x08000644       0x24 Drivers\STM32F4xx_HAL_Driver\Src\stm32f4xx_hal_cortex.o
                0x08000644                HAL_NVIC_SetPriorityGrouping
 .text.HAL_NVIC_SetPriority
                0x08000668       0x68 Drivers\STM32F4xx_HAL_Driver\Src\stm32f4xx_hal_cortex.o
                0x08000668                HAL_NVIC_SetPriority
 .text.HAL_NVIC_EnableIRQ
                0x080006d0       0x18 Drivers\STM32F4xx_HAL_Driver\Src\stm32f4xx_hal_cortex.o
                0x080006d0                HAL_NVIC_EnableIRQ
 .text.HAL_SYSTICK_Config
                0x080006e8       0x2c Drivers\STM32F4xx_HAL_Driver\Src\stm32f4xx_hal_cortex.o
                0x080006e8                HAL_SYSTICK_Config
 .text.HAL_SYSTICK_CLKSourceConfig
                0x08000714       0x18 Drivers\STM32F4xx_HAL_Driver\Src\stm32f4xx_hal_cortex.o
                0x08000714                HAL_SYSTICK_CLKSourceConfig
 .text.HAL_SYSTICK_IRQHandler
                0x0800072c        0x8 Drivers\STM32F4xx_HAL_Driver\Src\stm32f4xx_hal_cortex.o
                0x0800072c                HAL_SYSTICK_IRQHandler
 .text.HAL_GPIO_Init
                0x08000734      0x1ac Drivers\STM32F4xx_HAL_Driver\Src\stm32f4xx_hal_gpio.o
                0x08000734                HAL_GPIO_Init
 .text.HAL_PCD_Init
                0x080008e0       0xd8 Drivers\STM32F4xx_HAL_Driver\Src\stm32f4xx_hal_pcd.o
                0x080008e0                HAL_PCD_Init
 .text.HAL_PCD_Start
                0x080009b8       0x2a Drivers\STM32F4xx_HAL_Driver\Src\stm32f4xx_hal_pcd.o
                0x080009b8                HAL_PCD_Start
 *fill*         0x080009e2        0x2 
 .text.HAL_PCD_IRQHandler
                0x080009e4      0x558 Drivers\STM32F4xx_HAL_Driver\Src\stm32f4xx_hal_pcd.o
                0x080009e4                HAL_PCD_IRQHandler
 .text.HAL_PCD_SetAddress
                0x08000f3c       0x24 Drivers\STM32F4xx_HAL_Driver\Src\stm32f4xx_hal_pcd.o
                0x08000f3c                HAL_PCD_SetAddress
 .text.HAL_PCD_EP_Open
                0x08000f60       0x5c Drivers\STM32F4xx_HAL_Driver\Src\stm32f4xx_hal_pcd.o
                0x08000f60                HAL_PCD_EP_Open
 .text.HAL_PCD_EP_Close
                0x08000fbc       0x46 Drivers\STM32F4xx_HAL_Driver\Src\stm32f4xx_hal_pcd.o
                0x08000fbc                HAL_PCD_EP_Close
 .text.HAL_PCD_EP_Receive
                0x08001002       0x48 Drivers\STM32F4xx_HAL_Driver\Src\stm32f4xx_hal_pcd.o
                0x08001002                HAL_PCD_EP_Receive
 .text.HAL_PCD_EP_Transmit
                0x0800104a       0x40 Drivers\STM32F4xx_HAL_Driver\Src\stm32f4xx_hal_pcd.o
                0x0800104a                HAL_PCD_EP_Transmit
 .text.HAL_PCD_EP_SetStall
                0x0800108a       0x58 Drivers\STM32F4xx_HAL_Driver\Src\stm32f4xx_hal_pcd.o
                0x0800108a                HAL_PCD_EP_SetStall
 .text.HAL_PCD_EP_ClrStall
                0x080010e2       0x4a Drivers\STM32F4xx_HAL_Driver\Src\stm32f4xx_hal_pcd.o
                0x080010e2                HAL_PCD_EP_ClrStall
 .text.HAL_RCC_OscConfig
                0x0800112c      0x2ec Drivers\STM32F4xx_HAL_Driver\Src\stm32f4xx_hal_rcc.o
                0x0800112c                HAL_RCC_OscConfig
 .text.HAL_RCC_GetSysClockFreq
                0x08001418       0x5c Drivers\STM32F4xx_HAL_Driver\Src\stm32f4xx_hal_rcc.o
                0x08001418                HAL_RCC_GetSysClockFreq
 .text.HAL_RCC_ClockConfig
                0x08001474      0x134 Drivers\STM32F4xx_HAL_Driver\Src\stm32f4xx_hal_rcc.o
                0x08001474                HAL_RCC_ClockConfig
 .text.HAL_RCC_GetHCLKFreq
                0x080015a8        0xc Drivers\STM32F4xx_HAL_Driver\Src\stm32f4xx_hal_rcc.o
                0x080015a8                HAL_RCC_GetHCLKFreq
 .text.USB_CoreInit
                0x080015b4       0x74 Drivers\STM32F4xx_HAL_Driver\Src\stm32f4xx_ll_usb.o
                0x080015b4                USB_CoreInit
 .text.USB_EnableGlobalInt
                0x08001628        0xc Drivers\STM32F4xx_HAL_Driver\Src\stm32f4xx_ll_usb.o
                0x08001628                USB_EnableGlobalInt
 .text.USB_DisableGlobalInt
                0x08001634        0xc Drivers\STM32F4xx_HAL_Driver\Src\stm32f4xx_ll_usb.o
                0x08001634                USB_DisableGlobalInt
 .text.USB_SetCurrentMode
                0x08001640       0x2e Drivers\STM32F4xx_HAL_Driver\Src\stm32f4xx_ll_usb.o
                0x08001640                USB_SetCurrentMode
 *fill*         0x0800166e        0x2 
 .text.USB_DevInit
                0x08001670      0x138 Drivers\STM32F4xx_HAL_Driver\Src\stm32f4xx_ll_usb.o
                0x08001670                USB_DevInit
 .text.USB_FlushTxFifo
                0x080017a8       0x24 Drivers\STM32F4xx_HAL_Driver\Src\stm32f4xx_ll_usb.o
                0x080017a8                USB_FlushTxFifo
 .text.USB_FlushRxFifo
                0x080017cc       0x20 Drivers\STM32F4xx_HAL_Driver\Src\stm32f4xx_ll_usb.o
                0x080017cc                USB_FlushRxFifo
 .text.USB_SetDevSpeed
                0x080017ec        0xe Drivers\STM32F4xx_HAL_Driver\Src\stm32f4xx_ll_usb.o
                0x080017ec                USB_SetDevSpeed
 .text.USB_GetDevSpeed
                0x080017fa       0x36 Drivers\STM32F4xx_HAL_Driver\Src\stm32f4xx_ll_usb.o
                0x080017fa                USB_GetDevSpeed
 .text.USB_ActivateEndpoint
                0x08001830       0x7e Drivers\STM32F4xx_HAL_Driver\Src\stm32f4xx_ll_usb.o
                0x08001830                USB_ActivateEndpoint
 .text.USB_DeactivateEndpoint
                0x080018ae        0x4 Drivers\STM32F4xx_HAL_Driver\Src\stm32f4xx_ll_usb.o
                0x080018ae                USB_DeactivateEndpoint
 *fill*         0x080018b2        0x2 
 .text.USB_DeactivateDedicatedEndpoint
                0x080018b4       0xb0 Drivers\STM32F4xx_HAL_Driver\Src\stm32f4xx_ll_usb.o
                0x080018b4                USB_DeactivateDedicatedEndpoint
 .text.USB_EPStartXfer
                0x08001964      0x18c Drivers\STM32F4xx_HAL_Driver\Src\stm32f4xx_ll_usb.o
                0x08001964                USB_EPStartXfer
 .text.USB_EP0StartXfer
                0x08001af0       0xda Drivers\STM32F4xx_HAL_Driver\Src\stm32f4xx_ll_usb.o
                0x08001af0                USB_EP0StartXfer
 .text.USB_WritePacket
                0x08001bca       0x28 Drivers\STM32F4xx_HAL_Driver\Src\stm32f4xx_ll_usb.o
                0x08001bca                USB_WritePacket
 .text.USB_ReadPacket
                0x08001bf2       0x1c Drivers\STM32F4xx_HAL_Driver\Src\stm32f4xx_ll_usb.o
                0x08001bf2                USB_ReadPacket
 .text.USB_EPSetStall
                0x08001c0e       0x3e Drivers\STM32F4xx_HAL_Driver\Src\stm32f4xx_ll_usb.o
                0x08001c0e                USB_EPSetStall
 .text.USB_EPClearStall
                0x08001c4c       0x32 Drivers\STM32F4xx_HAL_Driver\Src\stm32f4xx_ll_usb.o
                0x08001c4c                USB_EPClearStall
 .text.USB_SetDevAddress
                0x08001c7e       0x20 Drivers\STM32F4xx_HAL_Driver\Src\stm32f4xx_ll_usb.o
                0x08001c7e                USB_SetDevAddress
 .text.USB_DevConnect
                0x08001c9e       0x18 Drivers\STM32F4xx_HAL_Driver\Src\stm32f4xx_ll_usb.o
                0x08001c9e                USB_DevConnect
 .text.USB_DevDisconnect
                0x08001cb6       0x18 Drivers\STM32F4xx_HAL_Driver\Src\stm32f4xx_ll_usb.o
                0x08001cb6                USB_DevDisconnect
 .text.USB_ReadInterrupts
                0x08001cce        0x8 Drivers\STM32F4xx_HAL_Driver\Src\stm32f4xx_ll_usb.o
                0x08001cce                USB_ReadInterrupts
 .text.USB_ReadDevAllOutEpInterrupt
                0x08001cd6       0x10 Drivers\STM32F4xx_HAL_Driver\Src\stm32f4xx_ll_usb.o
                0x08001cd6                USB_ReadDevAllOutEpInterrupt
 .text.USB_ReadDevAllInEpInterrupt
                0x08001ce6       0x10 Drivers\STM32F4xx_HAL_Driver\Src\stm32f4xx_ll_usb.o
                0x08001ce6                USB_ReadDevAllInEpInterrupt
 .text.USB_ReadDevOutEPInterrupt
                0x08001cf6       0x14 Drivers\STM32F4xx_HAL_Driver\Src\stm32f4xx_ll_usb.o
                0x08001cf6                USB_ReadDevOutEPInterrupt
 .text.USB_ReadDevInEPInterrupt
                0x08001d0a       0x20 Drivers\STM32F4xx_HAL_Driver\Src\stm32f4xx_ll_usb.o
                0x08001d0a                USB_ReadDevInEPInterrupt
 .text.USB_GetMode
                0x08001d2a        0x8 Drivers\STM32F4xx_HAL_Driver\Src\stm32f4xx_ll_usb.o
                0x08001d2a                USB_GetMode
 .text.USB_ActivateSetup
                0x08001d32       0x36 Drivers\STM32F4xx_HAL_Driver\Src\stm32f4xx_ll_usb.o
                0x08001d32                USB_ActivateSetup
 .text.USB_EP0_OutStart
                0x08001d68       0x46 Drivers\STM32F4xx_HAL_Driver\Src\stm32f4xx_ll_usb.o
                0x08001d68                USB_EP0_OutStart
 *fill*         0x08001dae        0x2 
 .text.USB_CoreReset
                0x08001db0       0x30 Drivers\STM32F4xx_HAL_Driver\Src\stm32f4xx_ll_usb.o
 .text.USB_DEVICE_Init
                0x08001de0       0x2c LRNDIS\src\usb_device.o
                0x08001de0                USB_DEVICE_Init
 .text.HAL_PCD_MspInit
                0x08001e0c       0x78 LRNDIS\src\usbd_conf.o
                0x08001e0c                HAL_PCD_MspInit
 .text.HAL_PCD_SetupStageCallback
                0x08001e84        0xc LRNDIS\src\usbd_conf.o
                0x08001e84                HAL_PCD_SetupStageCallback
 .text.HAL_PCD_DataOutStageCallback
                0x08001e90       0x12 LRNDIS\src\usbd_conf.o
                0x08001e90                HAL_PCD_DataOutStageCallback
 .text.HAL_PCD_DataInStageCallback
                0x08001ea2       0x10 LRNDIS\src\usbd_conf.o
                0x08001ea2                HAL_PCD_DataInStageCallback
 .text.HAL_PCD_SOFCallback
                0x08001eb2        0x8 LRNDIS\src\usbd_conf.o
                0x08001eb2                HAL_PCD_SOFCallback
 .text.HAL_PCD_ResetCallback
                0x08001eba       0x1a LRNDIS\src\usbd_conf.o
                0x08001eba                HAL_PCD_ResetCallback
 .text.HAL_PCD_SuspendCallback
                0x08001ed4       0x20 LRNDIS\src\usbd_conf.o
                0x08001ed4                HAL_PCD_SuspendCallback
 .text.HAL_PCD_ResumeCallback
                0x08001ef4        0x8 LRNDIS\src\usbd_conf.o
                0x08001ef4                HAL_PCD_ResumeCallback
 .text.HAL_PCD_ISOOUTIncompleteCallback
                0x08001efc        0x8 LRNDIS\src\usbd_conf.o
                0x08001efc                HAL_PCD_ISOOUTIncompleteCallback
 .text.HAL_PCD_ISOINIncompleteCallback
                0x08001f04        0x8 LRNDIS\src\usbd_conf.o
                0x08001f04                HAL_PCD_ISOINIncompleteCallback
 .text.HAL_PCD_ConnectCallback
                0x08001f0c        0x8 LRNDIS\src\usbd_conf.o
                0x08001f0c                HAL_PCD_ConnectCallback
 .text.HAL_PCD_DisconnectCallback
                0x08001f14        0x8 LRNDIS\src\usbd_conf.o
                0x08001f14                HAL_PCD_DisconnectCallback
 .text.USBD_LL_Init
                0x08001f1c       0x34 LRNDIS\src\usbd_conf.o
                0x08001f1c                USBD_LL_Init
 .text.USBD_LL_Start
                0x08001f50        0xe LRNDIS\src\usbd_conf.o
                0x08001f50                USBD_LL_Start
 .text.USBD_LL_OpenEP
                0x08001f5e       0x14 LRNDIS\src\usbd_conf.o
                0x08001f5e                USBD_LL_OpenEP
 .text.USBD_LL_CloseEP
                0x08001f72        0xe LRNDIS\src\usbd_conf.o
                0x08001f72                USBD_LL_CloseEP
 .text.USBD_LL_StallEP
                0x08001f80        0xe LRNDIS\src\usbd_conf.o
                0x08001f80                USBD_LL_StallEP
 .text.USBD_LL_ClearStallEP
                0x08001f8e        0xe LRNDIS\src\usbd_conf.o
                0x08001f8e                USBD_LL_ClearStallEP
 .text.USBD_LL_IsStallEP
                0x08001f9c       0x26 LRNDIS\src\usbd_conf.o
                0x08001f9c                USBD_LL_IsStallEP
 .text.USBD_LL_SetUSBAddress
                0x08001fc2        0xe LRNDIS\src\usbd_conf.o
                0x08001fc2                USBD_LL_SetUSBAddress
 .text.USBD_LL_Transmit
                0x08001fd0        0xe LRNDIS\src\usbd_conf.o
                0x08001fd0                USBD_LL_Transmit
 .text.USBD_LL_PrepareReceive
                0x08001fde        0xe LRNDIS\src\usbd_conf.o
                0x08001fde                USBD_LL_PrepareReceive
 .text.USBD_FS_DeviceDescriptor
                0x08001fec        0xc LRNDIS\src\usbd_desc.o
                0x08001fec                USBD_FS_DeviceDescriptor
 .text.USBD_FS_LangIDStrDescriptor
                0x08001ff8        0xc LRNDIS\src\usbd_desc.o
                0x08001ff8                USBD_FS_LangIDStrDescriptor
 .text.USBD_FS_ManufacturerStrDescriptor
                0x08002004       0x1c LRNDIS\src\usbd_desc.o
                0x08002004                USBD_FS_ManufacturerStrDescriptor
 .text.USBD_FS_ProductStrDescriptor
                0x08002020       0x1c LRNDIS\src\usbd_desc.o
                0x08002020                USBD_FS_ProductStrDescriptor
 .text.USBD_FS_SerialStrDescriptor
                0x0800203c       0x1c LRNDIS\src\usbd_desc.o
                0x0800203c                USBD_FS_SerialStrDescriptor
 .text.USBD_FS_ConfigStrDescriptor
                0x08002058       0x1c LRNDIS\src\usbd_desc.o
                0x08002058                USBD_FS_ConfigStrDescriptor
 .text.USBD_FS_InterfaceStrDescriptor
                0x08002074       0x1c LRNDIS\src\usbd_desc.o
                0x08002074                USBD_FS_InterfaceStrDescriptor
 .text.usbd_rndis_sof
                0x08002090        0x4 LRNDIS\src\usbd_rndis.o
 .text.rndis_iso_out_incomplete
                0x08002094        0x4 LRNDIS\src\usbd_rndis.o
 .text.usbd_rndis_GetDeviceQualifierDesc
                0x08002098        0xc LRNDIS\src\usbd_rndis.o
 .text.usbd_rndis_GetCfgDesc
                0x080020a4        0xc LRNDIS\src\usbd_rndis.o
 .text.usbd_rndis_deinit
                0x080020b0       0x1e LRNDIS\src\usbd_rndis.o
 *fill*         0x080020ce        0x2 
 .text.usbd_rndis_setup
                0x080020d0       0x2c LRNDIS\src\usbd_rndis.o
 .text.rndis_iso_in_incomplete
                0x080020fc        0x4 LRNDIS\src\usbd_rndis.o
 .text.rndis_initialized_cb
                0x08002100        0x2 LRNDIS\src\usbd_rndis.o
                0x08002100                rndis_initialized_cb
 *fill*         0x08002102        0x2 
 .text.rndis_rx_start
                0x08002104       0x34 LRNDIS\src\usbd_rndis.o
                0x08002104                rndis_rx_start
 .text.usbd_rndis_init
                0x08002138       0x38 LRNDIS\src\usbd_rndis.o
 .text.rndis_rx_size
                0x08002170       0x18 LRNDIS\src\usbd_rndis.o
                0x08002170                rndis_rx_size
 .text.rndis_rx_data
                0x08002188       0x14 LRNDIS\src\usbd_rndis.o
                0x08002188                rndis_rx_data
 .text.rndis_tx_start
                0x0800219c       0xe0 LRNDIS\src\usbd_rndis.o
                0x0800219c                rndis_tx_start
 .text.rndis_tx_started
                0x0800227c        0xc LRNDIS\src\usbd_rndis.o
                0x0800227c                rndis_tx_started
 .text.usbd_rndis_data_in
                0x08002288       0x6c LRNDIS\src\usbd_rndis.o
 .text.handle_packet
                0x080022f4       0x58 LRNDIS\src\usbd_rndis.o
                0x080022f4                handle_packet
 .text.usbd_rndis_data_out
                0x0800234c       0x28 LRNDIS\src\usbd_rndis.o
 .text.response_available
                0x08002374       0x18 LRNDIS\src\usbd_rndis.o
                0x08002374                response_available
 .text.rndis_query_cmplt32
                0x0800238c       0x40 LRNDIS\src\usbd_rndis.o
                0x0800238c                rndis_query_cmplt32
 .text.rndis_query_cmplt
                0x080023cc       0x44 LRNDIS\src\usbd_rndis.o
                0x080023cc                rndis_query_cmplt
 .text.rndis_query
                0x08002410      0x170 LRNDIS\src\usbd_rndis.o
                0x08002410                rndis_query
 .text.rndis_handle_set_msg
                0x08002580       0xa8 LRNDIS\src\usbd_rndis.o
                0x08002580                rndis_handle_set_msg
 .text.usbd_rndis_ep0_recv
                0x08002628      0x120 LRNDIS\src\usbd_rndis.o
 .text.USBD_Init
                0x08002748       0x2a Middlewares\ST\STM32_USB_Device_Library\Core\Src\usbd_core.o
                0x08002748                USBD_Init
 .text.USBD_RegisterClass
                0x08002772        0xe Middlewares\ST\STM32_USB_Device_Library\Core\Src\usbd_core.o
                0x08002772                USBD_RegisterClass
 .text.USBD_Start
                0x08002780        0xa Middlewares\ST\STM32_USB_Device_Library\Core\Src\usbd_core.o
                0x08002780                USBD_Start
 .text.USBD_SetClassConfig
                0x0800278a       0x16 Middlewares\ST\STM32_USB_Device_Library\Core\Src\usbd_core.o
                0x0800278a                USBD_SetClassConfig
 .text.USBD_ClrClassConfig
                0x080027a0        0xe Middlewares\ST\STM32_USB_Device_Library\Core\Src\usbd_core.o
                0x080027a0                USBD_ClrClassConfig
 .text.USBD_LL_SetupStage
                0x080027ae       0x5a Middlewares\ST\STM32_USB_Device_Library\Core\Src\usbd_core.o
                0x080027ae                USBD_LL_SetupStage
 .text.USBD_LL_DataOutStage
                0x08002808       0x64 Middlewares\ST\STM32_USB_Device_Library\Core\Src\usbd_core.o
                0x08002808                USBD_LL_DataOutStage
 .text.USBD_LL_DataInStage
                0x0800286c       0x9e Middlewares\ST\STM32_USB_Device_Library\Core\Src\usbd_core.o
                0x0800286c                USBD_LL_DataInStage
 .text.USBD_LL_Reset
                0x0800290a       0x3e Middlewares\ST\STM32_USB_Device_Library\Core\Src\usbd_core.o
                0x0800290a                USBD_LL_Reset
 .text.USBD_LL_SetSpeed
                0x08002948        0x6 Middlewares\ST\STM32_USB_Device_Library\Core\Src\usbd_core.o
                0x08002948                USBD_LL_SetSpeed
 .text.USBD_LL_Suspend
                0x0800294e       0x12 Middlewares\ST\STM32_USB_Device_Library\Core\Src\usbd_core.o
                0x0800294e                USBD_LL_Suspend
 .text.USBD_LL_Resume
                0x08002960        0xc Middlewares\ST\STM32_USB_Device_Library\Core\Src\usbd_core.o
                0x08002960                USBD_LL_Resume
 .text.USBD_LL_SOF
                0x0800296c       0x18 Middlewares\ST\STM32_USB_Device_Library\Core\Src\usbd_core.o
                0x0800296c                USBD_LL_SOF
 .text.USBD_LL_IsoINIncomplete
                0x08002984        0x4 Middlewares\ST\STM32_USB_Device_Library\Core\Src\usbd_core.o
                0x08002984                USBD_LL_IsoINIncomplete
 .text.USBD_LL_IsoOUTIncomplete
                0x08002988        0x4 Middlewares\ST\STM32_USB_Device_Library\Core\Src\usbd_core.o
                0x08002988                USBD_LL_IsoOUTIncomplete
 .text.USBD_LL_DevConnected
                0x0800298c        0x4 Middlewares\ST\STM32_USB_Device_Library\Core\Src\usbd_core.o
                0x0800298c                USBD_LL_DevConnected
 .text.USBD_LL_DevDisconnected
                0x08002990       0x16 Middlewares\ST\STM32_USB_Device_Library\Core\Src\usbd_core.o
                0x08002990                USBD_LL_DevDisconnected
 .text.USBD_CtlError.constprop.0
                0x080029a6       0x16 Middlewares\ST\STM32_USB_Device_Library\Core\Src\usbd_ctlreq.o
 .text.USBD_StdDevReq
                0x080029bc      0x1f4 Middlewares\ST\STM32_USB_Device_Library\Core\Src\usbd_ctlreq.o
                0x080029bc                USBD_StdDevReq
 .text.USBD_StdItfReq
                0x08002bb0       0x30 Middlewares\ST\STM32_USB_Device_Library\Core\Src\usbd_ctlreq.o
                0x08002bb0                USBD_StdItfReq
 .text.USBD_StdEPReq
                0x08002be0       0xc6 Middlewares\ST\STM32_USB_Device_Library\Core\Src\usbd_ctlreq.o
                0x08002be0                USBD_StdEPReq
 .text.USBD_ParseSetupRequest
                0x08002ca6       0x28 Middlewares\ST\STM32_USB_Device_Library\Core\Src\usbd_ctlreq.o
                0x08002ca6                USBD_ParseSetupRequest
 .text.USBD_GetString
                0x08002cce       0x38 Middlewares\ST\STM32_USB_Device_Library\Core\Src\usbd_ctlreq.o
                0x08002cce                USBD_GetString
 .text.USBD_CtlSendData
                0x08002d06       0x1a Middlewares\ST\STM32_USB_Device_Library\Core\Src\usbd_ioreq.o
                0x08002d06                USBD_CtlSendData
 .text.USBD_CtlContinueSendData
                0x08002d20       0x10 Middlewares\ST\STM32_USB_Device_Library\Core\Src\usbd_ioreq.o
                0x08002d20                USBD_CtlContinueSendData
 .text.USBD_CtlPrepareRx
                0x08002d30       0x1e Middlewares\ST\STM32_USB_Device_Library\Core\Src\usbd_ioreq.o
                0x08002d30                USBD_CtlPrepareRx
 .text.USBD_CtlContinueRx
                0x08002d4e       0x10 Middlewares\ST\STM32_USB_Device_Library\Core\Src\usbd_ioreq.o
                0x08002d4e                USBD_CtlContinueRx
 .text.USBD_CtlSendStatus
                0x08002d5e       0x16 Middlewares\ST\STM32_USB_Device_Library\Core\Src\usbd_ioreq.o
                0x08002d5e                USBD_CtlSendStatus
 .text.USBD_CtlReceiveStatus
                0x08002d74       0x16 Middlewares\ST\STM32_USB_Device_Library\Core\Src\usbd_ioreq.o
                0x08002d74                USBD_CtlReceiveStatus
 *fill*         0x08002d8a        0x2 
 .text.netif_init_cb
                0x08002d8c       0x30 Src\communication.o
                0x08002d8c                netif_init_cb
 .text.linkoutput_fn
                0x08002dbc       0x50 Src\communication.o
                0x08002dbc                linkoutput_fn
 .text.output_fn
                0x08002e0c        0x4 Src\communication.o
                0x08002e0c                output_fn
 .text.tcp_timer_proc
                0x08002e10        0x4 Src\communication.o
                0x08002e10                tcp_timer_proc
 .text.dns_query_proc
                0x08002e14       0x34 Src\communication.o
                0x08002e14                dns_query_proc
 .text.usb_polling
                0x08002e48       0x54 Src\communication.o
                0x08002e48                usb_polling
 .text.init_lwip
                0x08002e9c       0x84 Src\communication.o
                0x08002e9c                init_lwip
 .text.init_netif
                0x08002f20       0x14 Src\communication.o
                0x08002f20                init_netif
 .text.init_dnserv
                0x08002f34       0x28 Src\communication.o
                0x08002f34                init_dnserv
 .text.init_dhserv
                0x08002f5c       0x14 Src\communication.o
                0x08002f5c                init_dhserv
 .text.init_htserv
                0x08002f70        0x2 Src\communication.o
                0x08002f70                init_htserv
 *fill*         0x08002f72        0x2 
 .text.SystemClock_Config
                0x08002f74       0x80 Src\hw_config.o
                0x08002f74                SystemClock_Config
 .text.SysTick_Init
                0x08002ff4       0x28 Src\hw_config.o
                0x08002ff4                SysTick_Init
 .text.GPIO_Init
                0x0800301c       0x38 Src\hw_config.o
                0x0800301c                GPIO_Init
 .text.init_periph
                0x08003054       0x1e Src\hw_config.o
                0x08003054                init_periph
 .text.sys_now  0x08003072        0x8 Src\hw_config.o
                0x08003072                sys_now
 *fill*         0x0800307a        0x2 
 .text.startup.main
                0x0800307c       0x30 Src\main.o
                0x0800307c                main
 .text.rndis_tx_ready_cb
                0x080030ac        0x2 Src\main.o
                0x080030ac                rndis_tx_ready_cb
 .text.rndis_rx_ready_cb
                0x080030ae        0x2 Src\main.o
                0x080030ae                rndis_rx_ready_cb
 .text.HAL_MspInit
                0x080030b0       0x60 Src\stm32f4xx_hal_msp.o
                0x080030b0                HAL_MspInit
 .text.SysTick_Handler
                0x08003110        0xe Src\stm32f4xx_it.o
                0x08003110                SysTick_Handler
 *fill*         0x0800311e        0x2 
 .text.OTG_FS_IRQHandler
                0x08003120        0xc Src\stm32f4xx_it.o
                0x08003120                OTG_FS_IRQHandler
 .text.SystemInit
                0x0800312c       0x4c Src\system_stm32f4xx.o
                0x0800312c                SystemInit
 .text.time_init
                0x08003178       0x38 Src\time.o
                0x08003178                time_init
 .text.HAL_SYSTICK_Callback
                0x080031b0       0x38 Src\time.o
                0x080031b0                HAL_SYSTICK_Callback
 .text.utime    0x080031e8       0x40 Src\time.o
                0x080031e8                utime
 .text.mtime    0x08003228       0x12 Src\time.o
                0x08003228                mtime
 .text.usleep   0x0800323a       0x2a Src\time.o
                0x0800323a                usleep
 .text.stmr     0x08003264       0x38 Src\time.o
                0x08003264                stmr
 .text.stmr_add
                0x0800329c       0x10 Src\time.o
                0x0800329c                stmr_add
 .text.entry_by_mac.constprop.0
                0x080032ac       0x40 WEB\dhcp-server\dhserver.o
 .text.find_dhcp_option
                0x080032ec       0x28 WEB\dhcp-server\dhserver.o
                0x080032ec                find_dhcp_option
 .text.fill_options
                0x08003314       0x9e WEB\dhcp-server\dhserver.o
                0x08003314                fill_options
 *fill*         0x080033b2        0x2 
 .text.udp_recv_proc
                0x080033b4      0x1f0 WEB\dhcp-server\dhserver.o
 .text.dhserv_free
                0x080035a4       0x18 WEB\dhcp-server\dhserver.o
                0x080035a4                dhserv_free
 .text.dhserv_init
                0x080035bc       0x50 WEB\dhcp-server\dhserver.o
                0x080035bc                dhserv_init
 .text.udp_recv_proc
                0x0800360c      0x144 WEB\dns-server\dnserver.o
 .text.dnserv_free
                0x08003750       0x18 WEB\dns-server\dnserver.o
                0x08003750                dnserv_free
 .text.dnserv_init
                0x08003768       0x50 WEB\dns-server\dnserver.o
                0x08003768                dnserv_init
 .text.lwip_htons
                0x080037b8        0x6 WEB\lwip-1.4.1\src\core\def.o
                0x080037b8                lwip_htons
 .text.lwip_ntohs
                0x080037be        0x6 WEB\lwip-1.4.1\src\core\def.o
                0x080037be                lwip_ntohs
 .text.lwip_htonl
                0x080037c4        0x4 WEB\lwip-1.4.1\src\core\def.o
                0x080037c4                lwip_htonl
 .text.lwip_ntohl
                0x080037c8        0x4 WEB\lwip-1.4.1\src\core\def.o
                0x080037c8                lwip_ntohl
 .text.lwip_init
                0x080037cc       0x22 WEB\lwip-1.4.1\src\core\init.o
                0x080037cc                lwip_init
 *fill*         0x080037ee        0x2 
 .text.icmp_send_response.isra.0
                0x080037f0       0x88 WEB\lwip-1.4.1\src\core\ipv4\icmp.o
 .text.icmp_input
                0x08003878      0x1b0 WEB\lwip-1.4.1\src\core\ipv4\icmp.o
                0x08003878                icmp_input
 .text.icmp_dest_unreach
                0x08003a28        0xa WEB\lwip-1.4.1\src\core\ipv4\icmp.o
                0x08003a28                icmp_dest_unreach
 .text.icmp_time_exceeded
                0x08003a32        0xa WEB\lwip-1.4.1\src\core\ipv4\icmp.o
                0x08003a32                icmp_time_exceeded
 .text.lwip_standard_chksum
                0x08003a3c       0x60 WEB\lwip-1.4.1\src\core\ipv4\inet_chksum.o
 .text.inet_chksum_pseudo
                0x08003a9c       0x86 WEB\lwip-1.4.1\src\core\ipv4\inet_chksum.o
                0x08003a9c                inet_chksum_pseudo
 .text.inet_chksum
                0x08003b22        0xc WEB\lwip-1.4.1\src\core\ipv4\inet_chksum.o
                0x08003b22                inet_chksum
 .text.inet_chksum_pbuf
                0x08003b2e       0x46 WEB\lwip-1.4.1\src\core\ipv4\inet_chksum.o
                0x08003b2e                inet_chksum_pbuf
 .text.ip_route
                0x08003b74       0x4c WEB\lwip-1.4.1\src\core\ipv4\ip.o
                0x08003b74                ip_route
 .text.ip_input
                0x08003bc0      0x1f4 WEB\lwip-1.4.1\src\core\ipv4\ip.o
                0x08003bc0                ip_input
 .text.ip_output_if
                0x08003db4      0x114 WEB\lwip-1.4.1\src\core\ipv4\ip.o
                0x08003db4                ip_output_if
 .text.ip_output
                0x08003ec8       0x48 WEB\lwip-1.4.1\src\core\ipv4\ip.o
                0x08003ec8                ip_output
 .text.ip4_addr_isbroadcast
                0x08003f10       0x32 WEB\lwip-1.4.1\src\core\ipv4\ip_addr.o
                0x08003f10                ip4_addr_isbroadcast
 .text.ipfrag_free_pbuf_custom
                0x08003f42       0x18 WEB\lwip-1.4.1\src\core\ipv4\ip_frag.o
 *fill*         0x08003f5a        0x2 
 .text.ip_reass_free_complete_datagram
                0x08003f5c       0x90 WEB\lwip-1.4.1\src\core\ipv4\ip_frag.o
 .text.ip_reass_remove_oldest_datagram
                0x08003fec       0x74 WEB\lwip-1.4.1\src\core\ipv4\ip_frag.o
 .text.ip_reass_tmr
                0x08004060       0x28 WEB\lwip-1.4.1\src\core\ipv4\ip_frag.o
                0x08004060                ip_reass_tmr
 .text.ip_reass
                0x08004088      0x2f8 WEB\lwip-1.4.1\src\core\ipv4\ip_frag.o
                0x08004088                ip_reass
 .text.ip_frag  0x08004380      0x17c WEB\lwip-1.4.1\src\core\ipv4\ip_frag.o
                0x08004380                ip_frag
 .text.mem_init
                0x080044fc       0x44 WEB\lwip-1.4.1\src\core\mem.o
                0x080044fc                mem_init
 .text.mem_free
                0x08004540       0xa8 WEB\lwip-1.4.1\src\core\mem.o
                0x08004540                mem_free
 .text.mem_trim
                0x080045e8       0xdc WEB\lwip-1.4.1\src\core\mem.o
                0x080045e8                mem_trim
 .text.mem_malloc
                0x080046c4      0x114 WEB\lwip-1.4.1\src\core\mem.o
                0x080046c4                mem_malloc
 .text.memp_init
                0x080047d8       0x84 WEB\lwip-1.4.1\src\core\memp.o
                0x080047d8                memp_init
 .text.memp_malloc
                0x0800485c       0x54 WEB\lwip-1.4.1\src\core\memp.o
                0x0800485c                memp_malloc
 .text.memp_free
                0x080048b0       0x2c WEB\lwip-1.4.1\src\core\memp.o
                0x080048b0                memp_free
 .text.netif_init
                0x080048dc        0x2 WEB\lwip-1.4.1\src\core\netif.o
                0x080048dc                netif_init
 *fill*         0x080048de        0x2 
 .text.netif_set_ipaddr
                0x080048e0       0x50 WEB\lwip-1.4.1\src\core\netif.o
                0x080048e0                netif_set_ipaddr
 .text.netif_set_addr
                0x08004930       0x1a WEB\lwip-1.4.1\src\core\netif.o
                0x08004930                netif_set_addr
 *fill*         0x0800494a        0x2 
 .text.netif_add
                0x0800494c       0x4c WEB\lwip-1.4.1\src\core\netif.o
                0x0800494c                netif_add
 .text.netif_set_default
                0x08004998        0xc WEB\lwip-1.4.1\src\core\netif.o
                0x08004998                netif_set_default
 .text.pbuf_alloced_custom
                0x080049a4       0x54 WEB\lwip-1.4.1\src\core\pbuf.o
                0x080049a4                pbuf_alloced_custom
 .text.pbuf_header
                0x080049f8       0x56 WEB\lwip-1.4.1\src\core\pbuf.o
                0x080049f8                pbuf_header
 .text.pbuf_free
                0x08004a4e       0x4e WEB\lwip-1.4.1\src\core\pbuf.o
                0x08004a4e                pbuf_free
 .text.pbuf_alloc
                0x08004a9c      0x118 WEB\lwip-1.4.1\src\core\pbuf.o
                0x08004a9c                pbuf_alloc
 .text.pbuf_realloc
                0x08004bb4       0x4c WEB\lwip-1.4.1\src\core\pbuf.o
                0x08004bb4                pbuf_realloc
 .text.pbuf_clen
                0x08004c00       0x10 WEB\lwip-1.4.1\src\core\pbuf.o
                0x08004c00                pbuf_clen
 .text.pbuf_ref
                0x08004c10        0xa WEB\lwip-1.4.1\src\core\pbuf.o
                0x08004c10                pbuf_ref
 .text.pbuf_cat
                0x08004c1a       0x1c WEB\lwip-1.4.1\src\core\pbuf.o
                0x08004c1a                pbuf_cat
 .text.pbuf_chain
                0x08004c36       0x10 WEB\lwip-1.4.1\src\core\pbuf.o
                0x08004c36                pbuf_chain
 .text.pbuf_copy
                0x08004c46       0x9c WEB\lwip-1.4.1\src\core\pbuf.o
                0x08004c46                pbuf_copy
 .text.pbuf_copy_partial
                0x08004ce2       0x5e WEB\lwip-1.4.1\src\core\pbuf.o
                0x08004ce2                pbuf_copy_partial
 .text.raw_input
                0x08004d40       0x7c WEB\lwip-1.4.1\src\core\raw.o
                0x08004d40                raw_input
 .text.stats_init
                0x08004dbc        0x2 WEB\lwip-1.4.1\src\core\stats.o
                0x08004dbc                stats_init
 .text.tcp_init
                0x08004dbe        0x2 WEB\lwip-1.4.1\src\core\tcp.o
                0x08004dbe                tcp_init
 .text.tcp_update_rcv_ann_wnd
                0x08004dc0       0x36 WEB\lwip-1.4.1\src\core\tcp.o
                0x08004dc0                tcp_update_rcv_ann_wnd
 .text.tcp_recved
                0x08004df6       0x36 WEB\lwip-1.4.1\src\core\tcp.o
                0x08004df6                tcp_recved
 .text.tcp_seg_free
                0x08004e2c       0x1c WEB\lwip-1.4.1\src\core\tcp.o
                0x08004e2c                tcp_seg_free
 .text.tcp_segs_free
                0x08004e48       0x10 WEB\lwip-1.4.1\src\core\tcp.o
                0x08004e48                tcp_segs_free
 .text.tcp_seg_copy
                0x08004e58       0x2c WEB\lwip-1.4.1\src\core\tcp.o
                0x08004e58                tcp_seg_copy
 .text.tcp_pcb_purge
                0x08004e84       0x40 WEB\lwip-1.4.1\src\core\tcp.o
                0x08004e84                tcp_pcb_purge
 .text.tcp_slowtmr
                0x08004ec4      0x2d8 WEB\lwip-1.4.1\src\core\tcp.o
                0x08004ec4                tcp_slowtmr
 .text.tcp_pcb_remove
                0x0800519c       0x64 WEB\lwip-1.4.1\src\core\tcp.o
                0x0800519c                tcp_pcb_remove
 .text.tcp_close_shutdown
                0x08005200      0x154 WEB\lwip-1.4.1\src\core\tcp.o
 .text.tcp_close
                0x08005354       0x14 WEB\lwip-1.4.1\src\core\tcp.o
                0x08005354                tcp_close
 .text.tcp_recv_null
                0x08005368       0x24 WEB\lwip-1.4.1\src\core\tcp.o
                0x08005368                tcp_recv_null
 .text.tcp_process_refused_data
                0x0800538c       0x66 WEB\lwip-1.4.1\src\core\tcp.o
                0x0800538c                tcp_process_refused_data
 *fill*         0x080053f2        0x2 
 .text.tcp_fasttmr
                0x080053f4       0x70 WEB\lwip-1.4.1\src\core\tcp.o
                0x080053f4                tcp_fasttmr
 .text.tcp_tmr  0x08005464       0x24 WEB\lwip-1.4.1\src\core\tcp.o
                0x08005464                tcp_tmr
 .text.tcp_abandon
                0x08005488       0x9c WEB\lwip-1.4.1\src\core\tcp.o
                0x08005488                tcp_abandon
 .text.tcp_abort
                0x08005524        0x6 WEB\lwip-1.4.1\src\core\tcp.o
                0x08005524                tcp_abort
 *fill*         0x0800552a        0x2 
 .text.tcp_next_iss
                0x0800552c       0x18 WEB\lwip-1.4.1\src\core\tcp.o
                0x0800552c                tcp_next_iss
 .text.tcp_alloc
                0x08005544      0x12c WEB\lwip-1.4.1\src\core\tcp.o
                0x08005544                tcp_alloc
 .text.tcp_eff_send_mss
                0x08005670       0x1e WEB\lwip-1.4.1\src\core\tcp.o
                0x08005670                tcp_eff_send_mss
 *fill*         0x0800568e        0x2 
 .text.tcp_oos_insert_segment
                0x08005690       0x7c WEB\lwip-1.4.1\src\core\tcp_in.o
 .text.tcp_receive
                0x0800570c      0x7c8 WEB\lwip-1.4.1\src\core\tcp_in.o
 .text.tcp_parseopt.isra.0
                0x08005ed4       0x84 WEB\lwip-1.4.1\src\core\tcp_in.o
 .text.tcp_input
                0x08005f58      0x88c WEB\lwip-1.4.1\src\core\tcp_in.o
                0x08005f58                tcp_input
 .text.tcp_create_segment
                0x080067e4       0xcc WEB\lwip-1.4.1\src\core\tcp_out.o
 .text.tcp_output_alloc_header.constprop.0
                0x080068b0       0x5a WEB\lwip-1.4.1\src\core\tcp_out.o
 *fill*         0x0800690a        0x2 
 .text.tcp_enqueue_flags
                0x0800690c       0xc8 WEB\lwip-1.4.1\src\core\tcp_out.o
                0x0800690c                tcp_enqueue_flags
 .text.tcp_send_fin
                0x080069d4       0x44 WEB\lwip-1.4.1\src\core\tcp_out.o
                0x080069d4                tcp_send_fin
 .text.tcp_send_empty_ack
                0x08006a18       0x5a WEB\lwip-1.4.1\src\core\tcp_out.o
                0x08006a18                tcp_send_empty_ack
 *fill*         0x08006a72        0x2 
 .text.tcp_output
                0x08006a74      0x28c WEB\lwip-1.4.1\src\core\tcp_out.o
                0x08006a74                tcp_output
 .text.tcp_rst  0x08006d00       0xac WEB\lwip-1.4.1\src\core\tcp_out.o
                0x08006d00                tcp_rst
 .text.tcp_rexmit_rto
                0x08006dac       0x32 WEB\lwip-1.4.1\src\core\tcp_out.o
                0x08006dac                tcp_rexmit_rto
 .text.tcp_rexmit
                0x08006dde       0x4e WEB\lwip-1.4.1\src\core\tcp_out.o
                0x08006dde                tcp_rexmit
 .text.tcp_rexmit_fast
                0x08006e2c       0x50 WEB\lwip-1.4.1\src\core\tcp_out.o
                0x08006e2c                tcp_rexmit_fast
 .text.tcp_keepalive
                0x08006e7c       0x64 WEB\lwip-1.4.1\src\core\tcp_out.o
                0x08006e7c                tcp_keepalive
 .text.tcp_zero_window_probe
                0x08006ee0       0xb8 WEB\lwip-1.4.1\src\core\tcp_out.o
                0x08006ee0                tcp_zero_window_probe
 .text.sys_timeout
                0x08006f98       0x5c WEB\lwip-1.4.1\src\core\timers.o
                0x08006f98                sys_timeout
 .text.tcp_timer_needed
                0x08006ff4       0x34 WEB\lwip-1.4.1\src\core\timers.o
                0x08006ff4                tcp_timer_needed
 .text.tcpip_tcp_timer
                0x08007028       0x38 WEB\lwip-1.4.1\src\core\timers.o
 .text.sys_timeouts_init
                0x08007060       0x30 WEB\lwip-1.4.1\src\core\timers.o
                0x08007060                sys_timeouts_init
 .text.arp_timer
                0x08007090       0x1c WEB\lwip-1.4.1\src\core\timers.o
 .text.ip_reass_timer
                0x080070ac       0x1c WEB\lwip-1.4.1\src\core\timers.o
 .text.udp_init
                0x080070c8        0x2 WEB\lwip-1.4.1\src\core\udp.o
                0x080070c8                udp_init
 *fill*         0x080070ca        0x2 
 .text.udp_input
                0x080070cc      0x1b0 WEB\lwip-1.4.1\src\core\udp.o
                0x080070cc                udp_input
 .text.udp_bind
                0x0800727c       0x98 WEB\lwip-1.4.1\src\core\udp.o
                0x0800727c                udp_bind
 .text.udp_sendto_if
                0x08007314       0xf8 WEB\lwip-1.4.1\src\core\udp.o
                0x08007314                udp_sendto_if
 .text.udp_sendto
                0x0800740c       0x3c WEB\lwip-1.4.1\src\core\udp.o
                0x0800740c                udp_sendto
 .text.udp_recv
                0x08007448        0x6 WEB\lwip-1.4.1\src\core\udp.o
                0x08007448                udp_recv
 *fill*         0x0800744e        0x2 
 .text.udp_remove
                0x08007450       0x2c WEB\lwip-1.4.1\src\core\udp.o
                0x08007450                udp_remove
 .text.udp_new  0x0800747c       0x1c WEB\lwip-1.4.1\src\core\udp.o
                0x0800747c                udp_new
 .text.etharp_free_entry
                0x08007498       0x28 WEB\lwip-1.4.1\src\netif\etharp.o
 .text.etharp_find_entry
                0x080074c0       0xd8 WEB\lwip-1.4.1\src\netif\etharp.o
 .text.etharp_send_ip
                0x08007598       0x24 WEB\lwip-1.4.1\src\netif\etharp.o
 .text.etharp_update_arp_entry
                0x080075bc       0x90 WEB\lwip-1.4.1\src\netif\etharp.o
 .text.etharp_tmr
                0x0800764c       0x44 WEB\lwip-1.4.1\src\netif\etharp.o
                0x0800764c                etharp_tmr
 .text.etharp_request
                0x08007690       0xb0 WEB\lwip-1.4.1\src\netif\etharp.o
                0x08007690                etharp_request
 .text.etharp_output_to_arp_index
                0x08007740       0x50 WEB\lwip-1.4.1\src\netif\etharp.o
 .text.etharp_query
                0x08007790      0x114 WEB\lwip-1.4.1\src\netif\etharp.o
                0x08007790                etharp_query
 .text.etharp_output
                0x080078a4      0x100 WEB\lwip-1.4.1\src\netif\etharp.o
                0x080078a4                etharp_output
 .text.ethernet_input
                0x080079a4      0x178 WEB\lwip-1.4.1\src\netif\etharp.o
                0x080079a4                ethernet_input
 .text.Reset_Handler
                0x08007b1c       0x50 startup\startup_stm32f411xe.o
                0x08007b1c                Reset_Handler
 .text.Default_Handler
                0x08007b6c        0x2 startup\startup_stm32f411xe.o
                0x08007b6c                RTC_Alarm_IRQHandler
                0x08007b6c                EXTI2_IRQHandler
                0x08007b6c                DebugMon_Handler
                0x08007b6c                SPI4_IRQHandler
                0x08007b6c                TIM1_CC_IRQHandler
                0x08007b6c                DMA2_Stream5_IRQHandler
                0x08007b6c                HardFault_Handler
                0x08007b6c                DMA1_Stream5_IRQHandler
                0x08007b6c                PVD_IRQHandler
                0x08007b6c                SDIO_IRQHandler
                0x08007b6c                TAMP_STAMP_IRQHandler
                0x08007b6c                PendSV_Handler
                0x08007b6c                NMI_Handler
                0x08007b6c                EXTI3_IRQHandler
                0x08007b6c                TIM1_UP_TIM10_IRQHandler
                0x08007b6c                I2C3_ER_IRQHandler
                0x08007b6c                EXTI0_IRQHandler
                0x08007b6c                I2C2_EV_IRQHandler
                0x08007b6c                DMA1_Stream2_IRQHandler
                0x08007b6c                FPU_IRQHandler
                0x08007b6c                UsageFault_Handler
                0x08007b6c                DMA2_Stream2_IRQHandler
                0x08007b6c                SPI1_IRQHandler
                0x08007b6c                TIM1_BRK_TIM9_IRQHandler
                0x08007b6c                DMA2_Stream3_IRQHandler
                0x08007b6c                USART6_IRQHandler
                0x08007b6c                DMA2_Stream0_IRQHandler
                0x08007b6c                TIM4_IRQHandler
                0x08007b6c                I2C1_EV_IRQHandler
                0x08007b6c                DMA1_Stream6_IRQHandler
                0x08007b6c                DMA1_Stream1_IRQHandler
                0x08007b6c                TIM3_IRQHandler
                0x08007b6c                RCC_IRQHandler
                0x08007b6c                Default_Handler
                0x08007b6c                EXTI15_10_IRQHandler
                0x08007b6c                ADC_IRQHandler
                0x08007b6c                DMA1_Stream7_IRQHandler
                0x08007b6c                SPI5_IRQHandler
                0x08007b6c                TIM5_IRQHandler
                0x08007b6c                DMA2_Stream7_IRQHandler
                0x08007b6c                I2C3_EV_IRQHandler
                0x08007b6c                EXTI9_5_IRQHandler
                0x08007b6c                RTC_WKUP_IRQHandler
                0x08007b6c                SPI2_IRQHandler
                0x08007b6c                MemManage_Handler
                0x08007b6c                DMA1_Stream0_IRQHandler
                0x08007b6c                SVC_Handler
                0x08007b6c                EXTI4_IRQHandler
                0x08007b6c                WWDG_IRQHandler
                0x08007b6c                TIM2_IRQHandler
                0x08007b6c                OTG_FS_WKUP_IRQHandler
                0x08007b6c                TIM1_TRG_COM_TIM11_IRQHandler
                0x08007b6c                EXTI1_IRQHandler
                0x08007b6c                USART2_IRQHandler
                0x08007b6c                I2C2_ER_IRQHandler
                0x08007b6c                DMA2_Stream1_IRQHandler
                0x08007b6c                FLASH_IRQHandler
                0x08007b6c                DMA2_Stream4_IRQHandler
                0x08007b6c                BusFault_Handler
                0x08007b6c                USART1_IRQHandler
                0x08007b6c                SPI3_IRQHandler
                0x08007b6c                DMA1_Stream4_IRQHandler
                0x08007b6c                I2C1_ER_IRQHandler
                0x08007b6c                DMA2_Stream6_IRQHandler
                0x08007b6c                DMA1_Stream3_IRQHandler
 *fill*         0x08007b6e        0x2 
 .text.__libc_init_array
                0x08007b70       0x48 c:/program files (x86)/atollic/truestudio for arm 8.0.0/armtools/bin/../lib/gcc/arm-atollic-eabi/6.3.1/../../../../arm-atollic-eabi/lib/armv7e-m/fpu\libc_nano.a(lib_a-init.o)
                0x08007b70                __libc_init_array
 .text.memcmp   0x08007bb8       0x1e c:/program files (x86)/atollic/truestudio for arm 8.0.0/armtools/bin/../lib/gcc/arm-atollic-eabi/6.3.1/../../../../arm-atollic-eabi/lib/armv7e-m/fpu\libc_nano.a(lib_a-memcmp.o)
                0x08007bb8                memcmp
 .text.memcpy   0x08007bd6       0x16 c:/program files (x86)/atollic/truestudio for arm 8.0.0/armtools/bin/../lib/gcc/arm-atollic-eabi/6.3.1/../../../../arm-atollic-eabi/lib/armv7e-m/fpu\libc_nano.a(lib_a-memcpy-stub.o)
                0x08007bd6                memcpy
 .text.memset   0x08007bec       0x10 c:/program files (x86)/atollic/truestudio for arm 8.0.0/armtools/bin/../lib/gcc/arm-atollic-eabi/6.3.1/../../../../arm-atollic-eabi/lib/armv7e-m/fpu\libc_nano.a(lib_a-memset.o)
                0x08007bec                memset
 *(.glue_7)
 .glue_7        0x08007bfc        0x0 linker stubs
 *(.glue_7t)
 .glue_7t       0x08007bfc        0x0 linker stubs
 *(.eh_frame)
 .eh_frame      0x08007bfc        0x0 c:/program files (x86)/atollic/truestudio for arm 8.0.0/armtools/bin/../lib/gcc/arm-atollic-eabi/6.3.1/armv7e-m/fpu/crtbegin.o
 *(.init)
 .init          0x08007bfc        0x4 c:/program files (x86)/atollic/truestudio for arm 8.0.0/armtools/bin/../lib/gcc/arm-atollic-eabi/6.3.1/armv7e-m/fpu/crti.o
                0x08007bfc                _init
 .init          0x08007c00        0x8 c:/program files (x86)/atollic/truestudio for arm 8.0.0/armtools/bin/../lib/gcc/arm-atollic-eabi/6.3.1/armv7e-m/fpu/crtn.o
 *(.fini)
 .fini          0x08007c08        0x4 c:/program files (x86)/atollic/truestudio for arm 8.0.0/armtools/bin/../lib/gcc/arm-atollic-eabi/6.3.1/armv7e-m/fpu/crti.o
                0x08007c08                _fini
 .fini          0x08007c0c        0x8 c:/program files (x86)/atollic/truestudio for arm 8.0.0/armtools/bin/../lib/gcc/arm-atollic-eabi/6.3.1/armv7e-m/fpu/crtn.o
                0x08007c14                . = ALIGN (0x4)
                0x08007c14                _etext = .

.vfp11_veneer   0x08007c14        0x0
 .vfp11_veneer  0x08007c14        0x0 linker stubs

.v4_bx          0x08007c14        0x0
 .v4_bx         0x08007c14        0x0 linker stubs

.iplt           0x08007c14        0x0
 .iplt          0x08007c14        0x0 c:/program files (x86)/atollic/truestudio for arm 8.0.0/armtools/bin/../lib/gcc/arm-atollic-eabi/6.3.1/armv7e-m/fpu/crtbegin.o

.rodata         0x08007c14      0x12c
                0x08007c14                . = ALIGN (0x4)
 *(.rodata)
 .rodata        0x08007c14        0x9 LRNDIS\src\usbd_rndis.o
 .rodata        0x08007c1d        0x4 Src\communication.o
 .rodata        0x08007c21        0x6 WEB\dhcp-server\dhserver.o
 *(.rodata*)
 .rodata.USBD_FS_ConfigStrDescriptor.str1.1
                0x08007c27        0xd LRNDIS\src\usbd_desc.o
 .rodata.USBD_FS_InterfaceStrDescriptor.str1.1
                0x08007c34       0x10 LRNDIS\src\usbd_desc.o
 .rodata.USBD_FS_ManufacturerStrDescriptor.str1.1
                0x08007c44        0xf LRNDIS\src\usbd_desc.o
 .rodata.USBD_FS_ProductStrDescriptor.str1.1
                0x08007c53        0xe LRNDIS\src\usbd_desc.o
 .rodata.USBD_FS_SerialStrDescriptor.str1.1
                0x08007c61        0xd LRNDIS\src\usbd_desc.o
 *fill*         0x08007c6e        0x2 
 .rodata.OIDSupportedList
                0x08007c70       0x58 LRNDIS\src\usbd_rndis.o
                0x08007c70                OIDSupportedList
 .rodata.rndis_query.str1.1
                0x08007cc8        0x8 LRNDIS\src\usbd_rndis.o
 .rodata.dns_query_proc.str1.1
                0x08007cd0        0xc Src\communication.o
                                 0x14 (size before relaxing)
 .rodata.ipaddr
                0x08007cdc        0x4 Src\communication.o
                0x08007cdc                ipaddr
 .rodata.str1.1
                0x08007ce0        0xc Src\communication.o
                                  0x4 (size before relaxing)
 .rodata.AHBPrescTable
                0x08007ce0       0x10 Src\system_stm32f4xx.o
                0x08007ce0                AHBPrescTable
 .rodata.ip_addr_any
                0x08007cf0        0x4 WEB\lwip-1.4.1\src\core\ipv4\ip_addr.o
                0x08007cf0                ip_addr_any
 .rodata.ip_addr_broadcast
                0x08007cf4        0x4 WEB\lwip-1.4.1\src\core\ipv4\ip_addr.o
                0x08007cf4                ip_addr_broadcast
 .rodata.memp_num
                0x08007cf8       0x14 WEB\lwip-1.4.1\src\core\memp.o
 .rodata.memp_sizes
                0x08007d0c       0x14 WEB\lwip-1.4.1\src\core\memp.o
 .rodata.tcp_backoff
                0x08007d20        0xd WEB\lwip-1.4.1\src\core\tcp.o
                0x08007d20                tcp_backoff
 .rodata.tcp_persist_backoff
                0x08007d2d        0x7 WEB\lwip-1.4.1\src\core\tcp.o
                0x08007d2d                tcp_persist_backoff
 .rodata.ethbroadcast
                0x08007d34        0x6 WEB\lwip-1.4.1\src\netif\etharp.o
                0x08007d34                ethbroadcast
 .rodata.ethzero
                0x08007d3a        0x6 WEB\lwip-1.4.1\src\netif\etharp.o
                0x08007d3a                ethzero
                0x08007d40                . = ALIGN (0x4)

.ARM.extab
 *(.ARM.extab* .gnu.linkonce.armextab.*)

.ARM            0x08007d40        0x8
                0x08007d40                __exidx_start = .
 *(.ARM.exidx*)
 .ARM.exidx     0x08007d40        0x8 c:/program files (x86)/atollic/truestudio for arm 8.0.0/armtools/bin/../lib/gcc/arm-atollic-eabi/6.3.1/armv7e-m/fpu\libgcc.a(_udivmoddi4.o)
                0x08007d48                __exidx_end = .

.rel.dyn        0x08007d48        0x0
 .rel.iplt      0x08007d48        0x0 c:/program files (x86)/atollic/truestudio for arm 8.0.0/armtools/bin/../lib/gcc/arm-atollic-eabi/6.3.1/armv7e-m/fpu/crtbegin.o

.preinit_array  0x08007d48        0x0
                0x08007d48                PROVIDE (__preinit_array_start, .)
 *(.preinit_array*)
                0x08007d48                PROVIDE (__preinit_array_end, .)

.init_array     0x08007d48        0x4
                0x08007d48                PROVIDE (__init_array_start, .)
 *(SORT(.init_array.*))
 *(.init_array*)
 .init_array    0x08007d48        0x4 c:/program files (x86)/atollic/truestudio for arm 8.0.0/armtools/bin/../lib/gcc/arm-atollic-eabi/6.3.1/armv7e-m/fpu/crtbegin.o
                0x08007d4c                PROVIDE (__init_array_end, .)

.fini_array     0x08007d4c        0x4
                [!provide]                PROVIDE (__fini_array_start, .)
 *(SORT(.fini_array.*))
 *(.fini_array*)
 .fini_array    0x08007d4c        0x4 c:/program files (x86)/atollic/truestudio for arm 8.0.0/armtools/bin/../lib/gcc/arm-atollic-eabi/6.3.1/armv7e-m/fpu/crtbegin.o
                [!provide]                PROVIDE (__fini_array_end, .)
                0x08007d50                _sidata = LOADADDR (.data)

.data           0x20000000      0x14c load address 0x08007d50
                0x20000000                . = ALIGN (0x4)
                0x20000000                _sdata = .
 *(.data)
 *(.data*)
 .data.FS_Desc  0x20000000       0x1c LRNDIS\src\usbd_desc.o
                0x20000000                FS_Desc
 .data.USBD_FS_DeviceDesc
                0x2000001c       0x12 LRNDIS\src\usbd_desc.o
                0x2000001c                USBD_FS_DeviceDesc
 *fill*         0x2000002e        0x2 
 .data.USBD_LangIDDesc
                0x20000030        0x4 LRNDIS\src\usbd_desc.o
                0x20000030                USBD_LangIDDesc
 .data.USBD_DeviceQualifierDesc
                0x20000034        0xa LRNDIS\src\usbd_rndis.o
                0x20000034                USBD_DeviceQualifierDesc
 .data.permanent_hwaddr
                0x2000003e        0x6 LRNDIS\src\usbd_rndis.o
                0x2000003e                permanent_hwaddr
 .data.station_hwaddr
                0x20000044        0x6 LRNDIS\src\usbd_rndis.o
                0x20000044                station_hwaddr
 *fill*         0x2000004a        0x2 
 .data.usbd_rndis
                0x2000004c       0x38 LRNDIS\src\usbd_rndis.o
                0x2000004c                usbd_rndis
 .data.usbd_rndis_CfgDesc
                0x20000084       0x4b LRNDIS\src\usbd_rndis.o
 *fill*         0x200000cf        0x1 
 .data.dhcp_config
                0x200000d0       0x18 Src\communication.o
                0x200000d0                dhcp_config
 .data.entries  0x200000e8       0x3c Src\communication.o
                0x200000e8                entries
 .data.tcp_timer
                0x20000124       0x18 Src\communication.o
 .data.SystemCoreClock
                0x2000013c        0x4 Src\system_stm32f4xx.o
                0x2000013c                SystemCoreClock
 .data.magic_cookie
                0x20000140        0x4 WEB\dhcp-server\dhserver.o
                0x20000140                magic_cookie
 .data.iss.6553
                0x20000144        0x4 WEB\lwip-1.4.1\src\core\tcp.o
 .data.udp_port
                0x20000148        0x2 WEB\lwip-1.4.1\src\core\udp.o
                0x2000014c                . = ALIGN (0x4)
 *fill*         0x2000014a        0x2 
                0x2000014c                _edata = .

.igot.plt       0x2000014c        0x0 load address 0x08007e9c
 .igot.plt      0x2000014c        0x0 c:/program files (x86)/atollic/truestudio for arm 8.0.0/armtools/bin/../lib/gcc/arm-atollic-eabi/6.3.1/armv7e-m/fpu/crtbegin.o
                0x2000014c                . = ALIGN (0x4)

.bss            0x20000150     0xaab4 load address 0x08007e9c
                0x20000150                _sbss = .
                0x20000150                __bss_start__ = _sbss
 *(.bss)
 .bss           0x20000150       0x1c c:/program files (x86)/atollic/truestudio for arm 8.0.0/armtools/bin/../lib/gcc/arm-atollic-eabi/6.3.1/armv7e-m/fpu/crtbegin.o
 *(.bss*)
 .bss.first.9348
                0x2000016c       0x40 LRNDIS\src\usbd_rndis.o
 .bss.oid_packet_filter
                0x200001ac        0x4 LRNDIS\src\usbd_rndis.o
                0x200001ac                oid_packet_filter
 .bss.rndis_rx_data_size
                0x200001b0        0x2 LRNDIS\src\usbd_rndis.o
                0x200001b0                rndis_rx_data_size
 .bss.rndis_rx_started
                0x200001b2        0x1 LRNDIS\src\usbd_rndis.o
                0x200001b2                rndis_rx_started
 .bss.rndis_state
                0x200001b3        0x1 LRNDIS\src\usbd_rndis.o
                0x200001b3                rndis_state
 .bss.rndis_tx_ZLP
                0x200001b4        0x1 LRNDIS\src\usbd_rndis.o
                0x200001b4                rndis_tx_ZLP
 *fill*         0x200001b5        0x1 
 .bss.rndis_tx_data_size
                0x200001b6        0x2 LRNDIS\src\usbd_rndis.o
                0x200001b6                rndis_tx_data_size
 .bss.rndis_tx_ptr
                0x200001b8        0x4 LRNDIS\src\usbd_rndis.o
                0x200001b8                rndis_tx_ptr
 .bss.rndis_tx_transmitting
                0x200001bc        0x1 LRNDIS\src\usbd_rndis.o
                0x200001bc                rndis_tx_transmitting
 *fill*         0x200001bd        0x3 
 .bss.usb_eth_stat
                0x200001c0       0x10 LRNDIS\src\usbd_rndis.o
                0x200001c0                usb_eth_stat
 .bss.cfgidx.9183
                0x200001d0        0x1 Middlewares\ST\STM32_USB_Device_Library\Core\Src\usbd_ctlreq.o
 .bss.Data.10032
                0x200001d1      0x616 Src\communication.o
 *fill*         0x200007e7        0x1 
 .bss.stmrs     0x200007e8        0x4 Src\time.o
 *fill*         0x200007ec        0x4 
 .bss.usAddition
                0x200007f0        0x8 Src\time.o
                0x200007f0                usAddition
 .bss.config    0x200007f8        0x4 WEB\dhcp-server\dhserver.o
 .bss.pcb       0x200007fc        0x4 WEB\dhcp-server\dhserver.o
 .bss.pcb       0x20000800        0x4 WEB\dns-server\dnserver.o
 .bss.query.6849
                0x20000804       0x84 WEB\dns-server\dnserver.o
 .bss.query_proc
                0x20000888        0x4 WEB\dns-server\dnserver.o
                0x20000888                query_proc
 .bss.ip_id     0x2000088c        0x2 WEB\lwip-1.4.1\src\core\ipv4\ip.o
 .bss.ip_reass_pbufcount
                0x2000088e        0x2 WEB\lwip-1.4.1\src\core\ipv4\ip_frag.o
 .bss.reassdatagrams
                0x20000890        0x4 WEB\lwip-1.4.1\src\core\ipv4\ip_frag.o
 .bss.lfree     0x20000894        0x4 WEB\lwip-1.4.1\src\core\mem.o
 .bss.ram       0x20000898        0x4 WEB\lwip-1.4.1\src\core\mem.o
 .bss.ram_end   0x2000089c        0x4 WEB\lwip-1.4.1\src\core\mem.o
 .bss.memp_memory
                0x200008a0     0x68c3 WEB\lwip-1.4.1\src\core\memp.o
 *fill*         0x20007163        0x1 
 .bss.memp_tab  0x20007164       0x28 WEB\lwip-1.4.1\src\core\memp.o
 .bss.netif_num
                0x2000718c        0x1 WEB\lwip-1.4.1\src\core\netif.o
 *fill*         0x2000718d        0x3 
 .bss.raw_pcbs  0x20007190        0x4 WEB\lwip-1.4.1\src\core\raw.o
 .bss.tcp_timer
                0x20007194        0x1 WEB\lwip-1.4.1\src\core\tcp.o
 .bss.tcp_timer_ctr
                0x20007195        0x1 WEB\lwip-1.4.1\src\core\tcp.o
 *fill*         0x20007196        0x2 
 .bss.ackno     0x20007198        0x4 WEB\lwip-1.4.1\src\core\tcp_in.o
 .bss.flags     0x2000719c        0x1 WEB\lwip-1.4.1\src\core\tcp_in.o
 *fill*         0x2000719d        0x3 
 .bss.inseg     0x200071a0       0x10 WEB\lwip-1.4.1\src\core\tcp_in.o
 .bss.recv_data
                0x200071b0        0x4 WEB\lwip-1.4.1\src\core\tcp_in.o
 .bss.recv_flags
                0x200071b4        0x1 WEB\lwip-1.4.1\src\core\tcp_in.o
 *fill*         0x200071b5        0x3 
 .bss.seqno     0x200071b8        0x4 WEB\lwip-1.4.1\src\core\tcp_in.o
 .bss.tcphdr    0x200071bc        0x4 WEB\lwip-1.4.1\src\core\tcp_in.o
 .bss.tcplen    0x200071c0        0x2 WEB\lwip-1.4.1\src\core\tcp_in.o
 *fill*         0x200071c2        0x2 
 .bss.next_timeout
                0x200071c4        0x4 WEB\lwip-1.4.1\src\core\timers.o
 .bss.tcpip_tcp_timer_active
                0x200071c8        0x4 WEB\lwip-1.4.1\src\core\timers.o
 .bss.timeouts_last_time
                0x200071cc        0x4 WEB\lwip-1.4.1\src\core\timers.o
 .bss.arp_table
                0x200071d0       0xc8 WEB\lwip-1.4.1\src\netif\etharp.o
 .bss.etharp_cached_entry
                0x20007298        0x1 WEB\lwip-1.4.1\src\netif\etharp.o
 *(COMMON)
 *fill*         0x20007299        0x3 
 COMMON         0x2000729c        0x4 Drivers\STM32F4xx_HAL_Driver\Src\stm32f4xx_hal.o
                0x2000729c                uwTick
 COMMON         0x200072a0      0x224 LRNDIS\src\usb_device.o
                0x200072a0                hUsbDeviceFS
 COMMON         0x200074c4      0x3f0 LRNDIS\src\usbd_conf.o
                0x200074c4                hpcd_USB_FS
 COMMON         0x200078b4      0x200 LRNDIS\src\usbd_desc.o
                0x200078b4                USBD_StrDesc
 COMMON         0x20007ab4      0x694 LRNDIS\src\usbd_rndis.o
                0x20007ab4                rndis_rx_buffer
                0x200080ca                encapsulated_buffer
                0x20008144                pDev
 COMMON         0x20008148       0x38 Src\communication.o
                0x20008148                PORTC
                0x20008150                netif_data
 COMMON         0x20008180        0x8 Src\hw_config.o
                0x20008180                cpuLoad
 COMMON         0x20008188      0x204 WEB\dhcp-server\dhserver.o
                0x20008188                dhcp_data
 COMMON         0x2000838c       0x10 WEB\lwip-1.4.1\src\core\ipv4\ip.o
                0x2000838c                current_iphdr_src
                0x20008390                current_netif
                0x20008394                current_iphdr_dest
                0x20008398                current_header
 COMMON         0x2000839c     0x2724 WEB\lwip-1.4.1\src\core\mem.o
                0x2000839c                ram_heap
 COMMON         0x2000aac0        0x8 WEB\lwip-1.4.1\src\core\netif.o
                0x2000aac0                netif_list
                0x2000aac4                netif_default
 COMMON         0x2000aac8        0x1 WEB\lwip-1.4.1\src\core\pbuf.o
                0x2000aac8                pbuf_free_ooseq_pending
 *fill*         0x2000aac9        0x1 
 COMMON         0x2000aaca      0x116 WEB\lwip-1.4.1\src\core\stats.o
                0x2000aaca                lwip_stats
 COMMON         0x2000abe0       0x1c WEB\lwip-1.4.1\src\core\tcp.o
                0x2000abe0                tcp_active_pcbs_changed
                0x2000abe4                tcp_active_pcbs
                0x2000abe8                tcp_ticks
                0x2000abec                tcp_listen_pcbs
                0x2000abf0                tcp_tmp_pcb
                0x2000abf4                tcp_bound_pcbs
                0x2000abf8                tcp_tw_pcbs
 COMMON         0x2000abfc        0x4 WEB\lwip-1.4.1\src\core\tcp_in.o
                0x2000abfc                tcp_input_pcb
 COMMON         0x2000ac00        0x4 WEB\lwip-1.4.1\src\core\udp.o
                0x2000ac00                udp_pcbs
                0x2000ac04                . = ALIGN (0x4)
                0x2000ac04                _ebss = .
                0x2000ac04                __bss_end__ = _ebss

._user_heap_stack
                0x2000ac04      0x600 load address 0x08007e9c
                0x2000ac04                . = ALIGN (0x4)
                0x2000ac04                PROVIDE (end, .)
                [!provide]                PROVIDE (_end, .)
                0x2000ae04                . = (. + _Min_Heap_Size)
 *fill*         0x2000ac04      0x200 
                0x2000b204                . = (. + _Min_Stack_Size)
 *fill*         0x2000ae04      0x400 
                0x2000b204                . = ALIGN (0x4)

/DISCARD/
 libc.a(*)
 libm.a(*)
 libgcc.a(*)

.ARM.attributes
                0x00000000       0x30
 *(.ARM.attributes)
 .ARM.attributes
                0x00000000       0x22 c:/program files (x86)/atollic/truestudio for arm 8.0.0/armtools/bin/../lib/gcc/arm-atollic-eabi/6.3.1/armv7e-m/fpu/crti.o
 .ARM.attributes
                0x00000022       0x34 c:/program files (x86)/atollic/truestudio for arm 8.0.0/armtools/bin/../lib/gcc/arm-atollic-eabi/6.3.1/armv7e-m/fpu/crtbegin.o
 .ARM.attributes
                0x00000056       0x39 Drivers\STM32F4xx_HAL_Driver\Src\stm32f4xx_hal.o
 .ARM.attributes
                0x0000008f       0x39 Drivers\STM32F4xx_HAL_Driver\Src\stm32f4xx_hal_cortex.o
 .ARM.attributes
                0x000000c8       0x39 Drivers\STM32F4xx_HAL_Driver\Src\stm32f4xx_hal_gpio.o
 .ARM.attributes
                0x00000101       0x39 Drivers\STM32F4xx_HAL_Driver\Src\stm32f4xx_hal_pcd.o
 .ARM.attributes
                0x0000013a       0x39 Drivers\STM32F4xx_HAL_Driver\Src\stm32f4xx_hal_rcc.o
 .ARM.attributes
                0x00000173       0x39 Drivers\STM32F4xx_HAL_Driver\Src\stm32f4xx_ll_usb.o
 .ARM.attributes
                0x000001ac       0x39 LRNDIS\src\usb_device.o
 .ARM.attributes
                0x000001e5       0x39 LRNDIS\src\usbd_conf.o
 .ARM.attributes
                0x0000021e       0x39 LRNDIS\src\usbd_desc.o
 .ARM.attributes
                0x00000257       0x39 LRNDIS\src\usbd_rndis.o
 .ARM.attributes
                0x00000290       0x39 Middlewares\ST\STM32_USB_Device_Library\Core\Src\usbd_core.o
 .ARM.attributes
                0x000002c9       0x39 Middlewares\ST\STM32_USB_Device_Library\Core\Src\usbd_ctlreq.o
 .ARM.attributes
                0x00000302       0x39 Middlewares\ST\STM32_USB_Device_Library\Core\Src\usbd_ioreq.o
 .ARM.attributes
                0x0000033b       0x39 Src\communication.o
 .ARM.attributes
                0x00000374       0x39 Src\hw_config.o
 .ARM.attributes
                0x000003ad       0x39 Src\main.o
 .ARM.attributes
                0x000003e6       0x39 Src\stm32f4xx_hal_msp.o
 .ARM.attributes
                0x0000041f       0x39 Src\stm32f4xx_it.o
 .ARM.attributes
                0x00000458       0x39 Src\system_stm32f4xx.o
 .ARM.attributes
                0x00000491       0x39 Src\time.o
 .ARM.attributes
                0x000004ca       0x39 WEB\dhcp-server\dhserver.o
 .ARM.attributes
                0x00000503       0x39 WEB\dns-server\dnserver.o
 .ARM.attributes
                0x0000053c       0x39 WEB\lwip-1.4.1\src\core\def.o
 .ARM.attributes
                0x00000575       0x39 WEB\lwip-1.4.1\src\core\init.o
 .ARM.attributes
                0x000005ae       0x39 WEB\lwip-1.4.1\src\core\ipv4\icmp.o
 .ARM.attributes
                0x000005e7       0x39 WEB\lwip-1.4.1\src\core\ipv4\inet_chksum.o
 .ARM.attributes
                0x00000620       0x39 WEB\lwip-1.4.1\src\core\ipv4\ip.o
 .ARM.attributes
                0x00000659       0x39 WEB\lwip-1.4.1\src\core\ipv4\ip_addr.o
 .ARM.attributes
                0x00000692       0x39 WEB\lwip-1.4.1\src\core\ipv4\ip_frag.o
 .ARM.attributes
                0x000006cb       0x39 WEB\lwip-1.4.1\src\core\mem.o
 .ARM.attributes
                0x00000704       0x39 WEB\lwip-1.4.1\src\core\memp.o
 .ARM.attributes
                0x0000073d       0x39 WEB\lwip-1.4.1\src\core\netif.o
 .ARM.attributes
                0x00000776       0x39 WEB\lwip-1.4.1\src\core\pbuf.o
 .ARM.attributes
                0x000007af       0x39 WEB\lwip-1.4.1\src\core\raw.o
 .ARM.attributes
                0x000007e8       0x39 WEB\lwip-1.4.1\src\core\stats.o
 .ARM.attributes
                0x00000821       0x39 WEB\lwip-1.4.1\src\core\tcp.o
 .ARM.attributes
                0x0000085a       0x39 WEB\lwip-1.4.1\src\core\tcp_in.o
 .ARM.attributes
                0x00000893       0x39 WEB\lwip-1.4.1\src\core\tcp_out.o
 .ARM.attributes
                0x000008cc       0x39 WEB\lwip-1.4.1\src\core\timers.o
 .ARM.attributes
                0x00000905       0x39 WEB\lwip-1.4.1\src\core\udp.o
 .ARM.attributes
                0x0000093e       0x39 WEB\lwip-1.4.1\src\netif\etharp.o
 .ARM.attributes
                0x00000977       0x21 startup\startup_stm32f411xe.o
 .ARM.attributes
                0x00000998       0x34 c:/program files (x86)/atollic/truestudio for arm 8.0.0/armtools/bin/../lib/gcc/arm-atollic-eabi/6.3.1/../../../../arm-atollic-eabi/lib/armv7e-m/fpu\libc_nano.a(lib_a-init.o)
 .ARM.attributes
                0x000009cc       0x34 c:/program files (x86)/atollic/truestudio for arm 8.0.0/armtools/bin/../lib/gcc/arm-atollic-eabi/6.3.1/../../../../arm-atollic-eabi/lib/armv7e-m/fpu\libc_nano.a(lib_a-memcmp.o)
 .ARM.attributes
                0x00000a00       0x34 c:/program files (x86)/atollic/truestudio for arm 8.0.0/armtools/bin/../lib/gcc/arm-atollic-eabi/6.3.1/../../../../arm-atollic-eabi/lib/armv7e-m/fpu\libc_nano.a(lib_a-memcpy-stub.o)
 .ARM.attributes
                0x00000a34       0x34 c:/program files (x86)/atollic/truestudio for arm 8.0.0/armtools/bin/../lib/gcc/arm-atollic-eabi/6.3.1/../../../../arm-atollic-eabi/lib/armv7e-m/fpu\libc_nano.a(lib_a-memset.o)
 .ARM.attributes
                0x00000a68       0x20 c:/program files (x86)/atollic/truestudio for arm 8.0.0/armtools/bin/../lib/gcc/arm-atollic-eabi/6.3.1/../../../../arm-atollic-eabi/lib/armv7e-m/fpu\libc_nano.a(lib_a-strcmp.o)
 .ARM.attributes
                0x00000a88       0x1b c:/program files (x86)/atollic/truestudio for arm 8.0.0/armtools/bin/../lib/gcc/arm-atollic-eabi/6.3.1/../../../../arm-atollic-eabi/lib/armv7e-m/fpu\libc_nano.a(lib_a-strlen.o)
 .ARM.attributes
                0x00000aa3       0x22 c:/program files (x86)/atollic/truestudio for arm 8.0.0/armtools/bin/../lib/gcc/arm-atollic-eabi/6.3.1/armv7e-m/fpu\libgcc.a(_aeabi_ldivmod.o)
 .ARM.attributes
                0x00000ac5       0x22 c:/program files (x86)/atollic/truestudio for arm 8.0.0/armtools/bin/../lib/gcc/arm-atollic-eabi/6.3.1/armv7e-m/fpu\libgcc.a(_aeabi_uldivmod.o)
 .ARM.attributes
                0x00000ae7       0x34 c:/program files (x86)/atollic/truestudio for arm 8.0.0/armtools/bin/../lib/gcc/arm-atollic-eabi/6.3.1/armv7e-m/fpu\libgcc.a(_udivmoddi4.o)
 .ARM.attributes
                0x00000b1b       0x22 c:/program files (x86)/atollic/truestudio for arm 8.0.0/armtools/bin/../lib/gcc/arm-atollic-eabi/6.3.1/armv7e-m/fpu\libgcc.a(_dvmd_tls.o)
 .ARM.attributes
                0x00000b3d       0x22 c:/program files (x86)/atollic/truestudio for arm 8.0.0/armtools/bin/../lib/gcc/arm-atollic-eabi/6.3.1/armv7e-m/fpu/crtn.o
OUTPUT(TCC.elf elf32-littlearm)

.debug_info     0x00000000    0x3375b
 .debug_info    0x00000000     0x1094 Drivers\STM32F4xx_HAL_Driver\Src\stm32f4xx_hal.o
 .debug_info    0x00001094     0x16b4 Drivers\STM32F4xx_HAL_Driver\Src\stm32f4xx_hal_cortex.o
 .debug_info    0x00002748      0xfb0 Drivers\STM32F4xx_HAL_Driver\Src\stm32f4xx_hal_gpio.o
 .debug_info    0x000036f8     0x1c57 Drivers\STM32F4xx_HAL_Driver\Src\stm32f4xx_hal_pcd.o
 .debug_info    0x0000534f     0x1266 Drivers\STM32F4xx_HAL_Driver\Src\stm32f4xx_hal_rcc.o
 .debug_info    0x000065b5     0x1f59 Drivers\STM32F4xx_HAL_Driver\Src\stm32f4xx_ll_usb.o
 .debug_info    0x0000850e      0xe3e LRNDIS\src\usb_device.o
 .debug_info    0x0000934c     0x2168 LRNDIS\src\usbd_conf.o
 .debug_info    0x0000b4b4      0xd71 LRNDIS\src\usbd_desc.o
 .debug_info    0x0000c225     0x22ff LRNDIS\src\usbd_rndis.o
 .debug_info    0x0000e524     0x1466 Middlewares\ST\STM32_USB_Device_Library\Core\Src\usbd_core.o
 .debug_info    0x0000f98a     0x1499 Middlewares\ST\STM32_USB_Device_Library\Core\Src\usbd_ctlreq.o
 .debug_info    0x00010e23      0xfc5 Middlewares\ST\STM32_USB_Device_Library\Core\Src\usbd_ioreq.o
 .debug_info    0x00011de8     0x21c8 Src\communication.o
 .debug_info    0x00013fb0     0x145e Src\hw_config.o
 .debug_info    0x0001540e      0xa42 Src\main.o
 .debug_info    0x00015e50      0xbd1 Src\stm32f4xx_hal_msp.o
 .debug_info    0x00016a21      0xd71 Src\stm32f4xx_it.o
 .debug_info    0x00017792      0xd46 Src\system_stm32f4xx.o
 .debug_info    0x000184d8     0x112b Src\time.o
 .debug_info    0x00019603     0x16cc WEB\dhcp-server\dhserver.o
 .debug_info    0x0001accf     0x1352 WEB\dns-server\dnserver.o
 .debug_info    0x0001c021      0x112 WEB\lwip-1.4.1\src\core\def.o
 .debug_info    0x0001c133      0xc9e WEB\lwip-1.4.1\src\core\init.o
 .debug_info    0x0001cdd1     0x12c2 WEB\lwip-1.4.1\src\core\ipv4\icmp.o
 .debug_info    0x0001e093      0xc8e WEB\lwip-1.4.1\src\core\ipv4\inet_chksum.o
 .debug_info    0x0001ed21     0x1a4d WEB\lwip-1.4.1\src\core\ipv4\ip.o
 .debug_info    0x0002076e      0x5cb WEB\lwip-1.4.1\src\core\ipv4\ip_addr.o
 .debug_info    0x00020d39     0x18eb WEB\lwip-1.4.1\src\core\ipv4\ip_frag.o
 .debug_info    0x00022624      0xd94 WEB\lwip-1.4.1\src\core\mem.o
 .debug_info    0x000233b8     0x15e4 WEB\lwip-1.4.1\src\core\memp.o
 .debug_info    0x0002499c     0x1045 WEB\lwip-1.4.1\src\core\netif.o
 .debug_info    0x000259e1     0x1dc8 WEB\lwip-1.4.1\src\core\pbuf.o
 .debug_info    0x000277a9     0x1296 WEB\lwip-1.4.1\src\core\raw.o
 .debug_info    0x00028a3f      0xa88 WEB\lwip-1.4.1\src\core\stats.o
 .debug_info    0x000294c7     0x2617 WEB\lwip-1.4.1\src\core\tcp.o
 .debug_info    0x0002bade     0x1787 WEB\lwip-1.4.1\src\core\tcp_in.o
 .debug_info    0x0002d265     0x242e WEB\lwip-1.4.1\src\core\tcp_out.o
 .debug_info    0x0002f693      0xe01 WEB\lwip-1.4.1\src\core\timers.o
 .debug_info    0x00030494     0x16fb WEB\lwip-1.4.1\src\core\udp.o
 .debug_info    0x00031b8f     0x1b5b WEB\lwip-1.4.1\src\netif\etharp.o
 .debug_info    0x000336ea       0x71 startup\startup_stm32f411xe.o

.debug_abbrev   0x00000000     0x76f4
 .debug_abbrev  0x00000000      0x2cf Drivers\STM32F4xx_HAL_Driver\Src\stm32f4xx_hal.o
 .debug_abbrev  0x000002cf      0x399 Drivers\STM32F4xx_HAL_Driver\Src\stm32f4xx_hal_cortex.o
 .debug_abbrev  0x00000668      0x268 Drivers\STM32F4xx_HAL_Driver\Src\stm32f4xx_hal_gpio.o
 .debug_abbrev  0x000008d0      0x397 Drivers\STM32F4xx_HAL_Driver\Src\stm32f4xx_hal_pcd.o
 .debug_abbrev  0x00000c67      0x348 Drivers\STM32F4xx_HAL_Driver\Src\stm32f4xx_hal_rcc.o
 .debug_abbrev  0x00000faf      0x380 Drivers\STM32F4xx_HAL_Driver\Src\stm32f4xx_ll_usb.o
 .debug_abbrev  0x0000132f      0x1f5 LRNDIS\src\usb_device.o
 .debug_abbrev  0x00001524      0x320 LRNDIS\src\usbd_conf.o
 .debug_abbrev  0x00001844      0x272 LRNDIS\src\usbd_desc.o
 .debug_abbrev  0x00001ab6      0x45c LRNDIS\src\usbd_rndis.o
 .debug_abbrev  0x00001f12      0x308 Middlewares\ST\STM32_USB_Device_Library\Core\Src\usbd_core.o
 .debug_abbrev  0x0000221a      0x3aa Middlewares\ST\STM32_USB_Device_Library\Core\Src\usbd_ctlreq.o
 .debug_abbrev  0x000025c4      0x1da Middlewares\ST\STM32_USB_Device_Library\Core\Src\usbd_ioreq.o
 .debug_abbrev  0x0000279e      0x324 Src\communication.o
 .debug_abbrev  0x00002ac2      0x289 Src\hw_config.o
 .debug_abbrev  0x00002d4b      0x1c8 Src\main.o
 .debug_abbrev  0x00002f13      0x1d3 Src\stm32f4xx_hal_msp.o
 .debug_abbrev  0x000030e6      0x1f6 Src\stm32f4xx_it.o
 .debug_abbrev  0x000032dc      0x1ca Src\system_stm32f4xx.o
 .debug_abbrev  0x000034a6      0x33d Src\time.o
 .debug_abbrev  0x000037e3      0x3e6 WEB\dhcp-server\dhserver.o
 .debug_abbrev  0x00003bc9      0x330 WEB\dns-server\dnserver.o
 .debug_abbrev  0x00003ef9       0xac WEB\lwip-1.4.1\src\core\def.o
 .debug_abbrev  0x00003fa5      0x18d WEB\lwip-1.4.1\src\core\init.o
 .debug_abbrev  0x00004132      0x2f4 WEB\lwip-1.4.1\src\core\ipv4\icmp.o
 .debug_abbrev  0x00004426      0x24e WEB\lwip-1.4.1\src\core\ipv4\inet_chksum.o
 .debug_abbrev  0x00004674      0x2e8 WEB\lwip-1.4.1\src\core\ipv4\ip.o
 .debug_abbrev  0x0000495c      0x200 WEB\lwip-1.4.1\src\core\ipv4\ip_addr.o
 .debug_abbrev  0x00004b5c      0x3ef WEB\lwip-1.4.1\src\core\ipv4\ip_frag.o
 .debug_abbrev  0x00004f4b      0x2b7 WEB\lwip-1.4.1\src\core\mem.o
 .debug_abbrev  0x00005202      0x265 WEB\lwip-1.4.1\src\core\memp.o
 .debug_abbrev  0x00005467      0x342 WEB\lwip-1.4.1\src\core\netif.o
 .debug_abbrev  0x000057a9      0x3c1 WEB\lwip-1.4.1\src\core\pbuf.o
 .debug_abbrev  0x00005b6a      0x2f4 WEB\lwip-1.4.1\src\core\raw.o
 .debug_abbrev  0x00005e5e      0x196 WEB\lwip-1.4.1\src\core\stats.o
 .debug_abbrev  0x00005ff4      0x4e4 WEB\lwip-1.4.1\src\core\tcp.o
 .debug_abbrev  0x000064d8      0x39a WEB\lwip-1.4.1\src\core\tcp_in.o
 .debug_abbrev  0x00006872      0x433 WEB\lwip-1.4.1\src\core\tcp_out.o
 .debug_abbrev  0x00006ca5      0x25b WEB\lwip-1.4.1\src\core\timers.o
 .debug_abbrev  0x00006f00      0x3fb WEB\lwip-1.4.1\src\core\udp.o
 .debug_abbrev  0x000072fb      0x3e7 WEB\lwip-1.4.1\src\netif\etharp.o
 .debug_abbrev  0x000076e2       0x12 startup\startup_stm32f411xe.o

.debug_loc      0x00000000     0xd6a7
 .debug_loc     0x00000000       0x69 Drivers\STM32F4xx_HAL_Driver\Src\stm32f4xx_hal.o
 .debug_loc     0x00000069      0x4fb Drivers\STM32F4xx_HAL_Driver\Src\stm32f4xx_hal_cortex.o
 .debug_loc     0x00000564      0x381 Drivers\STM32F4xx_HAL_Driver\Src\stm32f4xx_hal_gpio.o
 .debug_loc     0x000008e5      0xb60 Drivers\STM32F4xx_HAL_Driver\Src\stm32f4xx_hal_pcd.o
 .debug_loc     0x00001445      0x2d3 Drivers\STM32F4xx_HAL_Driver\Src\stm32f4xx_hal_rcc.o
 .debug_loc     0x00001718     0x1632 Drivers\STM32F4xx_HAL_Driver\Src\stm32f4xx_ll_usb.o
 .debug_loc     0x00002d4a      0x6b0 LRNDIS\src\usbd_conf.o
 .debug_loc     0x000033fa      0x273 LRNDIS\src\usbd_desc.o
 .debug_loc     0x0000366d      0x607 LRNDIS\src\usbd_rndis.o
 .debug_loc     0x00003c74      0x5f2 Middlewares\ST\STM32_USB_Device_Library\Core\Src\usbd_core.o
 .debug_loc     0x00004266      0x7cd Middlewares\ST\STM32_USB_Device_Library\Core\Src\usbd_ctlreq.o
 .debug_loc     0x00004a33      0x23c Middlewares\ST\STM32_USB_Device_Library\Core\Src\usbd_ioreq.o
 .debug_loc     0x00004c6f      0x380 Src\communication.o
 .debug_loc     0x00004fef      0x11c Src\system_stm32f4xx.o
 .debug_loc     0x0000510b      0x13f Src\time.o
 .debug_loc     0x0000524a      0x565 WEB\dhcp-server\dhserver.o
 .debug_loc     0x000057af      0x2ea WEB\dns-server\dnserver.o
 .debug_loc     0x00005a99       0x63 WEB\lwip-1.4.1\src\core\def.o
 .debug_loc     0x00005afc      0x2ce WEB\lwip-1.4.1\src\core\ipv4\icmp.o
 .debug_loc     0x00005dca      0x625 WEB\lwip-1.4.1\src\core\ipv4\inet_chksum.o
 .debug_loc     0x000063ef      0x47a WEB\lwip-1.4.1\src\core\ipv4\ip.o
 .debug_loc     0x00006869      0x4ed WEB\lwip-1.4.1\src\core\ipv4\ip_addr.o
 .debug_loc     0x00006d56      0xa80 WEB\lwip-1.4.1\src\core\ipv4\ip_frag.o
 .debug_loc     0x000077d6      0x31d WEB\lwip-1.4.1\src\core\mem.o
 .debug_loc     0x00007af3       0xca WEB\lwip-1.4.1\src\core\memp.o
 .debug_loc     0x00007bbd      0x419 WEB\lwip-1.4.1\src\core\netif.o
 .debug_loc     0x00007fd6      0xe8b WEB\lwip-1.4.1\src\core\pbuf.o
 .debug_loc     0x00008e61      0x3a1 WEB\lwip-1.4.1\src\core\raw.o
 .debug_loc     0x00009202     0x109d WEB\lwip-1.4.1\src\core\tcp.o
 .debug_loc     0x0000a29f      0x851 WEB\lwip-1.4.1\src\core\tcp_in.o
 .debug_loc     0x0000aaf0     0x1359 WEB\lwip-1.4.1\src\core\tcp_out.o
 .debug_loc     0x0000be49      0x252 WEB\lwip-1.4.1\src\core\timers.o
 .debug_loc     0x0000c09b      0x770 WEB\lwip-1.4.1\src\core\udp.o
 .debug_loc     0x0000c80b      0xe9c WEB\lwip-1.4.1\src\netif\etharp.o

.debug_aranges  0x00000000     0x1160
 .debug_aranges
                0x00000000       0xc0 Drivers\STM32F4xx_HAL_Driver\Src\stm32f4xx_hal.o
 .debug_aranges
                0x000000c0       0xa8 Drivers\STM32F4xx_HAL_Driver\Src\stm32f4xx_hal_cortex.o
 .debug_aranges
                0x00000168       0x58 Drivers\STM32F4xx_HAL_Driver\Src\stm32f4xx_hal_gpio.o
 .debug_aranges
                0x000001c0       0xc0 Drivers\STM32F4xx_HAL_Driver\Src\stm32f4xx_hal_pcd.o
 .debug_aranges
                0x00000280       0x88 Drivers\STM32F4xx_HAL_Driver\Src\stm32f4xx_hal_rcc.o
 .debug_aranges
                0x00000308      0x178 Drivers\STM32F4xx_HAL_Driver\Src\stm32f4xx_ll_usb.o
 .debug_aranges
                0x00000480       0x20 LRNDIS\src\usb_device.o
 .debug_aranges
                0x000004a0      0x110 LRNDIS\src\usbd_conf.o
 .debug_aranges
                0x000005b0       0x50 LRNDIS\src\usbd_desc.o
 .debug_aranges
                0x00000600       0xd8 LRNDIS\src\usbd_rndis.o
 .debug_aranges
                0x000006d8       0xa8 Middlewares\ST\STM32_USB_Device_Library\Core\Src\usbd_core.o
 .debug_aranges
                0x00000780       0x50 Middlewares\ST\STM32_USB_Device_Library\Core\Src\usbd_ctlreq.o
 .debug_aranges
                0x000007d0       0x50 Middlewares\ST\STM32_USB_Device_Library\Core\Src\usbd_ioreq.o
 .debug_aranges
                0x00000820       0x80 Src\communication.o
 .debug_aranges
                0x000008a0       0x48 Src\hw_config.o
 .debug_aranges
                0x000008e8       0x28 Src\main.o
 .debug_aranges
                0x00000910       0x20 Src\stm32f4xx_hal_msp.o
 .debug_aranges
                0x00000930       0x28 Src\stm32f4xx_it.o
 .debug_aranges
                0x00000958       0x28 Src\system_stm32f4xx.o
 .debug_aranges
                0x00000980       0x50 Src\time.o
 .debug_aranges
                0x000009d0       0x48 WEB\dhcp-server\dhserver.o
 .debug_aranges
                0x00000a18       0x30 WEB\dns-server\dnserver.o
 .debug_aranges
                0x00000a48       0x30 WEB\lwip-1.4.1\src\core\def.o
 .debug_aranges
                0x00000a78       0x20 WEB\lwip-1.4.1\src\core\init.o
 .debug_aranges
                0x00000a98       0x38 WEB\lwip-1.4.1\src\core\ipv4\icmp.o
 .debug_aranges
                0x00000ad0       0x40 WEB\lwip-1.4.1\src\core\ipv4\inet_chksum.o
 .debug_aranges
                0x00000b10       0x38 WEB\lwip-1.4.1\src\core\ipv4\ip.o
 .debug_aranges
                0x00000b48       0x48 WEB\lwip-1.4.1\src\core\ipv4\ip_addr.o
 .debug_aranges
                0x00000b90       0x48 WEB\lwip-1.4.1\src\core\ipv4\ip_frag.o
 .debug_aranges
                0x00000bd8       0x40 WEB\lwip-1.4.1\src\core\mem.o
 .debug_aranges
                0x00000c18       0x30 WEB\lwip-1.4.1\src\core\memp.o
 .debug_aranges
                0x00000c48       0x80 WEB\lwip-1.4.1\src\core\netif.o
 .debug_aranges
                0x00000cc8       0xb0 WEB\lwip-1.4.1\src\core\pbuf.o
 .debug_aranges
                0x00000d78       0x58 WEB\lwip-1.4.1\src\core\raw.o
 .debug_aranges
                0x00000dd0       0x20 WEB\lwip-1.4.1\src\core\stats.o
 .debug_aranges
                0x00000df0      0x130 WEB\lwip-1.4.1\src\core\tcp.o
 .debug_aranges
                0x00000f20       0x38 WEB\lwip-1.4.1\src\core\tcp_in.o
 .debug_aranges
                0x00000f58       0x88 WEB\lwip-1.4.1\src\core\tcp_out.o
 .debug_aranges
                0x00000fe0       0x60 WEB\lwip-1.4.1\src\core\timers.o
 .debug_aranges
                0x00001040       0x70 WEB\lwip-1.4.1\src\core\udp.o
 .debug_aranges
                0x000010b0       0x88 WEB\lwip-1.4.1\src\netif\etharp.o
 .debug_aranges
                0x00001138       0x28 startup\startup_stm32f411xe.o

.debug_ranges   0x00000000     0x1588
 .debug_ranges  0x00000000       0xb0 Drivers\STM32F4xx_HAL_Driver\Src\stm32f4xx_hal.o
 .debug_ranges  0x000000b0      0x138 Drivers\STM32F4xx_HAL_Driver\Src\stm32f4xx_hal_cortex.o
 .debug_ranges  0x000001e8       0x68 Drivers\STM32F4xx_HAL_Driver\Src\stm32f4xx_hal_gpio.o
 .debug_ranges  0x00000250       0xc8 Drivers\STM32F4xx_HAL_Driver\Src\stm32f4xx_hal_pcd.o
 .debug_ranges  0x00000318       0xc8 Drivers\STM32F4xx_HAL_Driver\Src\stm32f4xx_hal_rcc.o
 .debug_ranges  0x000003e0      0x180 Drivers\STM32F4xx_HAL_Driver\Src\stm32f4xx_ll_usb.o
 .debug_ranges  0x00000560       0x10 LRNDIS\src\usb_device.o
 .debug_ranges  0x00000570      0x118 LRNDIS\src\usbd_conf.o
 .debug_ranges  0x00000688       0x40 LRNDIS\src\usbd_desc.o
 .debug_ranges  0x000006c8       0xe0 LRNDIS\src\usbd_rndis.o
 .debug_ranges  0x000007a8       0x98 Middlewares\ST\STM32_USB_Device_Library\Core\Src\usbd_core.o
 .debug_ranges  0x00000840       0xc0 Middlewares\ST\STM32_USB_Device_Library\Core\Src\usbd_ctlreq.o
 .debug_ranges  0x00000900       0x40 Middlewares\ST\STM32_USB_Device_Library\Core\Src\usbd_ioreq.o
 .debug_ranges  0x00000940       0x70 Src\communication.o
 .debug_ranges  0x000009b0       0x60 Src\hw_config.o
 .debug_ranges  0x00000a10       0x18 Src\main.o
 .debug_ranges  0x00000a28       0x10 Src\stm32f4xx_hal_msp.o
 .debug_ranges  0x00000a38       0x18 Src\stm32f4xx_it.o
 .debug_ranges  0x00000a50       0x18 Src\system_stm32f4xx.o
 .debug_ranges  0x00000a68       0x58 Src\time.o
 .debug_ranges  0x00000ac0       0x68 WEB\dhcp-server\dhserver.o
 .debug_ranges  0x00000b28       0x58 WEB\dns-server\dnserver.o
 .debug_ranges  0x00000b80       0x20 WEB\lwip-1.4.1\src\core\def.o
 .debug_ranges  0x00000ba0       0x10 WEB\lwip-1.4.1\src\core\init.o
 .debug_ranges  0x00000bb0       0x28 WEB\lwip-1.4.1\src\core\ipv4\icmp.o