Archive member included to satisfy reference by file (symbol)

c:/program files (x86)/atollic/truestudio for arm 8.0.0/armtools/bin/../lib/gcc/arm-atollic-eabi/6.3.1/../../../../arm-atollic-eabi/lib/armv7e-m/fpu\libc_nano.a(lib_a-init.o)
                              startup\startup_stm32f411xe.o (__libc_init_array)
c:/program files (x86)/atollic/truestudio for arm 8.0.0/armtools/bin/../lib/gcc/arm-atollic-eabi/6.3.1/../../../../arm-atollic-eabi/lib/armv7e-m/fpu\libc_nano.a(lib_a-malloc.o)
                              LRNDIS\src\usbd_conf.o (free)
c:/program files (x86)/atollic/truestudio for arm 8.0.0/armtools/bin/../lib/gcc/arm-atollic-eabi/6.3.1/../../../../arm-atollic-eabi/lib/armv7e-m/fpu\libc_nano.a(lib_a-memcmp.o)
                              WEB\dhcp-server\dhserver.o (memcmp)
c:/program files (x86)/atollic/truestudio for arm 8.0.0/armtools/bin/../lib/gcc/arm-atollic-eabi/6.3.1/../../../../arm-atollic-eabi/lib/armv7e-m/fpu\libc_nano.a(lib_a-memcpy-stub.o)
                              LRNDIS\src\usbd_rndis.o (memcpy)
c:/program files (x86)/atollic/truestudio for arm 8.0.0/armtools/bin/../lib/gcc/arm-atollic-eabi/6.3.1/../../../../arm-atollic-eabi/lib/armv7e-m/fpu\libc_nano.a(lib_a-memset.o)
                              LRNDIS\src\usbd_rndis.o (memset)
c:/program files (x86)/atollic/truestudio for arm 8.0.0/armtools/bin/../lib/gcc/arm-atollic-eabi/6.3.1/../../../../arm-atollic-eabi/lib/armv7e-m/fpu\libc_nano.a(lib_a-nano-freer.o)
                              c:/program files (x86)/atollic/truestudio for arm 8.0.0/armtools/bin/../lib/gcc/arm-atollic-eabi/6.3.1/../../../../arm-atollic-eabi/lib/armv7e-m/fpu\libc_nano.a(lib_a-malloc.o) (_free_r)
c:/program files (x86)/atollic/truestudio for arm 8.0.0/armtools/bin/../lib/gcc/arm-atollic-eabi/6.3.1/../../../../arm-atollic-eabi/lib/armv7e-m/fpu\libc_nano.a(lib_a-nano-mallocr.o)
                              c:/program files (x86)/atollic/truestudio for arm 8.0.0/armtools/bin/../lib/gcc/arm-atollic-eabi/6.3.1/../../../../arm-atollic-eabi/lib/armv7e-m/fpu\libc_nano.a(lib_a-malloc.o) (_malloc_r)
c:/program files (x86)/atollic/truestudio for arm 8.0.0/armtools/bin/../lib/gcc/arm-atollic-eabi/6.3.1/../../../../arm-atollic-eabi/lib/armv7e-m/fpu\libc_nano.a(lib_a-sbrkr.o)
                              c:/program files (x86)/atollic/truestudio for arm 8.0.0/armtools/bin/../lib/gcc/arm-atollic-eabi/6.3.1/../../../../arm-atollic-eabi/lib/armv7e-m/fpu\libc_nano.a(lib_a-nano-mallocr.o) (_sbrk_r)
c:/program files (x86)/atollic/truestudio for arm 8.0.0/armtools/bin/../lib/gcc/arm-atollic-eabi/6.3.1/../../../../arm-atollic-eabi/lib/armv7e-m/fpu\libc_nano.a(lib_a-strcmp.o)
                              Src\communication.o (strcmp)
c:/program files (x86)/atollic/truestudio for arm 8.0.0/armtools/bin/../lib/gcc/arm-atollic-eabi/6.3.1/../../../../arm-atollic-eabi/lib/armv7e-m/fpu\libc_nano.a(lib_a-strlen.o)
                              WEB\dhcp-server\dhserver.o (strlen)
c:/program files (x86)/atollic/truestudio for arm 8.0.0/armtools/bin/../lib/gcc/arm-atollic-eabi/6.3.1/../../../../arm-atollic-eabi/lib/armv7e-m/fpu\libc_nano.a(lib_a-impure.o)
                              c:/program files (x86)/atollic/truestudio for arm 8.0.0/armtools/bin/../lib/gcc/arm-atollic-eabi/6.3.1/../../../../arm-atollic-eabi/lib/armv7e-m/fpu\libc_nano.a(lib_a-malloc.o) (_impure_ptr)
c:/program files (x86)/atollic/truestudio for arm 8.0.0/armtools/bin/../lib/gcc/arm-atollic-eabi/6.3.1/../../../../arm-atollic-eabi/lib/armv7e-m/fpu\libc_nano.a(lib_a-mlock.o)
                              c:/program files (x86)/atollic/truestudio for arm 8.0.0/armtools/bin/../lib/gcc/arm-atollic-eabi/6.3.1/../../../../arm-atollic-eabi/lib/armv7e-m/fpu\libc_nano.a(lib_a-nano-freer.o) (__malloc_lock)
c:/program files (x86)/atollic/truestudio for arm 8.0.0/armtools/bin/../lib/gcc/arm-atollic-eabi/6.3.1/../../../../arm-atollic-eabi/lib/armv7e-m/fpu\libc_nano.a(lib_a-reent.o)
                              c:/program files (x86)/atollic/truestudio for arm 8.0.0/armtools/bin/../lib/gcc/arm-atollic-eabi/6.3.1/../../../../arm-atollic-eabi/lib/armv7e-m/fpu\libc_nano.a(lib_a-sbrkr.o) (errno)
c:/program files (x86)/atollic/truestudio for arm 8.0.0/armtools/bin/../lib/gcc/arm-atollic-eabi/6.3.1/armv7e-m/fpu\libgcc.a(_aeabi_ldivmod.o)
                              Src\time.o (__aeabi_ldivmod)
c:/program files (x86)/atollic/truestudio for arm 8.0.0/armtools/bin/../lib/gcc/arm-atollic-eabi/6.3.1/armv7e-m/fpu\libgcc.a(_aeabi_uldivmod.o)
                              Drivers\STM32F4xx_HAL_Driver\Src\stm32f4xx_hal_rcc.o (__aeabi_uldivmod)
c:/program files (x86)/atollic/truestudio for arm 8.0.0/armtools/bin/../lib/gcc/arm-atollic-eabi/6.3.1/armv7e-m/fpu\libgcc.a(_udivmoddi4.o)
                              c:/program files (x86)/atollic/truestudio for arm 8.0.0/armtools/bin/../lib/gcc/arm-atollic-eabi/6.3.1/armv7e-m/fpu\libgcc.a(_aeabi_ldivmod.o) (__udivmoddi4)
[...]
Memory Configuration

Name             Origin             Length             Attributes
RAM              0x20000000         0x00020000         xrw
FLASH            0x08000000         0x00080000         xr
*default*        0x00000000         0xffffffff

Linker script and memory map

LOAD c:/program files (x86)/atollic/truestudio for arm 8.0.0/armtools/bin/../lib/gcc/arm-atollic-eabi/6.3.1/armv7e-m/fpu/crti.o
LOAD c:/program files (x86)/atollic/truestudio for arm 8.0.0/armtools/bin/../lib/gcc/arm-atollic-eabi/6.3.1/armv7e-m/fpu/crtbegin.o
LOAD Drivers\STM32F4xx_HAL_Driver\Src\stm32f4xx_hal.o
LOAD Drivers\STM32F4xx_HAL_Driver\Src\stm32f4xx_hal_cortex.o
LOAD Drivers\STM32F4xx_HAL_Driver\Src\stm32f4xx_hal_dma.o
LOAD Drivers\STM32F4xx_HAL_Driver\Src\stm32f4xx_hal_dma_ex.o
LOAD Drivers\STM32F4xx_HAL_Driver\Src\stm32f4xx_hal_flash.o
LOAD Drivers\STM32F4xx_HAL_Driver\Src\stm32f4xx_hal_flash_ex.o
LOAD Drivers\STM32F4xx_HAL_Driver\Src\stm32f4xx_hal_flash_ramfunc.o
LOAD Drivers\STM32F4xx_HAL_Driver\Src\stm32f4xx_hal_gpio.o
LOAD Drivers\STM32F4xx_HAL_Driver\Src\stm32f4xx_hal_pcd.o
LOAD Drivers\STM32F4xx_HAL_Driver\Src\stm32f4xx_hal_pcd_ex.o
LOAD Drivers\STM32F4xx_HAL_Driver\Src\stm32f4xx_hal_pwr.o
LOAD Drivers\STM32F4xx_HAL_Driver\Src\stm32f4xx_hal_pwr_ex.o
LOAD Drivers\STM32F4xx_HAL_Driver\Src\stm32f4xx_hal_rcc.o
LOAD Drivers\STM32F4xx_HAL_Driver\Src\stm32f4xx_hal_rcc_ex.o
LOAD Drivers\STM32F4xx_HAL_Driver\Src\stm32f4xx_hal_tim.o
LOAD Drivers\STM32F4xx_HAL_Driver\Src\stm32f4xx_hal_tim_ex.o
LOAD Drivers\STM32F4xx_HAL_Driver\Src\stm32f4xx_ll_usb.o
LOAD LRNDIS\src\usb_device.o
LOAD LRNDIS\src\usbd_conf.o
LOAD LRNDIS\src\usbd_desc.o
LOAD LRNDIS\src\usbd_rndis.o
LOAD Middlewares\ST\STM32_USB_Device_Library\Core\Src\usbd_core.o
LOAD Middlewares\ST\STM32_USB_Device_Library\Core\Src\usbd_ctlreq.o
LOAD Middlewares\ST\STM32_USB_Device_Library\Core\Src\usbd_ioreq.o
LOAD Src\communication.o
LOAD Src\hw_config.o
LOAD Src\main.o
LOAD Src\stm32f4xx_hal_msp.o
LOAD Src\stm32f4xx_it.o
LOAD Src\system_stm32f4xx.o
LOAD Src\time.o
LOAD WEB\dhcp-server\dhserver.o
LOAD WEB\dns-server\dnserver.o
LOAD WEB\lwip-1.4.1\src\api\api_lib.o
LOAD WEB\lwip-1.4.1\src\api\api_msg.o
LOAD WEB\lwip-1.4.1\src\api\err.o
LOAD WEB\lwip-1.4.1\src\api\netbuf.o
LOAD WEB\lwip-1.4.1\src\api\netdb.o
LOAD WEB\lwip-1.4.1\src\api\netifapi.o
LOAD WEB\lwip-1.4.1\src\api\sockets.o
LOAD WEB\lwip-1.4.1\src\api\tcpip.o
LOAD WEB\lwip-1.4.1\src\core\def.o
LOAD WEB\lwip-1.4.1\src\core\dhcp.o
LOAD WEB\lwip-1.4.1\src\core\dns.o
LOAD WEB\lwip-1.4.1\src\core\init.o
LOAD WEB\lwip-1.4.1\src\core\ipv4\autoip.o
LOAD WEB\lwip-1.4.1\src\core\ipv4\icmp.o
LOAD WEB\lwip-1.4.1\src\core\ipv4\igmp.o
LOAD WEB\lwip-1.4.1\src\core\ipv4\inet.o
LOAD WEB\lwip-1.4.1\src\core\ipv4\inet_chksum.o
LOAD WEB\lwip-1.4.1\src\core\ipv4\ip.o
LOAD WEB\lwip-1.4.1\src\core\ipv4\ip_addr.o
LOAD WEB\lwip-1.4.1\src\core\ipv4\ip_frag.o
LOAD WEB\lwip-1.4.1\src\core\mem.o
LOAD WEB\lwip-1.4.1\src\core\memp.o
LOAD WEB\lwip-1.4.1\src\core\netif.o
LOAD WEB\lwip-1.4.1\src\core\pbuf.o
LOAD WEB\lwip-1.4.1\src\core\raw.o
LOAD WEB\lwip-1.4.1\src\core\snmp\asn1_dec.o
LOAD WEB\lwip-1.4.1\src\core\snmp\asn1_enc.o
LOAD WEB\lwip-1.4.1\src\core\snmp\mib2.o
LOAD WEB\lwip-1.4.1\src\core\snmp\mib_structs.o
LOAD WEB\lwip-1.4.1\src\core\snmp\msg_in.o
LOAD WEB\lwip-1.4.1\src\core\snmp\msg_out.o
LOAD WEB\lwip-1.4.1\src\core\stats.o
LOAD WEB\lwip-1.4.1\src\core\sys.o
LOAD WEB\lwip-1.4.1\src\core\tcp.o
LOAD WEB\lwip-1.4.1\src\core\tcp_in.o
LOAD WEB\lwip-1.4.1\src\core\tcp_out.o
LOAD WEB\lwip-1.4.1\src\core\timers.o
LOAD WEB\lwip-1.4.1\src\core\udp.o
LOAD WEB\lwip-1.4.1\src\netif\etharp.o
LOAD WEB\lwip-1.4.1\src\netif\ethernetif.o
LOAD WEB\lwip-1.4.1\src\netif\ppp\auth.o
LOAD WEB\lwip-1.4.1\src\netif\ppp\chap.o
LOAD WEB\lwip-1.4.1\src\netif\ppp\chpms.o
LOAD WEB\lwip-1.4.1\src\netif\ppp\fsm.o
LOAD WEB\lwip-1.4.1\src\netif\ppp\ipcp.o
LOAD WEB\lwip-1.4.1\src\netif\ppp\lcp.o
LOAD WEB\lwip-1.4.1\src\netif\ppp\magic.o
LOAD WEB\lwip-1.4.1\src\netif\ppp\md5.o
LOAD WEB\lwip-1.4.1\src\netif\ppp\pap.o
LOAD WEB\lwip-1.4.1\src\netif\ppp\ppp.o
LOAD WEB\lwip-1.4.1\src\netif\ppp\ppp_oe.o
LOAD WEB\lwip-1.4.1\src\netif\ppp\randm.o
LOAD WEB\lwip-1.4.1\src\netif\ppp\vj.o
LOAD WEB\lwip-1.4.1\src\netif\slipif.o
LOAD startup\startup_stm32f411xe.o
                0x00000080                malloc_getpagesize_P = 0x80
START GROUP
LOAD c:/program files (x86)/atollic/truestudio for arm 8.0.0/armtools/bin/../lib/gcc/arm-atollic-eabi/6.3.1/../../../../arm-atollic-eabi/lib/armv7e-m/fpu\libc_nano.a
LOAD c:/program files (x86)/atollic/truestudio for arm 8.0.0/armtools/bin/../lib/gcc/arm-atollic-eabi/6.3.1/../../../../arm-atollic-eabi/lib/armv7e-m/fpu\libm.a
END GROUP
START GROUP
LOAD c:/program files (x86)/atollic/truestudio for arm 8.0.0/armtools/bin/../lib/gcc/arm-atollic-eabi/6.3.1/armv7e-m/fpu\libgcc.a
LOAD c:/program files (x86)/atollic/truestudio for arm 8.0.0/armtools/bin/../lib/gcc/arm-atollic-eabi/6.3.1/../../../../arm-atollic-eabi/lib/armv7e-m/fpu\libc_nano.a
END GROUP
START GROUP
LOAD c:/program files (x86)/atollic/truestudio for arm 8.0.0/armtools/bin/../lib/gcc/arm-atollic-eabi/6.3.1/armv7e-m/fpu\libgcc.a
LOAD c:/program files (x86)/atollic/truestudio for arm 8.0.0/armtools/bin/../lib/gcc/arm-atollic-eabi/6.3.1/../../../../arm-atollic-eabi/lib/armv7e-m/fpu\libc_nano.a
LOAD c:/program files (x86)/atollic/truestudio for arm 8.0.0/armtools/bin/../lib/gcc/arm-atollic-eabi/6.3.1/../../../../arm-atollic-eabi/lib/armv7e-m/fpu\libnosys.a
END GROUP
START GROUP
LOAD c:/program files (x86)/atollic/truestudio for arm 8.0.0/armtools/bin/../lib/gcc/arm-atollic-eabi/6.3.1/armv7e-m/fpu\libgcc.a
LOAD c:/program files (x86)/atollic/truestudio for arm 8.0.0/armtools/bin/../lib/gcc/arm-atollic-eabi/6.3.1/../../../../arm-atollic-eabi/lib/armv7e-m/fpu\libc_nano.a
LOAD c:/program files (x86)/atollic/truestudio for arm 8.0.0/armtools/bin/../lib/gcc/arm-atollic-eabi/6.3.1/../../../../arm-atollic-eabi/lib/armv7e-m/fpu\libnosys.a
END GROUP
LOAD c:/program files (x86)/atollic/truestudio for arm 8.0.0/armtools/bin/../lib/gcc/arm-atollic-eabi/6.3.1/armv7e-m/fpu/crtend.o
LOAD c:/program files (x86)/atollic/truestudio for arm 8.0.0/armtools/bin/../lib/gcc/arm-atollic-eabi/6.3.1/armv7e-m/fpu/crtn.o
                0x20020000                _estack = 0x20020000
                0x00000200                _Min_Heap_Size = 0x200
                0x00000400                _Min_Stack_Size = 0x400

.isr_vector     0x08000000      0x198
                0x08000000                . = ALIGN (0x4)
 *(.isr_vector)
 .isr_vector    0x08000000      0x198 startup\startup_stm32f411xe.o
                0x08000000                g_pfnVectors
                0x08000198                . = ALIGN (0x4)

.text           0x08000198     0x7af0
                0x08000198                . = ALIGN (0x4)
 *(.text)
 .text          0x08000198       0x40 c:/program files (x86)/atollic/truestudio for arm 8.0.0/armtools/bin/../lib/gcc/arm-atollic-eabi/6.3.1/armv7e-m/fpu/crtbegin.o
 .text          0x080001d8       0x14 c:/program files (x86)/atollic/truestudio for arm 8.0.0/armtools/bin/../lib/gcc/arm-atollic-eabi/6.3.1/../../../../arm-atollic-eabi/lib/armv7e-m/fpu\libc_nano.a(lib_a-strcmp.o)
                0x080001d8                strcmp
 .text          0x080001ec       0x10 c:/program files (x86)/atollic/truestudio for arm 8.0.0/armtools/bin/../lib/gcc/arm-atollic-eabi/6.3.1/../../../../arm-atollic-eabi/lib/armv7e-m/fpu\libc_nano.a(lib_a-strlen.o)
                0x080001ec                strlen
 .text          0x080001fc       0xa0 c:/program files (x86)/atollic/truestudio for arm 8.0.0/armtools/bin/../lib/gcc/arm-atollic-eabi/6.3.1/armv7e-m/fpu\libgcc.a(_aeabi_ldivmod.o)
                0x080001fc                __aeabi_ldivmod
 .text          0x0800029c       0x30 c:/program files (x86)/atollic/truestudio for arm 8.0.0/armtools/bin/../lib/gcc/arm-atollic-eabi/6.3.1/armv7e-m/fpu\libgcc.a(_aeabi_uldivmod.o)
                0x0800029c                __aeabi_uldivmod
 .text          0x080002cc      0x2dc c:/program files (x86)/atollic/truestudio for arm 8.0.0/armtools/bin/../lib/gcc/arm-atollic-eabi/6.3.1/armv7e-m/fpu\libgcc.a(_udivmoddi4.o)
                0x080002cc                __udivmoddi4
 .text          0x080005a8        0x4 c:/program files (x86)/atollic/truestudio for arm 8.0.0/armtools/bin/../lib/gcc/arm-atollic-eabi/6.3.1/armv7e-m/fpu\libgcc.a(_dvmd_tls.o)
                0x080005a8                __aeabi_idiv0
                0x080005a8                __aeabi_ldiv0
 *(.text*)
 .text.HAL_InitTick
                0x080005ac       0x28 Drivers\STM32F4xx_HAL_Driver\Src\stm32f4xx_hal.o
                0x080005ac                HAL_InitTick
 .text.HAL_Init
                0x080005d4       0x34 Drivers\STM32F4xx_HAL_Driver\Src\stm32f4xx_hal.o
                0x080005d4                HAL_Init
 .text.HAL_IncTick
                0x08000608       0x10 Drivers\STM32F4xx_HAL_Driver\Src\stm32f4xx_hal.o
                0x08000608                HAL_IncTick
 .text.HAL_GetTick
                0x08000618        0xc Drivers\STM32F4xx_HAL_Driver\Src\stm32f4xx_hal.o
                0x08000618                HAL_GetTick
 .text.HAL_Delay
                0x08000624       0x20 Drivers\STM32F4xx_HAL_Driver\Src\stm32f4xx_hal.o
                0x08000624                HAL_Delay
 .text.HAL_NVIC_SetPriorityGrouping
                0x08000644       0x24 Drivers\STM32F4xx_HAL_Driver\Src\stm32f4xx_hal_cortex.o
                0x08000644                HAL_NVIC_SetPriorityGrouping
 .text.HAL_NVIC_SetPriority
                0x08000668       0x68 Drivers\STM32F4xx_HAL_Driver\Src\stm32f4xx_hal_cortex.o
                0x08000668                HAL_NVIC_SetPriority
 .text.HAL_NVIC_EnableIRQ
                0x080006d0       0x18 Drivers\STM32F4xx_HAL_Driver\Src\stm32f4xx_hal_cortex.o
                0x080006d0                HAL_NVIC_EnableIRQ
 .text.HAL_SYSTICK_Config
                0x080006e8       0x2c Drivers\STM32F4xx_HAL_Driver\Src\stm32f4xx_hal_cortex.o
                0x080006e8                HAL_SYSTICK_Config
 .text.HAL_SYSTICK_CLKSourceConfig
                0x08000714       0x18 Drivers\STM32F4xx_HAL_Driver\Src\stm32f4xx_hal_cortex.o
                0x08000714                HAL_SYSTICK_CLKSourceConfig
 .text.HAL_SYSTICK_IRQHandler
                0x0800072c        0x8 Drivers\STM32F4xx_HAL_Driver\Src\stm32f4xx_hal_cortex.o
                0x0800072c                HAL_SYSTICK_IRQHandler
 .text.HAL_GPIO_Init
                0x08000734      0x1ac Drivers\STM32F4xx_HAL_Driver\Src\stm32f4xx_hal_gpio.o
                0x08000734                HAL_GPIO_Init
 .text.HAL_PCD_Init
                0x080008e0       0xd8 Drivers\STM32F4xx_HAL_Driver\Src\stm32f4xx_hal_pcd.o
                0x080008e0                HAL_PCD_Init
 .text.HAL_PCD_Start
                0x080009b8       0x2a Drivers\STM32F4xx_HAL_Driver\Src\stm32f4xx_hal_pcd.o
                0x080009b8                HAL_PCD_Start
 *fill*         0x080009e2        0x2 
 .text.HAL_PCD_IRQHandler
                0x080009e4      0x558 Drivers\STM32F4xx_HAL_Driver\Src\stm32f4xx_hal_pcd.o
                0x080009e4                HAL_PCD_IRQHandler
 .text.HAL_PCD_SetAddress
                0x08000f3c       0x24 Drivers\STM32F4xx_HAL_Driver\Src\stm32f4xx_hal_pcd.o
                0x08000f3c                HAL_PCD_SetAddress
 .text.HAL_PCD_EP_Open
                0x08000f60       0x5c Drivers\STM32F4xx_HAL_Driver\Src\stm32f4xx_hal_pcd.o
                0x08000f60                HAL_PCD_EP_Open
 .text.HAL_PCD_EP_Close
                0x08000fbc       0x46 Drivers\STM32F4xx_HAL_Driver\Src\stm32f4xx_hal_pcd.o
                0x08000fbc                HAL_PCD_EP_Close
 .text.HAL_PCD_EP_Receive
                0x08001002       0x48 Drivers\STM32F4xx_HAL_Driver\Src\stm32f4xx_hal_pcd.o
                0x08001002                HAL_PCD_EP_Receive
 .text.HAL_PCD_EP_Transmit
                0x0800104a       0x40 Drivers\STM32F4xx_HAL_Driver\Src\stm32f4xx_hal_pcd.o
                0x0800104a                HAL_PCD_EP_Transmit
 .text.HAL_PCD_EP_SetStall
                0x0800108a       0x58 Drivers\STM32F4xx_HAL_Driver\Src\stm32f4xx_hal_pcd.o
                0x0800108a                HAL_PCD_EP_SetStall
 .text.HAL_PCD_EP_ClrStall
                0x080010e2       0x4a Drivers\STM32F4xx_HAL_Driver\Src\stm32f4xx_hal_pcd.o
                0x080010e2                HAL_PCD_EP_ClrStall
 .text.HAL_PCDEx_SetTxFiFo
                0x0800112c       0x42 Drivers\STM32F4xx_HAL_Driver\Src\stm32f4xx_hal_pcd_ex.o
                0x0800112c                HAL_PCDEx_SetTxFiFo
 .text.HAL_PCDEx_SetRxFiFo
                0x0800116e        0x8 Drivers\STM32F4xx_HAL_Driver\Src\stm32f4xx_hal_pcd_ex.o
                0x0800116e                HAL_PCDEx_SetRxFiFo
 *fill*         0x08001176        0x2 
 .text.HAL_RCC_OscConfig
                0x08001178      0x2ec Drivers\STM32F4xx_HAL_Driver\Src\stm32f4xx_hal_rcc.o
                0x08001178                HAL_RCC_OscConfig
 .text.HAL_RCC_GetSysClockFreq
                0x08001464       0x5c Drivers\STM32F4xx_HAL_Driver\Src\stm32f4xx_hal_rcc.o
                0x08001464                HAL_RCC_GetSysClockFreq
 .text.HAL_RCC_ClockConfig
                0x080014c0      0x134 Drivers\STM32F4xx_HAL_Driver\Src\stm32f4xx_hal_rcc.o
                0x080014c0                HAL_RCC_ClockConfig
 .text.HAL_RCC_GetHCLKFreq
                0x080015f4        0xc Drivers\STM32F4xx_HAL_Driver\Src\stm32f4xx_hal_rcc.o
                0x080015f4                HAL_RCC_GetHCLKFreq
 .text.USB_CoreInit
                0x08001600       0x74 Drivers\STM32F4xx_HAL_Driver\Src\stm32f4xx_ll_usb.o
                0x08001600                USB_CoreInit
 .text.USB_EnableGlobalInt
                0x08001674        0xc Drivers\STM32F4xx_HAL_Driver\Src\stm32f4xx_ll_usb.o
                0x08001674                USB_EnableGlobalInt
 .text.USB_DisableGlobalInt
                0x08001680        0xc Drivers\STM32F4xx_HAL_Driver\Src\stm32f4xx_ll_usb.o
                0x08001680                USB_DisableGlobalInt
 .text.USB_SetCurrentMode
                0x0800168c       0x2e Drivers\STM32F4xx_HAL_Driver\Src\stm32f4xx_ll_usb.o
                0x0800168c                USB_SetCurrentMode
 *fill*         0x080016ba        0x2 
 .text.USB_DevInit
                0x080016bc      0x138 Drivers\STM32F4xx_HAL_Driver\Src\stm32f4xx_ll_usb.o
                0x080016bc                USB_DevInit
 .text.USB_FlushTxFifo
                0x080017f4       0x24 Drivers\STM32F4xx_HAL_Driver\Src\stm32f4xx_ll_usb.o
                0x080017f4                USB_FlushTxFifo
 .text.USB_FlushRxFifo
                0x08001818       0x20 Drivers\STM32F4xx_HAL_Driver\Src\stm32f4xx_ll_usb.o
                0x08001818                USB_FlushRxFifo
 .text.USB_SetDevSpeed
                0x08001838        0xe Drivers\STM32F4xx_HAL_Driver\Src\stm32f4xx_ll_usb.o
                0x08001838                USB_SetDevSpeed
 .text.USB_GetDevSpeed
                0x08001846       0x36 Drivers\STM32F4xx_HAL_Driver\Src\stm32f4xx_ll_usb.o
                0x08001846                USB_GetDevSpeed
 .text.USB_ActivateEndpoint
                0x0800187c       0x7e Drivers\STM32F4xx_HAL_Driver\Src\stm32f4xx_ll_usb.o
                0x0800187c                USB_ActivateEndpoint
 .text.USB_DeactivateEndpoint
                0x080018fa        0x4 Drivers\STM32F4xx_HAL_Driver\Src\stm32f4xx_ll_usb.o
                0x080018fa                USB_DeactivateEndpoint
 *fill*         0x080018fe        0x2 
 .text.USB_DeactivateDedicatedEndpoint
                0x08001900       0xb0 Drivers\STM32F4xx_HAL_Driver\Src\stm32f4xx_ll_usb.o
                0x08001900                USB_DeactivateDedicatedEndpoint
 .text.USB_EPStartXfer
                0x080019b0      0x18c Drivers\STM32F4xx_HAL_Driver\Src\stm32f4xx_ll_usb.o
                0x080019b0                USB_EPStartXfer
 .text.USB_EP0StartXfer
                0x08001b3c       0xda Drivers\STM32F4xx_HAL_Driver\Src\stm32f4xx_ll_usb.o
                0x08001b3c                USB_EP0StartXfer
 .text.USB_WritePacket
                0x08001c16       0x28 Drivers\STM32F4xx_HAL_Driver\Src\stm32f4xx_ll_usb.o
                0x08001c16                USB_WritePacket
 .text.USB_ReadPacket
                0x08001c3e       0x1c Drivers\STM32F4xx_HAL_Driver\Src\stm32f4xx_ll_usb.o
                0x08001c3e                USB_ReadPacket
 .text.USB_EPSetStall
                0x08001c5a       0x3e Drivers\STM32F4xx_HAL_Driver\Src\stm32f4xx_ll_usb.o
                0x08001c5a                USB_EPSetStall
 .text.USB_EPClearStall
                0x08001c98       0x32 Drivers\STM32F4xx_HAL_Driver\Src\stm32f4xx_ll_usb.o
                0x08001c98                USB_EPClearStall
 .text.USB_SetDevAddress
                0x08001cca       0x20 Drivers\STM32F4xx_HAL_Driver\Src\stm32f4xx_ll_usb.o
                0x08001cca                USB_SetDevAddress
 .text.USB_DevConnect
                0x08001cea       0x18 Drivers\STM32F4xx_HAL_Driver\Src\stm32f4xx_ll_usb.o
                0x08001cea                USB_DevConnect
 .text.USB_DevDisconnect
                0x08001d02       0x18 Drivers\STM32F4xx_HAL_Driver\Src\stm32f4xx_ll_usb.o
                0x08001d02                USB_DevDisconnect
 .text.USB_ReadInterrupts
                0x08001d1a        0x8 Drivers\STM32F4xx_HAL_Driver\Src\stm32f4xx_ll_usb.o
                0x08001d1a                USB_ReadInterrupts
 .text.USB_ReadDevAllOutEpInterrupt
                0x08001d22       0x10 Drivers\STM32F4xx_HAL_Driver\Src\stm32f4xx_ll_usb.o
                0x08001d22                USB_ReadDevAllOutEpInterrupt
 .text.USB_ReadDevAllInEpInterrupt
                0x08001d32       0x10 Drivers\STM32F4xx_HAL_Driver\Src\stm32f4xx_ll_usb.o
                0x08001d32                USB_ReadDevAllInEpInterrupt
 .text.USB_ReadDevOutEPInterrupt
                0x08001d42       0x14 Drivers\STM32F4xx_HAL_Driver\Src\stm32f4xx_ll_usb.o
                0x08001d42                USB_ReadDevOutEPInterrupt
 .text.USB_ReadDevInEPInterrupt
                0x08001d56       0x20 Drivers\STM32F4xx_HAL_Driver\Src\stm32f4xx_ll_usb.o
                0x08001d56                USB_ReadDevInEPInterrupt
 .text.USB_GetMode
                0x08001d76        0x8 Drivers\STM32F4xx_HAL_Driver\Src\stm32f4xx_ll_usb.o
                0x08001d76                USB_GetMode
 .text.USB_ActivateSetup
                0x08001d7e       0x36 Drivers\STM32F4xx_HAL_Driver\Src\stm32f4xx_ll_usb.o
                0x08001d7e                USB_ActivateSetup
 .text.USB_EP0_OutStart
                0x08001db4       0x46 Drivers\STM32F4xx_HAL_Driver\Src\stm32f4xx_ll_usb.o
                0x08001db4                USB_EP0_OutStart
 *fill*         0x08001dfa        0x2 
 .text.USB_CoreReset
                0x08001dfc       0x30 Drivers\STM32F4xx_HAL_Driver\Src\stm32f4xx_ll_usb.o
 .text.USB_DEVICE_Init
                0x08001e2c       0x2c LRNDIS\src\usb_device.o
                0x08001e2c                USB_DEVICE_Init
 .text.HAL_PCD_MspInit
                0x08001e58       0x78 LRNDIS\src\usbd_conf.o
                0x08001e58                HAL_PCD_MspInit
 .text.HAL_PCD_SetupStageCallback
                0x08001ed0        0xc LRNDIS\src\usbd_conf.o
                0x08001ed0                HAL_PCD_SetupStageCallback
 .text.HAL_PCD_DataOutStageCallback
                0x08001edc       0x12 LRNDIS\src\usbd_conf.o
                0x08001edc                HAL_PCD_DataOutStageCallback
 .text.HAL_PCD_DataInStageCallback
                0x08001eee       0x10 LRNDIS\src\usbd_conf.o
                0x08001eee                HAL_PCD_DataInStageCallback
 .text.HAL_PCD_SOFCallback
                0x08001efe        0x8 LRNDIS\src\usbd_conf.o
                0x08001efe                HAL_PCD_SOFCallback
 .text.HAL_PCD_ResetCallback
                0x08001f06       0x1a LRNDIS\src\usbd_conf.o
                0x08001f06                HAL_PCD_ResetCallback
 .text.HAL_PCD_SuspendCallback
                0x08001f20       0x20 LRNDIS\src\usbd_conf.o
                0x08001f20                HAL_PCD_SuspendCallback
 .text.HAL_PCD_ResumeCallback
                0x08001f40        0x8 LRNDIS\src\usbd_conf.o
                0x08001f40                HAL_PCD_ResumeCallback
 .text.HAL_PCD_ISOOUTIncompleteCallback
                0x08001f48        0x8 LRNDIS\src\usbd_conf.o
                0x08001f48                HAL_PCD_ISOOUTIncompleteCallback
 .text.HAL_PCD_ISOINIncompleteCallback
                0x08001f50        0x8 LRNDIS\src\usbd_conf.o
                0x08001f50                HAL_PCD_ISOINIncompleteCallback
 .text.HAL_PCD_ConnectCallback
                0x08001f58        0x8 LRNDIS\src\usbd_conf.o
                0x08001f58                HAL_PCD_ConnectCallback
 .text.HAL_PCD_DisconnectCallback
                0x08001f60        0x8 LRNDIS\src\usbd_conf.o
                0x08001f60                HAL_PCD_DisconnectCallback
 .text.USBD_LL_Init
                0x08001f68       0x5c LRNDIS\src\usbd_conf.o
                0x08001f68                USBD_LL_Init
 .text.USBD_LL_Start
                0x08001fc4        0xe LRNDIS\src\usbd_conf.o
                0x08001fc4                USBD_LL_Start
 .text.USBD_LL_OpenEP
                0x08001fd2       0x14 LRNDIS\src\usbd_conf.o
                0x08001fd2                USBD_LL_OpenEP
 .text.USBD_LL_CloseEP
                0x08001fe6        0xe LRNDIS\src\usbd_conf.o
                0x08001fe6                USBD_LL_CloseEP
 .text.USBD_LL_StallEP
                0x08001ff4        0xe LRNDIS\src\usbd_conf.o
                0x08001ff4                USBD_LL_StallEP
 .text.USBD_LL_ClearStallEP
                0x08002002        0xe LRNDIS\src\usbd_conf.o
                0x08002002                USBD_LL_ClearStallEP
 .text.USBD_LL_IsStallEP
                0x08002010       0x26 LRNDIS\src\usbd_conf.o
                0x08002010                USBD_LL_IsStallEP
 .text.USBD_LL_SetUSBAddress
                0x08002036        0xe LRNDIS\src\usbd_conf.o
                0x08002036                USBD_LL_SetUSBAddress
 .text.USBD_LL_Transmit
                0x08002044        0xe LRNDIS\src\usbd_conf.o
                0x08002044                USBD_LL_Transmit
 .text.USBD_LL_PrepareReceive
                0x08002052        0xe LRNDIS\src\usbd_conf.o
                0x08002052                USBD_LL_PrepareReceive
 .text.USBD_FS_DeviceDescriptor
                0x08002060        0xc LRNDIS\src\usbd_desc.o
                0x08002060                USBD_FS_DeviceDescriptor
 .text.USBD_FS_LangIDStrDescriptor
                0x0800206c        0xc LRNDIS\src\usbd_desc.o
                0x0800206c                USBD_FS_LangIDStrDescriptor
 .text.USBD_FS_ManufacturerStrDescriptor
                0x08002078       0x1c LRNDIS\src\usbd_desc.o
                0x08002078                USBD_FS_ManufacturerStrDescriptor
 .text.USBD_FS_ProductStrDescriptor
                0x08002094       0x1c LRNDIS\src\usbd_desc.o
                0x08002094                USBD_FS_ProductStrDescriptor
 .text.USBD_FS_SerialStrDescriptor
                0x080020b0       0x1c LRNDIS\src\usbd_desc.o
                0x080020b0                USBD_FS_SerialStrDescriptor
 .text.USBD_FS_ConfigStrDescriptor
                0x080020cc       0x1c LRNDIS\src\usbd_desc.o
                0x080020cc                USBD_FS_ConfigStrDescriptor
 .text.USBD_FS_InterfaceStrDescriptor
                0x080020e8       0x1c LRNDIS\src\usbd_desc.o
                0x080020e8                USBD_FS_InterfaceStrDescriptor
 .text.usbd_rndis_sof
                0x08002104        0x4 LRNDIS\src\usbd_rndis.o
 .text.rndis_iso_out_incomplete
                0x08002108        0x4 LRNDIS\src\usbd_rndis.o
 .text.usbd_rndis_GetDeviceQualifierDesc
                0x0800210c        0xc LRNDIS\src\usbd_rndis.o
 .text.usbd_rndis_GetCfgDesc
                0x08002118        0xc LRNDIS\src\usbd_rndis.o
 .text.usbd_rndis_deinit
                0x08002124       0x1e LRNDIS\src\usbd_rndis.o
 *fill*         0x08002142        0x2 
 .text.usbd_rndis_setup
                0x08002144       0x2c LRNDIS\src\usbd_rndis.o
 .text.rndis_iso_in_incomplete
                0x08002170        0x4 LRNDIS\src\usbd_rndis.o
 .text.rndis_initialized_cb
                0x08002174        0x2 LRNDIS\src\usbd_rndis.o
                0x08002174                rndis_initialized_cb
 *fill*         0x08002176        0x2 
 .text.rndis_rx_start
                0x08002178       0x34 LRNDIS\src\usbd_rndis.o
                0x08002178                rndis_rx_start
 .text.usbd_rndis_init
                0x080021ac       0x38 LRNDIS\src\usbd_rndis.o
 .text.rndis_rx_size
                0x080021e4       0x18 LRNDIS\src\usbd_rndis.o
                0x080021e4                rndis_rx_size
 .text.rndis_rx_data
                0x080021fc       0x14 LRNDIS\src\usbd_rndis.o
                0x080021fc                rndis_rx_data
 .text.rndis_tx_start
                0x08002210       0xe0 LRNDIS\src\usbd_rndis.o
                0x08002210                rndis_tx_start
 .text.rndis_tx_started
                0x080022f0        0xc LRNDIS\src\usbd_rndis.o
                0x080022f0                rndis_tx_started
 .text.usbd_rndis_data_in
                0x080022fc       0x6c LRNDIS\src\usbd_rndis.o
 .text.handle_packet
                0x08002368       0x58 LRNDIS\src\usbd_rndis.o
                0x08002368                handle_packet
 .text.usbd_rndis_data_out
                0x080023c0       0x28 LRNDIS\src\usbd_rndis.o
 .text.response_available
                0x080023e8       0x18 LRNDIS\src\usbd_rndis.o
                0x080023e8                response_available
 .text.rndis_query_cmplt32
                0x08002400       0x40 LRNDIS\src\usbd_rndis.o
                0x08002400                rndis_query_cmplt32
 .text.rndis_query_cmplt
                0x08002440       0x44 LRNDIS\src\usbd_rndis.o
                0x08002440                rndis_query_cmplt
 .text.rndis_query
                0x08002484      0x170 LRNDIS\src\usbd_rndis.o
                0x08002484                rndis_query
 .text.rndis_handle_set_msg
                0x080025f4       0xa8 LRNDIS\src\usbd_rndis.o
                0x080025f4                rndis_handle_set_msg
 .text.usbd_rndis_ep0_recv
                0x0800269c      0x120 LRNDIS\src\usbd_rndis.o
 .text.USBD_Init
                0x080027bc       0x2a Middlewares\ST\STM32_USB_Device_Library\Core\Src\usbd_core.o
                0x080027bc                USBD_Init
 .text.USBD_RegisterClass
                0x080027e6        0xe Middlewares\ST\STM32_USB_Device_Library\Core\Src\usbd_core.o
                0x080027e6                USBD_RegisterClass
 .text.USBD_Start
                0x080027f4        0xa Middlewares\ST\STM32_USB_Device_Library\Core\Src\usbd_core.o
                0x080027f4                USBD_Start
 .text.USBD_SetClassConfig
                0x080027fe       0x16 Middlewares\ST\STM32_USB_Device_Library\Core\Src\usbd_core.o
                0x080027fe                USBD_SetClassConfig
 .text.USBD_ClrClassConfig
                0x08002814        0xe Middlewares\ST\STM32_USB_Device_Library\Core\Src\usbd_core.o
                0x08002814                USBD_ClrClassConfig
 .text.USBD_LL_SetupStage
                0x08002822       0x5a Middlewares\ST\STM32_USB_Device_Library\Core\Src\usbd_core.o
                0x08002822                USBD_LL_SetupStage
 .text.USBD_LL_DataOutStage
                0x0800287c       0x64 Middlewares\ST\STM32_USB_Device_Library\Core\Src\usbd_core.o
                0x0800287c                USBD_LL_DataOutStage
 .text.USBD_LL_DataInStage
                0x080028e0       0x9e Middlewares\ST\STM32_USB_Device_Library\Core\Src\usbd_core.o
                0x080028e0                USBD_LL_DataInStage
 .text.USBD_LL_Reset
                0x0800297e       0x3e Middlewares\ST\STM32_USB_Device_Library\Core\Src\usbd_core.o
                0x0800297e                USBD_LL_Reset
 .text.USBD_LL_SetSpeed
                0x080029bc        0x6 Middlewares\ST\STM32_USB_Device_Library\Core\Src\usbd_core.o
                0x080029bc                USBD_LL_SetSpeed
 .text.USBD_LL_Suspend
                0x080029c2       0x12 Middlewares\ST\STM32_USB_Device_Library\Core\Src\usbd_core.o
                0x080029c2                USBD_LL_Suspend
 .text.USBD_LL_Resume
                0x080029d4        0xc Middlewares\ST\STM32_USB_Device_Library\Core\Src\usbd_core.o
                0x080029d4                USBD_LL_Resume
 .text.USBD_LL_SOF
                0x080029e0       0x18 Middlewares\ST\STM32_USB_Device_Library\Core\Src\usbd_core.o
                0x080029e0                USBD_LL_SOF
 .text.USBD_LL_IsoINIncomplete
                0x080029f8        0x4 Middlewares\ST\STM32_USB_Device_Library\Core\Src\usbd_core.o
                0x080029f8                USBD_LL_IsoINIncomplete
 .text.USBD_LL_IsoOUTIncomplete
                0x080029fc        0x4 Middlewares\ST\STM32_USB_Device_Library\Core\Src\usbd_core.o
                0x080029fc                USBD_LL_IsoOUTIncomplete
 .text.USBD_LL_DevConnected
                0x08002a00        0x4 Middlewares\ST\STM32_USB_Device_Library\Core\Src\usbd_core.o
                0x08002a00                USBD_LL_DevConnected
 .text.USBD_LL_DevDisconnected
                0x08002a04       0x16 Middlewares\ST\STM32_USB_Device_Library\Core\Src\usbd_core.o
                0x08002a04                USBD_LL_DevDisconnected
 .text.USBD_CtlError.constprop.0
                0x08002a1a       0x16 Middlewares\ST\STM32_USB_Device_Library\Core\Src\usbd_ctlreq.o
 .text.USBD_StdDevReq
                0x08002a30      0x1f4 Middlewares\ST\STM32_USB_Device_Library\Core\Src\usbd_ctlreq.o
                0x08002a30                USBD_StdDevReq
 .text.USBD_StdItfReq
                0x08002c24       0x30 Middlewares\ST\STM32_USB_Device_Library\Core\Src\usbd_ctlreq.o
                0x08002c24                USBD_StdItfReq
 .text.USBD_StdEPReq
                0x08002c54       0xc6 Middlewares\ST\STM32_USB_Device_Library\Core\Src\usbd_ctlreq.o
                0x08002c54                USBD_StdEPReq
 .text.USBD_ParseSetupRequest
                0x08002d1a       0x28 Middlewares\ST\STM32_USB_Device_Library\Core\Src\usbd_ctlreq.o
                0x08002d1a                USBD_ParseSetupRequest
 .text.USBD_GetString
                0x08002d42       0x38 Middlewares\ST\STM32_USB_Device_Library\Core\Src\usbd_ctlreq.o
                0x08002d42                USBD_GetString
 .text.USBD_CtlSendData
                0x08002d7a       0x1a Middlewares\ST\STM32_USB_Device_Library\Core\Src\usbd_ioreq.o
                0x08002d7a                USBD_CtlSendData
 .text.USBD_CtlContinueSendData
                0x08002d94       0x10 Middlewares\ST\STM32_USB_Device_Library\Core\Src\usbd_ioreq.o
                0x08002d94                USBD_CtlContinueSendData
 .text.USBD_CtlPrepareRx
                0x08002da4       0x1e Middlewares\ST\STM32_USB_Device_Library\Core\Src\usbd_ioreq.o
                0x08002da4                USBD_CtlPrepareRx
 .text.USBD_CtlContinueRx
                0x08002dc2       0x10 Middlewares\ST\STM32_USB_Device_Library\Core\Src\usbd_ioreq.o
                0x08002dc2                USBD_CtlContinueRx
 .text.USBD_CtlSendStatus
                0x08002dd2       0x16 Middlewares\ST\STM32_USB_Device_Library\Core\Src\usbd_ioreq.o
                0x08002dd2                USBD_CtlSendStatus
 .text.USBD_CtlReceiveStatus
                0x08002de8       0x16 Middlewares\ST\STM32_USB_Device_Library\Core\Src\usbd_ioreq.o
                0x08002de8                USBD_CtlReceiveStatus
 *fill*         0x08002dfe        0x2 
 .text.netif_init_cb
                0x08002e00       0x30 Src\communication.o
                0x08002e00                netif_init_cb
 .text.linkoutput_fn
                0x08002e30       0x50 Src\communication.o
                0x08002e30                linkoutput_fn
 .text.output_fn
                0x08002e80        0x4 Src\communication.o
                0x08002e80                output_fn
 .text.tcp_timer_proc
                0x08002e84        0x4 Src\communication.o
                0x08002e84                tcp_timer_proc
 .text.dns_query_proc
                0x08002e88       0x34 Src\communication.o
                0x08002e88                dns_query_proc
 .text.usb_polling
                0x08002ebc       0x54 Src\communication.o
                0x08002ebc                usb_polling
 .text.init_lwip
                0x08002f10       0x84 Src\communication.o
                0x08002f10                init_lwip
 .text.init_netif
                0x08002f94       0x14 Src\communication.o
                0x08002f94                init_netif
 .text.init_dnserv
                0x08002fa8       0x28 Src\communication.o
                0x08002fa8                init_dnserv
 .text.init_dhserv
                0x08002fd0       0x14 Src\communication.o
                0x08002fd0                init_dhserv
 .text.init_htserv
                0x08002fe4        0x2 Src\communication.o
                0x08002fe4                init_htserv
 *fill*         0x08002fe6        0x2 
 .text.SystemClock_Config
                0x08002fe8       0x80 Src\hw_config.o
                0x08002fe8                SystemClock_Config
 .text.SysTick_Init
                0x08003068       0x28 Src\hw_config.o
                0x08003068                SysTick_Init
 .text.GPIO_Init
                0x08003090       0x38 Src\hw_config.o
                0x08003090                GPIO_Init
 .text.init_periph
                0x080030c8       0x1e Src\hw_config.o
                0x080030c8                init_periph
 .text.sys_now  0x080030e6        0x8 Src\hw_config.o
                0x080030e6                sys_now
 *fill*         0x080030ee        0x2 
 .text.startup.main
                0x080030f0       0x30 Src\main.o
                0x080030f0                main
 .text.rndis_tx_ready_cb
                0x08003120        0x2 Src\main.o
                0x08003120                rndis_tx_ready_cb
 .text.rndis_rx_ready_cb
                0x08003122        0x2 Src\main.o
                0x08003122                rndis_rx_ready_cb
 .text.HAL_MspInit
                0x08003124       0x60 Src\stm32f4xx_hal_msp.o
                0x08003124                HAL_MspInit
 .text.SysTick_Handler
                0x08003184        0xe Src\stm32f4xx_it.o
                0x08003184                SysTick_Handler
 *fill*         0x08003192        0x2 
 .text.OTG_FS_IRQHandler
                0x08003194        0xc Src\stm32f4xx_it.o
                0x08003194                OTG_FS_IRQHandler
 .text.SystemInit
                0x080031a0       0x4c Src\system_stm32f4xx.o
                0x080031a0                SystemInit
 .text.time_init
                0x080031ec       0x38 Src\time.o
                0x080031ec                time_init
 .text.HAL_SYSTICK_Callback
                0x08003224       0x38 Src\time.o
                0x08003224                HAL_SYSTICK_Callback
 .text.utime    0x0800325c       0x40 Src\time.o
                0x0800325c                utime
 .text.mtime    0x0800329c       0x12 Src\time.o
                0x0800329c                mtime
 .text.usleep   0x080032ae       0x2a Src\time.o
                0x080032ae                usleep
 .text.stmr     0x080032d8       0x38 Src\time.o
                0x080032d8                stmr
 .text.stmr_add
                0x08003310       0x10 Src\time.o
                0x08003310                stmr_add
 .text.entry_by_mac.constprop.0
                0x08003320       0x40 WEB\dhcp-server\dhserver.o
 .text.find_dhcp_option
                0x08003360       0x28 WEB\dhcp-server\dhserver.o
                0x08003360                find_dhcp_option
 .text.fill_options
                0x08003388       0x9e WEB\dhcp-server\dhserver.o
                0x08003388                fill_options
 *fill*         0x08003426        0x2 
 .text.udp_recv_proc
                0x08003428      0x1f0 WEB\dhcp-server\dhserver.o
 .text.dhserv_free
                0x08003618       0x18 WEB\dhcp-server\dhserver.o
                0x08003618                dhserv_free
 .text.dhserv_init
                0x08003630       0x50 WEB\dhcp-server\dhserver.o
                0x08003630                dhserv_init
 .text.udp_recv_proc
                0x08003680      0x144 WEB\dns-server\dnserver.o
 .text.dnserv_free
                0x080037c4       0x18 WEB\dns-server\dnserver.o
                0x080037c4                dnserv_free
 .text.dnserv_init
                0x080037dc       0x50 WEB\dns-server\dnserver.o
                0x080037dc                dnserv_init
 .text.lwip_htons
                0x0800382c        0x6 WEB\lwip-1.4.1\src\core\def.o
                0x0800382c                lwip_htons
 .text.lwip_ntohs
                0x08003832        0x6 WEB\lwip-1.4.1\src\core\def.o
                0x08003832                lwip_ntohs
 .text.lwip_htonl
                0x08003838        0x4 WEB\lwip-1.4.1\src\core\def.o
                0x08003838                lwip_htonl
 .text.lwip_ntohl
                0x0800383c        0x4 WEB\lwip-1.4.1\src\core\def.o
                0x0800383c                lwip_ntohl
 .text.lwip_init
                0x08003840       0x22 WEB\lwip-1.4.1\src\core\init.o
                0x08003840                lwip_init
 *fill*         0x08003862        0x2 
 .text.icmp_send_response.isra.0
                0x08003864       0x88 WEB\lwip-1.4.1\src\core\ipv4\icmp.o
 .text.icmp_input
                0x080038ec      0x1b0 WEB\lwip-1.4.1\src\core\ipv4\icmp.o
                0x080038ec                icmp_input
 .text.icmp_dest_unreach
                0x08003a9c        0xa WEB\lwip-1.4.1\src\core\ipv4\icmp.o
                0x08003a9c                icmp_dest_unreach
 .text.icmp_time_exceeded
                0x08003aa6        0xa WEB\lwip-1.4.1\src\core\ipv4\icmp.o
                0x08003aa6                icmp_time_exceeded
 .text.lwip_standard_chksum
                0x08003ab0       0x60 WEB\lwip-1.4.1\src\core\ipv4\inet_chksum.o
 .text.inet_chksum_pseudo
                0x08003b10       0x86 WEB\lwip-1.4.1\src\core\ipv4\inet_chksum.o
                0x08003b10                inet_chksum_pseudo
 .text.inet_chksum
                0x08003b96        0xc WEB\lwip-1.4.1\src\core\ipv4\inet_chksum.o
                0x08003b96                inet_chksum
 .text.inet_chksum_pbuf
                0x08003ba2       0x46 WEB\lwip-1.4.1\src\core\ipv4\inet_chksum.o
                0x08003ba2                inet_chksum_pbuf
 .text.ip_route
                0x08003be8       0x4c WEB\lwip-1.4.1\src\core\ipv4\ip.o
                0x08003be8                ip_route
 .text.ip_input
                0x08003c34      0x1f4 WEB\lwip-1.4.1\src\core\ipv4\ip.o
                0x08003c34                ip_input
 .text.ip_output_if
                0x08003e28      0x114 WEB\lwip-1.4.1\src\core\ipv4\ip.o
                0x08003e28                ip_output_if
 .text.ip_output
                0x08003f3c       0x48 WEB\lwip-1.4.1\src\core\ipv4\ip.o
                0x08003f3c                ip_output
 .text.ip4_addr_isbroadcast
                0x08003f84       0x32 WEB\lwip-1.4.1\src\core\ipv4\ip_addr.o
                0x08003f84                ip4_addr_isbroadcast
 .text.ipfrag_free_pbuf_custom
                0x08003fb6       0x18 WEB\lwip-1.4.1\src\core\ipv4\ip_frag.o
 *fill*         0x08003fce        0x2 
 .text.ip_reass_free_complete_datagram
                0x08003fd0       0x90 WEB\lwip-1.4.1\src\core\ipv4\ip_frag.o
 .text.ip_reass_remove_oldest_datagram
                0x08004060       0x74 WEB\lwip-1.4.1\src\core\ipv4\ip_frag.o
 .text.ip_reass_tmr
                0x080040d4       0x28 WEB\lwip-1.4.1\src\core\ipv4\ip_frag.o
                0x080040d4                ip_reass_tmr
 .text.ip_reass
                0x080040fc      0x2f8 WEB\lwip-1.4.1\src\core\ipv4\ip_frag.o
                0x080040fc                ip_reass
 .text.ip_frag  0x080043f4      0x17c WEB\lwip-1.4.1\src\core\ipv4\ip_frag.o
                0x080043f4                ip_frag
 .text.mem_init
                0x08004570       0x44 WEB\lwip-1.4.1\src\core\mem.o
                0x08004570                mem_init
 .text.mem_free
                0x080045b4       0xa8 WEB\lwip-1.4.1\src\core\mem.o
                0x080045b4                mem_free
 .text.mem_trim
                0x0800465c       0xdc WEB\lwip-1.4.1\src\core\mem.o
                0x0800465c                mem_trim
 .text.mem_malloc
                0x08004738      0x114 WEB\lwip-1.4.1\src\core\mem.o
                0x08004738                mem_malloc
 .text.memp_init
                0x0800484c       0x84 WEB\lwip-1.4.1\src\core\memp.o
                0x0800484c                memp_init
 .text.memp_malloc
                0x080048d0       0x54 WEB\lwip-1.4.1\src\core\memp.o
                0x080048d0                memp_malloc
 .text.memp_free
                0x08004924       0x2c WEB\lwip-1.4.1\src\core\memp.o
                0x08004924                memp_free
 .text.netif_init
                0x08004950        0x2 WEB\lwip-1.4.1\src\core\netif.o
                0x08004950                netif_init
 *fill*         0x08004952        0x2 
 .text.netif_set_ipaddr
                0x08004954       0x50 WEB\lwip-1.4.1\src\core\netif.o
                0x08004954                netif_set_ipaddr
 .text.netif_set_addr
                0x080049a4       0x1a WEB\lwip-1.4.1\src\core\netif.o
                0x080049a4                netif_set_addr
 *fill*         0x080049be        0x2 
 .text.netif_add
                0x080049c0       0x4c WEB\lwip-1.4.1\src\core\netif.o
                0x080049c0                netif_add
 .text.netif_set_default
                0x08004a0c        0xc WEB\lwip-1.4.1\src\core\netif.o
                0x08004a0c                netif_set_default
 .text.pbuf_alloced_custom
                0x08004a18       0x54 WEB\lwip-1.4.1\src\core\pbuf.o
                0x08004a18                pbuf_alloced_custom
 .text.pbuf_header
                0x08004a6c       0x56 WEB\lwip-1.4.1\src\core\pbuf.o
                0x08004a6c                pbuf_header
 .text.pbuf_free
                0x08004ac2       0x4e WEB\lwip-1.4.1\src\core\pbuf.o
                0x08004ac2                pbuf_free
 .text.pbuf_alloc
                0x08004b10      0x118 WEB\lwip-1.4.1\src\core\pbuf.o
                0x08004b10                pbuf_alloc
 .text.pbuf_realloc
                0x08004c28       0x4c WEB\lwip-1.4.1\src\core\pbuf.o
                0x08004c28                pbuf_realloc
 .text.pbuf_clen
                0x08004c74       0x10 WEB\lwip-1.4.1\src\core\pbuf.o
                0x08004c74                pbuf_clen
 .text.pbuf_ref
                0x08004c84        0xa WEB\lwip-1.4.1\src\core\pbuf.o
                0x08004c84                pbuf_ref
 .text.pbuf_cat
                0x08004c8e       0x1c WEB\lwip-1.4.1\src\core\pbuf.o
                0x08004c8e                pbuf_cat
 .text.pbuf_chain
                0x08004caa       0x10 WEB\lwip-1.4.1\src\core\pbuf.o
                0x08004caa                pbuf_chain
 .text.pbuf_copy
                0x08004cba       0x9c WEB\lwip-1.4.1\src\core\pbuf.o
                0x08004cba                pbuf_copy
 .text.pbuf_copy_partial
                0x08004d56       0x5e WEB\lwip-1.4.1\src\core\pbuf.o
                0x08004d56                pbuf_copy_partial
 .text.raw_input
                0x08004db4       0x7c WEB\lwip-1.4.1\src\core\raw.o
                0x08004db4                raw_input
 .text.stats_init
                0x08004e30        0x2 WEB\lwip-1.4.1\src\core\stats.o
                0x08004e30                stats_init
 .text.tcp_init
                0x08004e32        0x2 WEB\lwip-1.4.1\src\core\tcp.o
                0x08004e32                tcp_init
 .text.tcp_update_rcv_ann_wnd
                0x08004e34       0x36 WEB\lwip-1.4.1\src\core\tcp.o
                0x08004e34                tcp_update_rcv_ann_wnd
 .text.tcp_recved
                0x08004e6a       0x36 WEB\lwip-1.4.1\src\core\tcp.o
                0x08004e6a                tcp_recved
 .text.tcp_seg_free
                0x08004ea0       0x1c WEB\lwip-1.4.1\src\core\tcp.o
                0x08004ea0                tcp_seg_free
 .text.tcp_segs_free
                0x08004ebc       0x10 WEB\lwip-1.4.1\src\core\tcp.o
                0x08004ebc                tcp_segs_free
 .text.tcp_seg_copy
                0x08004ecc       0x2c WEB\lwip-1.4.1\src\core\tcp.o
                0x08004ecc                tcp_seg_copy
 .text.tcp_pcb_purge
                0x08004ef8       0x40 WEB\lwip-1.4.1\src\core\tcp.o
                0x08004ef8                tcp_pcb_purge
 .text.tcp_slowtmr
                0x08004f38      0x2d8 WEB\lwip-1.4.1\src\core\tcp.o
                0x08004f38                tcp_slowtmr
 .text.tcp_pcb_remove
                0x08005210       0x64 WEB\lwip-1.4.1\src\core\tcp.o
                0x08005210                tcp_pcb_remove
 .text.tcp_close_shutdown
                0x08005274      0x154 WEB\lwip-1.4.1\src\core\tcp.o
 .text.tcp_close
                0x080053c8       0x14 WEB\lwip-1.4.1\src\core\tcp.o
                0x080053c8                tcp_close
 .text.tcp_recv_null
                0x080053dc       0x24 WEB\lwip-1.4.1\src\core\tcp.o
                0x080053dc                tcp_recv_null
 .text.tcp_process_refused_data
                0x08005400       0x66 WEB\lwip-1.4.1\src\core\tcp.o
                0x08005400                tcp_process_refused_data
 *fill*         0x08005466        0x2 
 .text.tcp_fasttmr
                0x08005468       0x70 WEB\lwip-1.4.1\src\core\tcp.o
                0x08005468                tcp_fasttmr
 .text.tcp_tmr  0x080054d8       0x24 WEB\lwip-1.4.1\src\core\tcp.o
                0x080054d8                tcp_tmr
 .text.tcp_abandon
                0x080054fc       0x9c WEB\lwip-1.4.1\src\core\tcp.o
                0x080054fc                tcp_abandon
 .text.tcp_abort
                0x08005598        0x6 WEB\lwip-1.4.1\src\core\tcp.o
                0x08005598                tcp_abort
 *fill*         0x0800559e        0x2 
 .text.tcp_next_iss
                0x080055a0       0x18 WEB\lwip-1.4.1\src\core\tcp.o
                0x080055a0                tcp_next_iss
 .text.tcp_alloc
                0x080055b8      0x12c WEB\lwip-1.4.1\src\core\tcp.o
                0x080055b8                tcp_alloc
 .text.tcp_eff_send_mss
                0x080056e4       0x1e WEB\lwip-1.4.1\src\core\tcp.o
                0x080056e4                tcp_eff_send_mss
 *fill*         0x08005702        0x2 
 .text.tcp_oos_insert_segment
                0x08005704       0x7c WEB\lwip-1.4.1\src\core\tcp_in.o
 .text.tcp_receive
                0x08005780      0x7c8 WEB\lwip-1.4.1\src\core\tcp_in.o
 .text.tcp_parseopt.isra.0
                0x08005f48       0x84 WEB\lwip-1.4.1\src\core\tcp_in.o
 .text.tcp_input
                0x08005fcc      0x88c WEB\lwip-1.4.1\src\core\tcp_in.o
                0x08005fcc                tcp_input
 .text.tcp_create_segment
                0x08006858       0xcc WEB\lwip-1.4.1\src\core\tcp_out.o
 .text.tcp_output_alloc_header.constprop.0
                0x08006924       0x5a WEB\lwip-1.4.1\src\core\tcp_out.o
 *fill*         0x0800697e        0x2 
 .text.tcp_enqueue_flags
                0x08006980       0xc8 WEB\lwip-1.4.1\src\core\tcp_out.o
                0x08006980                tcp_enqueue_flags
 .text.tcp_send_fin
                0x08006a48       0x44 WEB\lwip-1.4.1\src\core\tcp_out.o
                0x08006a48                tcp_send_fin
 .text.tcp_send_empty_ack
                0x08006a8c       0x5a WEB\lwip-1.4.1\src\core\tcp_out.o
                0x08006a8c                tcp_send_empty_ack
 *fill*         0x08006ae6        0x2 
 .text.tcp_output
                0x08006ae8      0x28c WEB\lwip-1.4.1\src\core\tcp_out.o
                0x08006ae8                tcp_output
 .text.tcp_rst  0x08006d74       0xac WEB\lwip-1.4.1\src\core\tcp_out.o
                0x08006d74                tcp_rst
 .text.tcp_rexmit_rto
                0x08006e20       0x32 WEB\lwip-1.4.1\src\core\tcp_out.o
                0x08006e20                tcp_rexmit_rto
 .text.tcp_rexmit
                0x08006e52       0x4e WEB\lwip-1.4.1\src\core\tcp_out.o
                0x08006e52                tcp_rexmit
 .text.tcp_rexmit_fast
                0x08006ea0       0x50 WEB\lwip-1.4.1\src\core\tcp_out.o
                0x08006ea0                tcp_rexmit_fast
 .text.tcp_keepalive
                0x08006ef0       0x64 WEB\lwip-1.4.1\src\core\tcp_out.o
                0x08006ef0                tcp_keepalive
 .text.tcp_zero_window_probe
                0x08006f54       0xb8 WEB\lwip-1.4.1\src\core\tcp_out.o
                0x08006f54                tcp_zero_window_probe
 .text.sys_timeout
                0x0800700c       0x5c WEB\lwip-1.4.1\src\core\timers.o
                0x0800700c                sys_timeout
 .text.tcp_timer_needed
                0x08007068       0x34 WEB\lwip-1.4.1\src\core\timers.o
                0x08007068                tcp_timer_needed
 .text.tcpip_tcp_timer
                0x0800709c       0x38 WEB\lwip-1.4.1\src\core\timers.o
 .text.sys_timeouts_init
                0x080070d4       0x30 WEB\lwip-1.4.1\src\core\timers.o
                0x080070d4                sys_timeouts_init
 .text.arp_timer
                0x08007104       0x1c WEB\lwip-1.4.1\src\core\timers.o
 .text.ip_reass_timer
                0x08007120       0x1c WEB\lwip-1.4.1\src\core\timers.o
 .text.udp_init
                0x0800713c        0x2 WEB\lwip-1.4.1\src\core\udp.o
                0x0800713c                udp_init
 *fill*         0x0800713e        0x2 
 .text.udp_input
                0x08007140      0x1b0 WEB\lwip-1.4.1\src\core\udp.o
                0x08007140                udp_input
 .text.udp_bind
                0x080072f0       0x98 WEB\lwip-1.4.1\src\core\udp.o
                0x080072f0                udp_bind
 .text.udp_sendto_if
                0x08007388       0xf8 WEB\lwip-1.4.1\src\core\udp.o
                0x08007388                udp_sendto_if
 .text.udp_sendto
                0x08007480       0x3c WEB\lwip-1.4.1\src\core\udp.o
                0x08007480                udp_sendto
 .text.udp_recv
                0x080074bc        0x6 WEB\lwip-1.4.1\src\core\udp.o
                0x080074bc                udp_recv
 *fill*         0x080074c2        0x2 
 .text.udp_remove
                0x080074c4       0x2c WEB\lwip-1.4.1\src\core\udp.o
                0x080074c4                udp_remove
 .text.udp_new  0x080074f0       0x1c WEB\lwip-1.4.1\src\core\udp.o
                0x080074f0                udp_new
 .text.etharp_free_entry
                0x0800750c       0x28 WEB\lwip-1.4.1\src\netif\etharp.o
 .text.etharp_find_entry
                0x08007534       0xd8 WEB\lwip-1.4.1\src\netif\etharp.o
 .text.etharp_send_ip
                0x0800760c       0x24 WEB\lwip-1.4.1\src\netif\etharp.o
 .text.etharp_update_arp_entry
                0x08007630       0x90 WEB\lwip-1.4.1\src\netif\etharp.o
 .text.etharp_tmr
                0x080076c0       0x44 WEB\lwip-1.4.1\src\netif\etharp.o
                0x080076c0                etharp_tmr
 .text.etharp_request
                0x08007704       0xb0 WEB\lwip-1.4.1\src\netif\etharp.o
                0x08007704                etharp_request
 .text.etharp_output_to_arp_index
                0x080077b4       0x50 WEB\lwip-1.4.1\src\netif\etharp.o
 .text.etharp_query
                0x08007804      0x114 WEB\lwip-1.4.1\src\netif\etharp.o
                0x08007804                etharp_query
 .text.etharp_output
                0x08007918      0x100 WEB\lwip-1.4.1\src\netif\etharp.o
                0x08007918                etharp_output
 .text.ethernet_input
                0x08007a18      0x178 WEB\lwip-1.4.1\src\netif\etharp.o
                0x08007a18                ethernet_input
 .text.Reset_Handler
                0x08007b90       0x50 startup\startup_stm32f411xe.o
                0x08007b90                Reset_Handler
 .text.Default_Handler
                0x08007be0        0x2 startup\startup_stm32f411xe.o
                0x08007be0                RTC_Alarm_IRQHandler
                0x08007be0                EXTI2_IRQHandler
                0x08007be0                DebugMon_Handler
                0x08007be0                SPI4_IRQHandler
                0x08007be0                TIM1_CC_IRQHandler
                0x08007be0                DMA2_Stream5_IRQHandler
                0x08007be0                HardFault_Handler
                0x08007be0                DMA1_Stream5_IRQHandler
                0x08007be0                PVD_IRQHandler
                0x08007be0                SDIO_IRQHandler
                0x08007be0                TAMP_STAMP_IRQHandler
                0x08007be0                PendSV_Handler
                0x08007be0                NMI_Handler
                0x08007be0                EXTI3_IRQHandler
                0x08007be0                TIM1_UP_TIM10_IRQHandler
                0x08007be0                I2C3_ER_IRQHandler
                0x08007be0                EXTI0_IRQHandler
                0x08007be0                I2C2_EV_IRQHandler
                0x08007be0                DMA1_Stream2_IRQHandler
                0x08007be0                FPU_IRQHandler
                0x08007be0                UsageFault_Handler
                0x08007be0                DMA2_Stream2_IRQHandler
                0x08007be0                SPI1_IRQHandler
                0x08007be0                TIM1_BRK_TIM9_IRQHandler
                0x08007be0                DMA2_Stream3_IRQHandler
                0x08007be0                USART6_IRQHandler
                0x08007be0                DMA2_Stream0_IRQHandler
                0x08007be0                TIM4_IRQHandler
                0x08007be0                I2C1_EV_IRQHandler
                0x08007be0                DMA1_Stream6_IRQHandler
                0x08007be0                DMA1_Stream1_IRQHandler
                0x08007be0                TIM3_IRQHandler
                0x08007be0                RCC_IRQHandler
                0x08007be0                Default_Handler
                0x08007be0                EXTI15_10_IRQHandler
                0x08007be0                ADC_IRQHandler
                0x08007be0                DMA1_Stream7_IRQHandler
                0x08007be0                SPI5_IRQHandler
                0x08007be0                TIM5_IRQHandler
                0x08007be0                DMA2_Stream7_IRQHandler
                0x08007be0                I2C3_EV_IRQHandler
                0x08007be0                EXTI9_5_IRQHandler
                0x08007be0                RTC_WKUP_IRQHandler
                0x08007be0                SPI2_IRQHandler
                0x08007be0                MemManage_Handler
                0x08007be0                DMA1_Stream0_IRQHandler
                0x08007be0                SVC_Handler
                0x08007be0                EXTI4_IRQHandler
                0x08007be0                WWDG_IRQHandler
                0x08007be0                TIM2_IRQHandler
                0x08007be0                OTG_FS_WKUP_IRQHandler
                0x08007be0                TIM1_TRG_COM_TIM11_IRQHandler
                0x08007be0                EXTI1_IRQHandler
                0x08007be0                USART2_IRQHandler
                0x08007be0                I2C2_ER_IRQHandler
                0x08007be0                DMA2_Stream1_IRQHandler
                0x08007be0                FLASH_IRQHandler
                0x08007be0                DMA2_Stream4_IRQHandler
                0x08007be0                BusFault_Handler
                0x08007be0                USART1_IRQHandler
                0x08007be0                SPI3_IRQHandler
                0x08007be0                DMA1_Stream4_IRQHandler
                0x08007be0                I2C1_ER_IRQHandler
                0x08007be0                DMA2_Stream6_IRQHandler
                0x08007be0                DMA1_Stream3_IRQHandler
 *fill*         0x08007be2        0x2 
 .text.__libc_init_array
                0x08007be4       0x48 c:/program files (x86)/atollic/truestudio for arm 8.0.0/armtools/bin/../lib/gcc/arm-atollic-eabi/6.3.1/../../../../arm-atollic-eabi/lib/armv7e-m/fpu\libc_nano.a(lib_a-init.o)
                0x08007be4                __libc_init_array
 .text.memcmp   0x08007c2c       0x1e c:/program files (x86)/atollic/truestudio for arm 8.0.0/armtools/bin/../lib/gcc/arm-atollic-eabi/6.3.1/../../../../arm-atollic-eabi/lib/armv7e-m/fpu\libc_nano.a(lib_a-memcmp.o)
                0x08007c2c                memcmp
 .text.memcpy   0x08007c4a       0x16 c:/program files (x86)/atollic/truestudio for arm 8.0.0/armtools/bin/../lib/gcc/arm-atollic-eabi/6.3.1/../../../../arm-atollic-eabi/lib/armv7e-m/fpu\libc_nano.a(lib_a-memcpy-stub.o)
                0x08007c4a                memcpy
 .text.memset   0x08007c60       0x10 c:/program files (x86)/atollic/truestudio for arm 8.0.0/armtools/bin/../lib/gcc/arm-atollic-eabi/6.3.1/../../../../arm-atollic-eabi/lib/armv7e-m/fpu\libc_nano.a(lib_a-memset.o)
                0x08007c60                memset
 *(.glue_7)
 .glue_7        0x08007c70        0x0 linker stubs
 *(.glue_7t)
 .glue_7t       0x08007c70        0x0 linker stubs
 *(.eh_frame)
 .eh_frame      0x08007c70        0x0 c:/program files (x86)/atollic/truestudio for arm 8.0.0/armtools/bin/../lib/gcc/arm-atollic-eabi/6.3.1/armv7e-m/fpu/crtbegin.o
 *(.init)
 .init          0x08007c70        0x4 c:/program files (x86)/atollic/truestudio for arm 8.0.0/armtools/bin/../lib/gcc/arm-atollic-eabi/6.3.1/armv7e-m/fpu/crti.o
                0x08007c70                _init
 .init          0x08007c74        0x8 c:/program files (x86)/atollic/truestudio for arm 8.0.0/armtools/bin/../lib/gcc/arm-atollic-eabi/6.3.1/armv7e-m/fpu/crtn.o
 *(.fini)
 .fini          0x08007c7c        0x4 c:/program files (x86)/atollic/truestudio for arm 8.0.0/armtools/bin/../lib/gcc/arm-atollic-eabi/6.3.1/armv7e-m/fpu/crti.o
                0x08007c7c                _fini
 .fini          0x08007c80        0x8 c:/program files (x86)/atollic/truestudio for arm 8.0.0/armtools/bin/../lib/gcc/arm-atollic-eabi/6.3.1/armv7e-m/fpu/crtn.o
                0x08007c88                . = ALIGN (0x4)
                0x08007c88                _etext = .

.vfp11_veneer   0x08007c88        0x0
 .vfp11_veneer  0x08007c88        0x0 linker stubs

.v4_bx          0x08007c88        0x0
 .v4_bx         0x08007c88        0x0 linker stubs

.iplt           0x08007c88        0x0
 .iplt          0x08007c88        0x0 c:/program files (x86)/atollic/truestudio for arm 8.0.0/armtools/bin/../lib/gcc/arm-atollic-eabi/6.3.1/armv7e-m/fpu/crtbegin.o

.rodata         0x08007c88      0x12c
                0x08007c88                . = ALIGN (0x4)
 *(.rodata)
 .rodata        0x08007c88        0x9 LRNDIS\src\usbd_rndis.o
 .rodata        0x08007c91        0x4 Src\communication.o
 .rodata        0x08007c95        0x6 WEB\dhcp-server\dhserver.o
 *(.rodata*)
 .rodata.USBD_FS_ConfigStrDescriptor.str1.1
                0x08007c9b        0xd LRNDIS\src\usbd_desc.o
 .rodata.USBD_FS_InterfaceStrDescriptor.str1.1
                0x08007ca8       0x10 LRNDIS\src\usbd_desc.o
 .rodata.USBD_FS_ManufacturerStrDescriptor.str1.1
                0x08007cb8        0xf LRNDIS\src\usbd_desc.o
 .rodata.USBD_FS_ProductStrDescriptor.str1.1
                0x08007cc7        0xe LRNDIS\src\usbd_desc.o
 .rodata.USBD_FS_SerialStrDescriptor.str1.1
                0x08007cd5        0xd LRNDIS\src\usbd_desc.o
 *fill*         0x08007ce2        0x2 
 .rodata.OIDSupportedList
                0x08007ce4       0x58 LRNDIS\src\usbd_rndis.o
                0x08007ce4                OIDSupportedList
 .rodata.rndis_query.str1.1
                0x08007d3c        0x8 LRNDIS\src\usbd_rndis.o
 .rodata.dns_query_proc.str1.1
                0x08007d44        0xc Src\communication.o
                                 0x14 (size before relaxing)
 .rodata.ipaddr
                0x08007d50        0x4 Src\communication.o
                0x08007d50                ipaddr
 .rodata.str1.1
                0x08007d54        0xc Src\communication.o
                                  0x4 (size before relaxing)
 .rodata.AHBPrescTable
                0x08007d54       0x10 Src\system_stm32f4xx.o
                0x08007d54                AHBPrescTable
 .rodata.ip_addr_any
                0x08007d64        0x4 WEB\lwip-1.4.1\src\core\ipv4\ip_addr.o
                0x08007d64                ip_addr_any
 .rodata.ip_addr_broadcast
                0x08007d68        0x4 WEB\lwip-1.4.1\src\core\ipv4\ip_addr.o
                0x08007d68                ip_addr_broadcast
 .rodata.memp_num
                0x08007d6c       0x14 WEB\lwip-1.4.1\src\core\memp.o
 .rodata.memp_sizes
                0x08007d80       0x14 WEB\lwip-1.4.1\src\core\memp.o
 .rodata.tcp_backoff
                0x08007d94        0xd WEB\lwip-1.4.1\src\core\tcp.o
                0x08007d94                tcp_backoff
 .rodata.tcp_persist_backoff
                0x08007da1        0x7 WEB\lwip-1.4.1\src\core\tcp.o
                0x08007da1                tcp_persist_backoff
 .rodata.ethbroadcast
                0x08007da8        0x6 WEB\lwip-1.4.1\src\netif\etharp.o
                0x08007da8                ethbroadcast
 .rodata.ethzero
                0x08007dae        0x6 WEB\lwip-1.4.1\src\netif\etharp.o
                0x08007dae                ethzero
                0x08007db4                . = ALIGN (0x4)

.ARM.extab
 *(.ARM.extab* .gnu.linkonce.armextab.*)

.ARM            0x08007db4        0x8
                0x08007db4                __exidx_start = .
 *(.ARM.exidx*)
 .ARM.exidx     0x08007db4        0x8 c:/program files (x86)/atollic/truestudio for arm 8.0.0/armtools/bin/../lib/gcc/arm-atollic-eabi/6.3.1/armv7e-m/fpu\libgcc.a(_udivmoddi4.o)
                0x08007dbc                __exidx_end = .

.rel.dyn        0x08007dbc        0x0
 .rel.iplt      0x08007dbc        0x0 c:/program files (x86)/atollic/truestudio for arm 8.0.0/armtools/bin/../lib/gcc/arm-atollic-eabi/6.3.1/armv7e-m/fpu/crtbegin.o

.preinit_array  0x08007dbc        0x0
                0x08007dbc                PROVIDE (__preinit_array_start, .)
 *(.preinit_array*)
                0x08007dbc                PROVIDE (__preinit_array_end, .)

.init_array     0x08007dbc        0x4
                0x08007dbc                PROVIDE (__init_array_start, .)
 *(SORT(.init_array.*))
 *(.init_array*)
 .init_array    0x08007dbc        0x4 c:/program files (x86)/atollic/truestudio for arm 8.0.0/armtools/bin/../lib/gcc/arm-atollic-eabi/6.3.1/armv7e-m/fpu/crtbegin.o
                0x08007dc0                PROVIDE (__init_array_end, .)

.fini_array     0x08007dc0        0x4
                [!provide]                PROVIDE (__fini_array_start, .)
 *(SORT(.fini_array.*))
 *(.fini_array*)
 .fini_array    0x08007dc0        0x4 c:/program files (x86)/atollic/truestudio for arm 8.0.0/armtools/bin/../lib/gcc/arm-atollic-eabi/6.3.1/armv7e-m/fpu/crtbegin.o
                [!provide]                PROVIDE (__fini_array_end, .)
                0x08007dc4                _sidata = LOADADDR (.data)

.data           0x20000000      0x14c load address 0x08007dc4
                0x20000000                . = ALIGN (0x4)
                0x20000000                _sdata = .
 *(.data)
 *(.data*)
 .data.FS_Desc  0x20000000       0x1c LRNDIS\src\usbd_desc.o
                0x20000000                FS_Desc
 .data.USBD_FS_DeviceDesc
                0x2000001c       0x12 LRNDIS\src\usbd_desc.o
                0x2000001c                USBD_FS_DeviceDesc
 *fill*         0x2000002e        0x2 
 .data.USBD_LangIDDesc
                0x20000030        0x4 LRNDIS\src\usbd_desc.o
                0x20000030                USBD_LangIDDesc
 .data.USBD_DeviceQualifierDesc
                0x20000034        0xa LRNDIS\src\usbd_rndis.o
                0x20000034                USBD_DeviceQualifierDesc
 .data.permanent_hwaddr
                0x2000003e        0x6 LRNDIS\src\usbd_rndis.o
                0x2000003e                permanent_hwaddr
 .data.station_hwaddr
                0x20000044        0x6 LRNDIS\src\usbd_rndis.o
                0x20000044                station_hwaddr
 *fill*         0x2000004a        0x2 
 .data.usbd_rndis
                0x2000004c       0x38 LRNDIS\src\usbd_rndis.o
                0x2000004c                usbd_rndis
 .data.usbd_rndis_CfgDesc
                0x20000084       0x4b LRNDIS\src\usbd_rndis.o
 *fill*         0x200000cf        0x1 
 .data.dhcp_config
                0x200000d0       0x18 Src\communication.o
                0x200000d0                dhcp_config
 .data.entries  0x200000e8       0x3c Src\communication.o
                0x200000e8                entries
 .data.tcp_timer
                0x20000124       0x18 Src\communication.o
 .data.SystemCoreClock
                0x2000013c        0x4 Src\system_stm32f4xx.o
                0x2000013c                SystemCoreClock
 .data.magic_cookie
                0x20000140        0x4 WEB\dhcp-server\dhserver.o
                0x20000140                magic_cookie
 .data.iss.6553
                0x20000144        0x4 WEB\lwip-1.4.1\src\core\tcp.o
 .data.udp_port
                0x20000148        0x2 WEB\lwip-1.4.1\src\core\udp.o
                0x2000014c                . = ALIGN (0x4)
 *fill*         0x2000014a        0x2 
                0x2000014c                _edata = .

.igot.plt       0x2000014c        0x0 load address 0x08007f10
 .igot.plt      0x2000014c        0x0 c:/program files (x86)/atollic/truestudio for arm 8.0.0/armtools/bin/../lib/gcc/arm-atollic-eabi/6.3.1/armv7e-m/fpu/crtbegin.o
                0x2000014c                . = ALIGN (0x4)

.bss            0x20000150     0xaab4 load address 0x08007f10
                0x20000150                _sbss = .
                0x20000150                __bss_start__ = _sbss
 *(.bss)
 .bss           0x20000150       0x1c c:/program files (x86)/atollic/truestudio for arm 8.0.0/armtools/bin/../lib/gcc/arm-atollic-eabi/6.3.1/armv7e-m/fpu/crtbegin.o
 *(.bss*)
 .bss.first.9348
                0x2000016c       0x40 LRNDIS\src\usbd_rndis.o
 .bss.oid_packet_filter
                0x200001ac        0x4 LRNDIS\src\usbd_rndis.o
                0x200001ac                oid_packet_filter
 .bss.rndis_rx_data_size
                0x200001b0        0x2 LRNDIS\src\usbd_rndis.o
                0x200001b0                rndis_rx_data_size
 .bss.rndis_rx_started
                0x200001b2        0x1 LRNDIS\src\usbd_rndis.o
                0x200001b2                rndis_rx_started
 .bss.rndis_state
                0x200001b3        0x1 LRNDIS\src\usbd_rndis.o
                0x200001b3                rndis_state
 .bss.rndis_tx_ZLP
                0x200001b4        0x1 LRNDIS\src\usbd_rndis.o
                0x200001b4                rndis_tx_ZLP
 *fill*         0x200001b5        0x1 
 .bss.rndis_tx_data_size
                0x200001b6        0x2 LRNDIS\src\usbd_rndis.o
                0x200001b6                rndis_tx_data_size
 .bss.rndis_tx_ptr
                0x200001b8        0x4 LRNDIS\src\usbd_rndis.o
                0x200001b8                rndis_tx_ptr
 .bss.rndis_tx_transmitting
                0x200001bc        0x1 LRNDIS\src\usbd_rndis.o
                0x200001bc                rndis_tx_transmitting
 *fill*         0x200001bd        0x3 
 .bss.usb_eth_stat
                0x200001c0       0x10 LRNDIS\src\usbd_rndis.o
                0x200001c0                usb_eth_stat
 .bss.cfgidx.9183
                0x200001d0        0x1 Middlewares\ST\STM32_USB_Device_Library\Core\Src\usbd_ctlreq.o
 .bss.Data.10032
                0x200001d1      0x616 Src\communication.o
 *fill*         0x200007e7        0x1 
 .bss.stmrs     0x200007e8        0x4 Src\time.o
 *fill*         0x200007ec        0x4 
 .bss.usAddition
                0x200007f0        0x8 Src\time.o
                0x200007f0                usAddition
 .bss.config    0x200007f8        0x4 WEB\dhcp-server\dhserver.o
 .bss.pcb       0x200007fc        0x4 WEB\dhcp-server\dhserver.o
 .bss.pcb       0x20000800        0x4 WEB\dns-server\dnserver.o
 .bss.query.6849
                0x20000804       0x84 WEB\dns-server\dnserver.o
 .bss.query_proc
                0x20000888        0x4 WEB\dns-server\dnserver.o
                0x20000888                query_proc
 .bss.ip_id     0x2000088c        0x2 WEB\lwip-1.4.1\src\core\ipv4\ip.o
 .bss.ip_reass_pbufcount
                0x2000088e        0x2 WEB\lwip-1.4.1\src\core\ipv4\ip_frag.o
 .bss.reassdatagrams
                0x20000890        0x4 WEB\lwip-1.4.1\src\core\ipv4\ip_frag.o
 .bss.lfree     0x20000894        0x4 WEB\lwip-1.4.1\src\core\mem.o
 .bss.ram       0x20000898        0x4 WEB\lwip-1.4.1\src\core\mem.o
 .bss.ram_end   0x2000089c        0x4 WEB\lwip-1.4.1\src\core\mem.o
 .bss.memp_memory
                0x200008a0     0x68c3 WEB\lwip-1.4.1\src\core\memp.o
 *fill*         0x20007163        0x1 
 .bss.memp_tab  0x20007164       0x28 WEB\lwip-1.4.1\src\core\memp.o
 .bss.netif_num
                0x2000718c        0x1 WEB\lwip-1.4.1\src\core\netif.o
 *fill*         0x2000718d        0x3 
 .bss.raw_pcbs  0x20007190        0x4 WEB\lwip-1.4.1\src\core\raw.o
 .bss.tcp_timer
                0x20007194        0x1 WEB\lwip-1.4.1\src\core\tcp.o
 .bss.tcp_timer_ctr
                0x20007195        0x1 WEB\lwip-1.4.1\src\core\tcp.o
 *fill*         0x20007196        0x2 
 .bss.ackno     0x20007198        0x4 WEB\lwip-1.4.1\src\core\tcp_in.o
 .bss.flags     0x2000719c        0x1 WEB\lwip-1.4.1\src\core\tcp_in.o
 *fill*         0x2000719d        0x3 
 .bss.inseg     0x200071a0       0x10 WEB\lwip-1.4.1\src\core\tcp_in.o
 .bss.recv_data
                0x200071b0        0x4 WEB\lwip-1.4.1\src\core\tcp_in.o
 .bss.recv_flags
                0x200071b4        0x1 WEB\lwip-1.4.1\src\core\tcp_in.o
 *fill*         0x200071b5        0x3 
 .bss.seqno     0x200071b8        0x4 WEB\lwip-1.4.1\src\core\tcp_in.o
 .bss.tcphdr    0x200071bc        0x4 WEB\lwip-1.4.1\src\core\tcp_in.o
 .bss.tcplen    0x200071c0        0x2 WEB\lwip-1.4.1\src\core\tcp_in.o
 *fill*         0x200071c2        0x2 
 .bss.next_timeout
                0x200071c4        0x4 WEB\lwip-1.4.1\src\core\timers.o
 .bss.tcpip_tcp_timer_active
                0x200071c8        0x4 WEB\lwip-1.4.1\src\core\timers.o
 .bss.timeouts_last_time
                0x200071cc        0x4 WEB\lwip-1.4.1\src\core\timers.o
 .bss.arp_table
                0x200071d0       0xc8 WEB\lwip-1.4.1\src\netif\etharp.o
 .bss.etharp_cached_entry
                0x20007298        0x1 WEB\lwip-1.4.1\src\netif\etharp.o
 *(COMMON)
 *fill*         0x20007299        0x3 
 COMMON         0x2000729c        0x4 Drivers\STM32F4xx_HAL_Driver\Src\stm32f4xx_hal.o
                0x2000729c                uwTick
 COMMON         0x200072a0      0x224 LRNDIS\src\usb_device.o
                0x200072a0                hUsbDeviceFS
 COMMON         0x200074c4      0x3f0 LRNDIS\src\usbd_conf.o
                0x200074c4                hpcd_USB_FS
 COMMON         0x200078b4      0x200 LRNDIS\src\usbd_desc.o
                0x200078b4                USBD_StrDesc
 COMMON         0x20007ab4      0x694 LRNDIS\src\usbd_rndis.o
                0x20007ab4                rndis_rx_buffer
                0x200080ca                encapsulated_buffer
                0x20008144                pDev
 COMMON         0x20008148       0x38 Src\communication.o
                0x20008148                PORTC
                0x20008150                netif_data
 COMMON         0x20008180        0x8 Src\hw_config.o
                0x20008180                cpuLoad
 COMMON         0x20008188      0x204 WEB\dhcp-server\dhserver.o
                0x20008188                dhcp_data
 COMMON         0x2000838c       0x10 WEB\lwip-1.4.1\src\core\ipv4\ip.o
                0x2000838c                current_iphdr_src
                0x20008390                current_netif
                0x20008394                current_iphdr_dest
                0x20008398                current_header
 COMMON         0x2000839c     0x2724 WEB\lwip-1.4.1\src\core\mem.o
                0x2000839c                ram_heap
 COMMON         0x2000aac0        0x8 WEB\lwip-1.4.1\src\core\netif.o
                0x2000aac0                netif_list
                0x2000aac4                netif_default
 COMMON         0x2000aac8        0x1 WEB\lwip-1.4.1\src\core\pbuf.o
                0x2000aac8                pbuf_free_ooseq_pending
 *fill*         0x2000aac9        0x1 
 COMMON         0x2000aaca      0x116 WEB\lwip-1.4.1\src\core\stats.o
                0x2000aaca                lwip_stats
 COMMON         0x2000abe0       0x1c WEB\lwip-1.4.1\src\core\tcp.o
                0x2000abe0                tcp_active_pcbs_changed
                0x2000abe4                tcp_active_pcbs
                0x2000abe8                tcp_ticks
                0x2000abec                tcp_listen_pcbs
                0x2000abf0                tcp_tmp_pcb
                0x2000abf4                tcp_bound_pcbs
                0x2000abf8                tcp_tw_pcbs
 COMMON         0x2000abfc        0x4 WEB\lwip-1.4.1\src\core\tcp_in.o
                0x2000abfc                tcp_input_pcb
 COMMON         0x2000ac00        0x4 WEB\lwip-1.4.1\src\core\udp.o
                0x2000ac00                udp_pcbs
                0x2000ac04                . = ALIGN (0x4)
                0x2000ac04                _ebss = .
                0x2000ac04                __bss_end__ = _ebss

._user_heap_stack
                0x2000ac04      0x600 load address 0x08007f10
                0x2000ac04                . = ALIGN (0x4)
                0x2000ac04                PROVIDE (end, .)
                [!provide]                PROVIDE (_end, .)
                0x2000ae04                . = (. + _Min_Heap_Size)
 *fill*         0x2000ac04      0x200 
                0x2000b204                . = (. + _Min_Stack_Size)
 *fill*         0x2000ae04      0x400 
                0x2000b204                . = ALIGN (0x4)

/DISCARD/
 libc.a(*)
 libm.a(*)
 libgcc.a(*)

.ARM.attributes
                0x00000000       0x30
 *(.ARM.attributes)
 .ARM.attributes
                0x00000000       0x22 c:/program files (x86)/atollic/truestudio for arm 8.0.0/armtools/bin/../lib/gcc/arm-atollic-eabi/6.3.1/armv7e-m/fpu/crti.o
 .ARM.attributes
                0x00000022       0x34 c:/program files (x86)/atollic/truestudio for arm 8.0.0/armtools/bin/../lib/gcc/arm-atollic-eabi/6.3.1/armv7e-m/fpu/crtbegin.o
 .ARM.attributes
                0x00000056       0x39 Drivers\STM32F4xx_HAL_Driver\Src\stm32f4xx_hal.o
 .ARM.attributes
                0x0000008f       0x39 Drivers\STM32F4xx_HAL_Driver\Src\stm32f4xx_hal_cortex.o
 .ARM.attributes
                0x000000c8       0x39 Drivers\STM32F4xx_HAL_Driver\Src\stm32f4xx_hal_gpio.o
 .ARM.attributes
                0x00000101       0x39 Drivers\STM32F4xx_HAL_Driver\Src\stm32f4xx_hal_pcd.o
 .ARM.attributes
                0x0000013a       0x39 Drivers\STM32F4xx_HAL_Driver\Src\stm32f4xx_hal_pcd_ex.o
 .ARM.attributes
                0x00000173       0x39 Drivers\STM32F4xx_HAL_Driver\Src\stm32f4xx_hal_rcc.o
 .ARM.attributes
                0x000001ac       0x39 Drivers\STM32F4xx_HAL_Driver\Src\stm32f4xx_ll_usb.o
 .ARM.attributes
                0x000001e5       0x39 LRNDIS\src\usb_device.o
 .ARM.attributes
                0x0000021e       0x39 LRNDIS\src\usbd_conf.o
 .ARM.attributes
                0x00000257       0x39 LRNDIS\src\usbd_desc.o
 .ARM.attributes
                0x00000290       0x39 LRNDIS\src\usbd_rndis.o
 .ARM.attributes
                0x000002c9       0x39 Middlewares\ST\STM32_USB_Device_Library\Core\Src\usbd_core.o
 .ARM.attributes
                0x00000302       0x39 Middlewares\ST\STM32_USB_Device_Library\Core\Src\usbd_ctlreq.o
 .ARM.attributes
                0x0000033b       0x39 Middlewares\ST\STM32_USB_Device_Library\Core\Src\usbd_ioreq.o
 .ARM.attributes
                0x00000374       0x39 Src\communication.o
 .ARM.attributes
                0x000003ad       0x39 Src\hw_config.o
 .ARM.attributes
                0x000003e6       0x39 Src\main.o
 .ARM.attributes
                0x0000041f       0x39 Src\stm32f4xx_hal_msp.o
 .ARM.attributes
                0x00000458       0x39 Src\stm32f4xx_it.o
 .ARM.attributes
                0x00000491       0x39 Src\system_stm32f4xx.o
 .ARM.attributes
                0x000004ca       0x39 Src\time.o
 .ARM.attributes
                0x00000503       0x39 WEB\dhcp-server\dhserver.o
 .ARM.attributes
                0x0000053c       0x39 WEB\dns-server\dnserver.o
 .ARM.attributes
                0x00000575       0x39 WEB\lwip-1.4.1\src\core\def.o
 .ARM.attributes
                0x000005ae       0x39 WEB\lwip-1.4.1\src\core\init.o
 .ARM.attributes
                0x000005e7       0x39 WEB\lwip-1.4.1\src\core\ipv4\icmp.o
 .ARM.attributes
                0x00000620       0x39 WEB\lwip-1.4.1\src\core\ipv4\inet_chksum.o
 .ARM.attributes
                0x00000659       0x39 WEB\lwip-1.4.1\src\core\ipv4\ip.o
 .ARM.attributes
                0x00000692       0x39 WEB\lwip-1.4.1\src\core\ipv4\ip_addr.o
 .ARM.attributes
                0x000006cb       0x39 WEB\lwip-1.4.1\src\core\ipv4\ip_frag.o
 .ARM.attributes
                0x00000704       0x39 WEB\lwip-1.4.1\src\core\mem.o
 .ARM.attributes
                0x0000073d       0x39 WEB\lwip-1.4.1\src\core\memp.o
 .ARM.attributes
                0x00000776       0x39 WEB\lwip-1.4.1\src\core\netif.o
 .ARM.attributes
                0x000007af       0x39 WEB\lwip-1.4.1\src\core\pbuf.o
 .ARM.attributes
                0x000007e8       0x39 WEB\lwip-1.4.1\src\core\raw.o
 .ARM.attributes
                0x00000821       0x39 WEB\lwip-1.4.1\src\core\stats.o
 .ARM.attributes
                0x0000085a       0x39 WEB\lwip-1.4.1\src\core\tcp.o
 .ARM.attributes
                0x00000893       0x39 WEB\lwip-1.4.1\src\core\tcp_in.o
 .ARM.attributes
                0x000008cc       0x39 WEB\lwip-1.4.1\src\core\tcp_out.o
 .ARM.attributes
                0x00000905       0x39 WEB\lwip-1.4.1\src\core\timers.o
 .ARM.attributes
                0x0000093e       0x39 WEB\lwip-1.4.1\src\core\udp.o
 .ARM.attributes
                0x00000977       0x39 WEB\lwip-1.4.1\src\netif\etharp.o
 .ARM.attributes
                0x000009b0       0x21 startup\startup_stm32f411xe.o
 .ARM.attributes
                0x000009d1       0x34 c:/program files (x86)/atollic/truestudio for arm 8.0.0/armtools/bin/../lib/gcc/arm-atollic-eabi/6.3.1/../../../../arm-atollic-eabi/lib/armv7e-m/fpu\libc_nano.a(lib_a-init.o)
 .ARM.attributes
                0x00000a05       0x34 c:/program files (x86)/atollic/truestudio for arm 8.0.0/armtools/bin/../lib/gcc/arm-atollic-eabi/6.3.1/../../../../arm-atollic-eabi/lib/armv7e-m/fpu\libc_nano.a(lib_a-memcmp.o)
 .ARM.attributes
                0x00000a39       0x34 c:/program files (x86)/atollic/truestudio for arm 8.0.0/armtools/bin/../lib/gcc/arm-atollic-eabi/6.3.1/../../../../arm-atollic-eabi/lib/armv7e-m/fpu\libc_nano.a(lib_a-memcpy-stub.o)
 .ARM.attributes
                0x00000a6d       0x34 c:/program files (x86)/atollic/truestudio for arm 8.0.0/armtools/bin/../lib/gcc/arm-atollic-eabi/6.3.1/../../../../arm-atollic-eabi/lib/armv7e-m/fpu\libc_nano.a(lib_a-memset.o)
 .ARM.attributes
                0x00000aa1       0x20 c:/program files (x86)/atollic/truestudio for arm 8.0.0/armtools/bin/../lib/gcc/arm-atollic-eabi/6.3.1/../../../../arm-atollic-eabi/lib/armv7e-m/fpu\libc_nano.a(lib_a-strcmp.o)
 .ARM.attributes
                0x00000ac1       0x1b c:/program files (x86)/atollic/truestudio for arm 8.0.0/armtools/bin/../lib/gcc/arm-atollic-eabi/6.3.1/../../../../arm-atollic-eabi/lib/armv7e-m/fpu\libc_nano.a(lib_a-strlen.o)
 .ARM.attributes
                0x00000adc       0x22 c:/program files (x86)/atollic/truestudio for arm 8.0.0/armtools/bin/../lib/gcc/arm-atollic-eabi/6.3.1/armv7e-m/fpu\libgcc.a(_aeabi_ldivmod.o)
 .ARM.attributes
                0x00000afe       0x22 c:/program files (x86)/atollic/truestudio for arm 8.0.0/armtools/bin/../lib/gcc/arm-atollic-eabi/6.3.1/armv7e-m/fpu\libgcc.a(_aeabi_uldivmod.o)
 .ARM.attributes
                0x00000b20       0x34 c:/program files (x86)/atollic/truestudio for arm 8.0.0/armtools/bin/../lib/gcc/arm-atollic-eabi/6.3.1/armv7e-m/fpu\libgcc.a(_udivmoddi4.o)
 .ARM.attributes
                0x00000b54       0x22 c:/program files (x86)/atollic/truestudio for arm 8.0.0/armtools/bin/../lib/gcc/arm-atollic-eabi/6.3.1/armv7e-m/fpu\libgcc.a(_dvmd_tls.o)
 .ARM.attributes
                0x00000b76       0x22 c:/program files (x86)/atollic/truestudio for arm 8.0.0/armtools/bin/../lib/gcc/arm-atollic-eabi/6.3.1/armv7e-m/fpu/crtn.o
OUTPUT(TCC.elf elf32-littlearm)

.debug_info     0x00000000    0x345ac
 .debug_info    0x00000000     0x1094 Drivers\STM32F4xx_HAL_Driver\Src\stm32f4xx_hal.o
 .debug_info    0x00001094     0x16b4 Drivers\STM32F4xx_HAL_Driver\Src\stm32f4xx_hal_cortex.o
 .debug_info    0x00002748      0xfb0 Drivers\STM32F4xx_HAL_Driver\Src\stm32f4xx_hal_gpio.o
 .debug_info    0x000036f8     0x1c57 Drivers\STM32F4xx_HAL_Driver\Src\stm32f4xx_hal_pcd.o
 .debug_info    0x0000534f      0xdc5 Drivers\STM32F4xx_HAL_Driver\Src\stm32f4xx_hal_pcd_ex.o
 .debug_info    0x00006114     0x1266 Drivers\STM32F4xx_HAL_Driver\Src\stm32f4xx_hal_rcc.o
 .debug_info    0x0000737a     0x1f59 Drivers\STM32F4xx_HAL_Driver\Src\stm32f4xx_ll_usb.o
 .debug_info    0x000092d3      0xe3e LRNDIS\src\usb_device.o
 .debug_info    0x0000a111     0x21f4 LRNDIS\src\usbd_conf.o
 .debug_info    0x0000c305      0xd71 LRNDIS\src\usbd_desc.o
 .debug_info    0x0000d076     0x22ff LRNDIS\src\usbd_rndis.o
 .debug_info    0x0000f375     0x1466 Middlewares\ST\STM32_USB_Device_Library\Core\Src\usbd_core.o
 .debug_info    0x000107db     0x1499 Middlewares\ST\STM32_USB_Device_Library\Core\Src\usbd_ctlreq.o
 .debug_info    0x00011c74      0xfc5 Middlewares\ST\STM32_USB_Device_Library\Core\Src\usbd_ioreq.o
 .debug_info    0x00012c39     0x21c8 Src\communication.o
 .debug_info    0x00014e01     0x145e Src\hw_config.o
 .debug_info    0x0001625f      0xa42 Src\main.o
 .debug_info    0x00016ca1      0xbd1 Src\stm32f4xx_hal_msp.o
 .debug_info    0x00017872      0xd71 Src\stm32f4xx_it.o
 .debug_info    0x000185e3      0xd46 Src\system_stm32f4xx.o
 .debug_info    0x00019329     0x112b Src\time.o
 .debug_info    0x0001a454     0x16cc WEB\dhcp-server\dhserver.o
 .debug_info    0x0001bb20     0x1352 WEB\dns-server\dnserver.o
 .debug_info    0x0001ce72      0x112 WEB\lwip-1.4.1\src\core\def.o
 .debug_info    0x0001cf84      0xc9e WEB\lwip-1.4.1\src\core\init.o
 .debug_info    0x0001dc22     0x12c2 WEB\lwip-1.4.1\src\core\ipv4\icmp.o
 .debug_info    0x0001eee4      0xc8e WEB\lwip-1.4.1\src\core\ipv4\inet_chksum.o
 .debug_info    0x0001fb72     0x1a4d WEB\lwip-1.4.1\src\core\ipv4\ip.o
 .debug_info    0x000215bf      0x5cb WEB\lwip-1.4.1\src\core\ipv4\ip_addr.o
 .debug_info    0x00021b8a     0x18eb WEB\lwip-1.4.1\src\core\ipv4\ip_frag.o
 .debug_info    0x00023475      0xd94 WEB\lwip-1.4.1\src\core\mem.o
 .debug_info    0x00024209     0x15e4 WEB\lwip-1.4.1\src\core\memp.o
 .debug_info    0x000257ed     0x1045 WEB\lwip-1.4.1\src\core\netif.o
 .debug_info    0x00026832     0x1dc8 WEB\lwip-1.4.1\src\core\pbuf.o
 .debug_info    0x000285fa     0x1296 WEB\lwip-1.4.1\src\core\raw.o
 .debug_info    0x00029890      0xa88 WEB\lwip-1.4.1\src\core\stats.o
 .debug_info    0x0002a318     0x2617 WEB\lwip-1.4.1\src\core\tcp.o
 .debug_info    0x0002c92f     0x1787 WEB\lwip-1.4.1\src\core\tcp_in.o
 .debug_info    0x0002e0b6     0x242e WEB\lwip-1.4.1\src\core\tcp_out.o
 .debug_info    0x000304e4      0xe01 WEB\lwip-1.4.1\src\core\timers.o
 .debug_info    0x000312e5     0x16fb WEB\lwip-1.4.1\src\core\udp.o
 .debug_info    0x000329e0     0x1b5b WEB\lwip-1.4.1\src\netif\etharp.o
 .debug_info    0x0003453b       0x71 startup\startup_stm32f411xe.o

.debug_abbrev   0x00000000     0x7907
 .debug_abbrev  0x00000000      0x2cf Drivers\STM32F4xx_HAL_Driver\Src\stm32f4xx_hal.o
 .debug_abbrev  0x000002cf      0x399 Drivers\STM32F4xx_HAL_Driver\Src\stm32f4xx_hal_cortex.o
 .debug_abbrev  0x00000668      0x268 Drivers\STM32F4xx_HAL_Driver\Src\stm32f4xx_hal_gpio.o
 .debug_abbrev  0x000008d0      0x397 Drivers\STM32F4xx_HAL_Driver\Src\stm32f4xx_hal_pcd.o
 .debug_abbrev  0x00000c67      0x213 Drivers\STM32F4xx_HAL_Driver\Src\stm32f4xx_hal_pcd_ex.o
 .debug_abbrev  0x00000e7a      0x348 Drivers\STM32F4xx_HAL_Driver\Src\stm32f4xx_hal_rcc.o
 .debug_abbrev  0x000011c2      0x380 Drivers\STM32F4xx_HAL_Driver\Src\stm32f4xx_ll_usb.o
 .debug_abbrev  0x00001542      0x1f5 LRNDIS\src\usb_device.o
 .debug_abbrev  0x00001737      0x320 LRNDIS\src\usbd_conf.o
 .debug_abbrev  0x00001a57      0x272 LRNDIS\src\usbd_desc.o
 .debug_abbrev  0x00001cc9      0x45c LRNDIS\src\usbd_rndis.o
 .debug_abbrev  0x00002125      0x308 Middlewares\ST\STM32_USB_Device_Library\Core\Src\usbd_core.o
 .debug_abbrev  0x0000242d      0x3aa Middlewares\ST\STM32_USB_Device_Library\Core\Src\usbd_ctlreq.o
 .debug_abbrev  0x000027d7      0x1da Middlewares\ST\STM32_USB_Device_Library\Core\Src\usbd_ioreq.o
 .debug_abbrev  0x000029b1      0x324 Src\communication.o
 .debug_abbrev  0x00002cd5      0x289 Src\hw_config.o
 .debug_abbrev  0x00002f5e      0x1c8 Src\main.o
 .debug_abbrev  0x00003126      0x1d3 Src\stm32f4xx_hal_msp.o
 .debug_abbrev  0x000032f9      0x1f6 Src\stm32f4xx_it.o
 .debug_abbrev  0x000034ef      0x1ca Src\system_stm32f4xx.o
 .debug_abbrev  0x000036b9      0x33d Src\time.o
 .debug_abbrev  0x000039f6      0x3e6 WEB\dhcp-server\dhserver.o
 .debug_abbrev  0x00003ddc      0x330 WEB\dns-server\dnserver.o
 .debug_abbrev  0x0000410c       0xac WEB\lwip-1.4.1\src\core\def.o
 .debug_abbrev  0x000041b8      0x18d WEB\lwip-1.4.1\src\core\init.o
 .debug_abbrev  0x00004345      0x2f4 WEB\lwip-1.4.1\src\core\ipv4\icmp.o
 .debug_abbrev  0x00004639      0x24e WEB\lwip-1.4.1\src\core\ipv4\inet_chksum.o
 .debug_abbrev  0x00004887      0x2e8 WEB\lwip-1.4.1\src\core\ipv4\ip.o
 .debug_abbrev  0x00004b6f      0x200 WEB\lwip-1.4.1\src\core\ipv4\ip_addr.o
 .debug_abbrev  0x00004d6f      0x3ef WEB\lwip-1.4.1\src\core\ipv4\ip_frag.o
 .debug_abbrev  0x0000515e      0x2b7 WEB\lwip-1.4.1\src\core\mem.o
 .debug_abbrev  0x00005415      0x265 WEB\lwip-1.4.1\src\core\memp.o
 .debug_abbrev  0x0000567a      0x342 WEB\lwip-1.4.1\src\core\netif.o
 .debug_abbrev  0x000059bc      0x3c1 WEB\lwip-1.4.1\src\core\pbuf.o
 .debug_abbrev  0x00005d7d      0x2f4 WEB\lwip-1.4.1\src\core\raw.o
 .debug_abbrev  0x00006071      0x196 WEB\lwip-1.4.1\src\core\stats.o
 .debug_abbrev  0x00006207      0x4e4 WEB\lwip-1.4.1\src\core\tcp.o
 .debug_abbrev  0x000066eb      0x39a WEB\lwip-1.4.1\src\core\tcp_in.o
 .debug_abbrev  0x00006a85      0x433 WEB\lwip-1.4.1\src\core\tcp_out.o
 .debug_abbrev  0x00006eb8      0x25b WEB\lwip-1.4.1\src\core\timers.o
 .debug_abbrev  0x00007113      0x3fb WEB\lwip-1.4.1\src\core\udp.o
 .debug_abbrev  0x0000750e      0x3e7 WEB\lwip-1.4.1\src\netif\etharp.o
 .debug_abbrev  0x000078f5       0x12 startup\startup_stm32f411xe.o

.debug_loc      0x00000000     0xd7b1
 .debug_loc     0x00000000       0x69 Drivers\STM32F4xx_HAL_Driver\Src\stm32f4xx_hal.o
 .debug_loc     0x00000069      0x4fb Drivers\STM32F4xx_HAL_Driver\Src\stm32f4xx_hal_cortex.o
 .debug_loc     0x00000564      0x381 Drivers\STM32F4xx_HAL_Driver\Src\stm32f4xx_hal_gpio.o
 .debug_loc     0x000008e5      0xb60 Drivers\STM32F4xx_HAL_Driver\Src\stm32f4xx_hal_pcd.o
 .debug_loc     0x00001445      0x10a Drivers\STM32F4xx_HAL_Driver\Src\stm32f4xx_hal_pcd_ex.o
 .debug_loc     0x0000154f      0x2d3 Drivers\STM32F4xx_HAL_Driver\Src\stm32f4xx_hal_rcc.o
 .debug_loc     0x00001822     0x1632 Drivers\STM32F4xx_HAL_Driver\Src\stm32f4xx_ll_usb.o
 .debug_loc     0x00002e54      0x6b0 LRNDIS\src\usbd_conf.o
 .debug_loc     0x00003504      0x273 LRNDIS\src\usbd_desc.o
 .debug_loc     0x00003777      0x607 LRNDIS\src\usbd_rndis.o
 .debug_loc     0x00003d7e      0x5f2 Middlewares\ST\STM32_USB_Device_Library\Core\Src\usbd_core.o
 .debug_loc     0x00004370      0x7cd Middlewares\ST\STM32_USB_Device_Library\Core\Src\usbd_ctlreq.o
 .debug_loc     0x00004b3d      0x23c Middlewares\ST\STM32_USB_Device_Library\Core\Src\usbd_ioreq.o
 .debug_loc     0x00004d79      0x380 Src\communication.o
 .debug_loc     0x000050f9      0x11c Src\system_stm32f4xx.o
 .debug_loc     0x00005215      0x13f Src\time.o
 .debug_loc     0x00005354      0x565 WEB\dhcp-server\dhserver.o
 .debug_loc     0x000058b9      0x2ea WEB\dns-server\dnserver.o
 .debug_loc     0x00005ba3       0x63 WEB\lwip-1.4.1\src\core\def.o
 .debug_loc     0x00005c06      0x2ce WEB\lwip-1.4.1\src\core\ipv4\icmp.o
 .debug_loc     0x00005ed4      0x625 WEB\lwip-1.4.1\src\core\ipv4\inet_chksum.o
 .debug_loc     0x000064f9      0x47a WEB\lwip-1.4.1\src\core\ipv4\ip.o
 .debug_loc     0x00006973      0x4ed WEB\lwip-1.4.1\src\core\ipv4\ip_addr.o
 .debug_loc     0x00006e60      0xa80 WEB\lwip-1.4.1\src\core\ipv4\ip_frag.o
 .debug_loc     0x000078e0      0x31d WEB\lwip-1.4.1\src\core\mem.o
 .debug_loc     0x00007bfd       0xca WEB\lwip-1.4.1\src\core\memp.o
 .debug_loc     0x00007cc7      0x419 WEB\lwip-1.4.1\src\core\netif.o
 .debug_loc     0x000080e0      0xe8b WEB\lwip-1.4.1\src\core\pbuf.o
 .debug_loc     0x00008f6b      0x3a1 WEB\lwip-1.4.1\src\core\raw.o
 .debug_loc     0x0000930c     0x109d WEB\lwip-1.4.1\src\core\tcp.o
 .debug_loc     0x0000a3a9      0x851 WEB\lwip-1.4.1\src\core\tcp_in.o
 .debug_loc     0x0000abfa     0x1359 WEB\lwip-1.4.1\src\core\tcp_out.o
 .debug_loc     0x0000bf53      0x252 WEB\lwip-1.4.1\src\core\timers.o
 .debug_loc     0x0000c1a5      0x770 WEB\lwip-1.4.1\src\core\udp.o
 .debug_loc     0x0000c915      0xe9c WEB\lwip-1.4.1\src\netif\etharp.o

.debug_aranges  0x00000000     0x1188
 .debug_aranges
                0x00000000       0xc0 Drivers\STM32F4xx_HAL_Driver\Src\stm32f4xx_hal.o
 .debug_aranges
                0x000000c0       0xa8 Drivers\STM32F4xx_HAL_Driver\Src\stm32f4xx_hal_cortex.o
 .debug_aranges
                0x00000168       0x58 Drivers\STM32F4xx_HAL_Driver\Src\stm32f4xx_hal_gpio.o
 .debug_aranges
                0x000001c0       0xc0 Drivers\STM32F4xx_HAL_Driver\Src\stm32f4xx_hal_pcd.o
 .debug_aranges
                0x00000280       0x28 Drivers\STM32F4xx_HAL_Driver\Src\stm32f4xx_hal_pcd_ex.o
 .debug_aranges
                0x000002a8       0x88 Drivers\STM32F4xx_HAL_Driver\Src\stm32f4xx_hal_rcc.o
 .debug_aranges
                0x00000330      0x178 Drivers\STM32F4xx_HAL_Driver\Src\stm32f4xx_ll_usb.o
 .debug_aranges
                0x000004a8       0x20 LRNDIS\src\usb_device.o
 .debug_aranges
                0x000004c8      0x110 LRNDIS\src\usbd_conf.o
 .debug_aranges
                0x000005d8       0x50 LRNDIS\src\usbd_desc.o
 .debug_aranges
                0x00000628       0xd8 LRNDIS\src\usbd_rndis.o
 .debug_aranges
                0x00000700       0xa8 Middlewares\ST\STM32_USB_Device_Library\Core\Src\usbd_core.o
 .debug_aranges
                0x000007a8       0x50 Middlewares\ST\STM32_USB_Device_Library\Core\Src\usbd_ctlreq.o
 .debug_aranges
                0x000007f8       0x50 Middlewares\ST\STM32_USB_Device_Library\Core\Src\usbd_ioreq.o
 .debug_aranges
                0x00000848       0x80 Src\communication.o
 .debug_aranges
                0x000008c8       0x48 Src\hw_config.o
 .debug_aranges
                0x00000910       0x28 Src\main.o
 .debug_aranges
                0x00000938       0x20 Src\stm32f4xx_hal_msp.o
 .debug_aranges
                0x00000958       0x28 Src\stm32f4xx_it.o
 .debug_aranges
                0x00000980       0x28 Src\system_stm32f4xx.o
 .debug_aranges
                0x000009a8       0x50 Src\time.o
 .debug_aranges
                0x000009f8       0x48 WEB\dhcp-server\dhserver.o
 .debug_aranges
                0x00000a40       0x30 WEB\dns-server\dnserver.o
 .debug_aranges
                0x00000a70       0x30 WEB\lwip-1.4.1\src\core\def.o
 .debug_aranges
                0x00000aa0       0x20 WEB\lwip-1.4.1\src\core\init.o
 .debug_aranges
                0x00000ac0       0x38 WEB\lwip-1.4.1\src\core\ipv4\icmp.o
 .debug_aranges
                0x00000af8       0x40 WEB\lwip-1.4.1\src\core\ipv4\inet_chksum.o
 .debug_aranges
                0x00000b38       0x38 WEB\lwip-1.4.1\src\core\ipv4\ip.o
 .debug_aranges
                0x00000b70       0x48 WEB\lwip-1.4.1\src\core\ipv4\ip_addr.o
 .debug_aranges
                0x00000bb8       0x48 WEB\lwip-1.4.1\src\core\ipv4\ip_frag.o
 .debug_aranges
                0x00000c00       0x40 WEB\lwip-1.4.1\src\core\mem.o
 .debug_aranges
                0x00000c40       0x30 WEB\lwip-1.4.1\src\core\memp.o
 .debug_aranges
                0x00000c70       0x80 WEB\lwip-1.4.1\src\core\netif.o
 .debug_aranges
                0x00000cf0       0xb0 WEB\lwip-1.4.1\src\core\pbuf.o
 .debug_aranges
                0x00000da0       0x58 WEB\lwip-1.4.1\src\core\raw.o
 .debug_aranges
                0x00000df8       0x20 WEB\lwip-1.4.1\src\core\stats.o
 .debug_aranges
                0x00000e18      0x130 WEB\lwip-1.4.1\src\core\tcp.o
 .debug_aranges
                0x00000f48       0x38 WEB\lwip-1.4.1\src\core\tcp_in.o
 .debug_aranges
                0x00000f80       0x88 WEB\lwip-1.4.1\src\core\tcp_out.o
 .debug_aranges
                0x00001008       0x60 WEB\lwip-1.4.1\src\core\timers.o
 .debug_aranges
                0x00001068       0x70 WEB\lwip-1.4.1\src\core\udp.o
 .debug_aranges
                0x000010d8       0x88 WEB\lwip-1.4.1\src\netif\etharp.o
 .debug_aranges
                0x00001160       0x28 startup\startup_stm32f411xe.o

.debug_ranges   0x00000000     0x15a0
 .debug_ranges  0x00000000       0xb0 Drivers\STM32F4xx_HAL_Driver\Src\stm32f4xx_hal.o
 .debug_ranges  0x000000b0      0x138 Drivers\STM32F4xx_HAL_Driver\Src\stm32f4xx_hal_cortex.o
 .debug_ranges  0x000001e8       0x68 Drivers\STM32F4xx_HAL_Driver\Src\stm32f4xx_hal_gpio.o
 .debug_ranges  0x00000250       0xc8 Drivers\STM32F4xx_HAL_Driver\Src\stm32f4xx_hal_pcd.o
 .debug_ranges  0x00000318       0x18 Drivers\STM32F4xx_HAL_Driver\Src\stm32f4xx_hal_pcd_ex.o
 .debug_ranges  0x00000330       0xc8 Drivers\STM32F4xx_HAL_Driver\Src\stm32f4xx_hal_rcc.o
 .debug_ranges  0x000003f8      0x180 Drivers\STM32F4xx_HAL_Driver\Src\stm32f4xx_ll_usb.o
 .debug_ranges  0x00000578       0x10 LRNDIS\src\usb_device.o
 .debug_ranges  0x00000588      0x118 LRNDIS\src\usbd_conf.o
 .debug_ranges  0x000006a0       0x40 LRNDIS\src\usbd_desc.o
 .debug_ranges  0x000006e0       0xe0 LRNDIS\src\usbd_rndis.o