smtp.c:1020:1:smtp_prepare_mail	8	static
smtp.c:662:1:smtp_free	32	static
smtp.c:677:1:smtp_close	24	static
smtp.c:693:1:smtp_tcp_err	0	static
smtp.c:801:1:smtp_base64_encode.isra.0	36	static
smtp.c:743:1:smtp_tcp_connected	16	static
smtp.c:1093:1:smtp_send_body	16	static
smtp.c:1136:1:smtp_process	56	static
smtp.c:718:1:smtp_tcp_sent	8	static
smtp.c:704:1:smtp_tcp_poll	8	static
smtp.c:729:1:smtp_tcp_recv	24	static
smtp.c:626:1:smtp_verify.constprop	0	static
smtp.c:401:1:smtp_send_mail_alloced	32	static
smtp.c:333:1:smtp_set_server_addr	8	static
smtp.c:350:1:smtp_set_server_port	0	static
smtp.c:361:1:smtp_set_auth	32	static
smtp.c:499:1:smtp_send_mail	56	static
smtp.c:549:1:smtp_send_mail_static	32	static
smtp.c:601:1:smtp_send_mail_int	24	static
