cparser.c:76:13:query_data	8	static
cparser.c:31:6:parser_init	0	static
cparser.c:44:6:parser_init_s	0	static
cparser.c:57:6:parser_provide_space	16	static
cparser.c:70:6:parser_is_next	16	static
cparser.c:99:6:parser_curr	8	static
cparser.c:106:6:parser_eof	8	static
cparser.c:113:5:parser_read	32	static
cparser.c:135:5:parser_read_before2	32	static
cparser.c:157:5:parser_read_digits	32	static
cparser.c:184:5:parser_read_value	40	static
cparser.c:309:5:parser_read_string	48	static
cparser.c:424:5:parser_skip	24	static
cparser.c:441:5:parser_skip_n	24	static
cparser.c:454:6:parser_skip_char	16	static
cparser.c:463:6:parser_skip_ws	16	static
cparser.c:477:6:parser_skip_ws_in_line	16	static
cparser.c:492:6:parser_skip_line	16	static
cparser.c:508:6:parser_skip_before	16	static
